Archive member included to satisfy reference by file (symbol)

build/cooja/mtype813.a(simEnvChange.o)
                              build/cooja/mtype813.o (simDontFallAsleep)
build/cooja/mtype813.a(cooja_mt.o)
                              build/cooja/mtype813.o (cooja_mt_start)
build/cooja/mtype813.a(cooja_mtarch.o)
                              build/cooja/mtype813.a(cooja_mt.o) (cooja_mtarch_start)
build/cooja/mtype813.a(rtimer-arch.o)
                              build/cooja/mtype813.o (rtimer_arch_check)
build/cooja/mtype813.a(beep.o)
                              build/cooja/mtype813.o (beep_interface)
build/cooja/mtype813.a(leds-arch.o)
                              build/cooja/mtype813.o (leds_interface)
build/cooja/mtype813.a(moteid.o)
                              build/cooja/mtype813.o (moteid_interface)
build/cooja/mtype813.a(pir-sensor.o)
                              build/cooja/mtype813.o (pir_interface)
build/cooja/mtype813.a(rs232.o)
                              build/cooja/mtype813.o (rs232_interface)
build/cooja/mtype813.a(vib-sensor.o)
                              build/cooja/mtype813.o (vib_interface)
build/cooja/mtype813.a(clock.o)
                              build/cooja/mtype813.o (clock_interface)
build/cooja/mtype813.a(cooja-log.o)
                              build/cooja/mtype813.o (simlog_interface)
build/cooja/mtype813.a(cfs-cooja.o)
                              build/cooja/mtype813.o (cfs_interface)
build/cooja/mtype813.a(cooja-radio.o)
                              build/cooja/mtype813.o (radio_interface)
build/cooja/mtype813.a(eeprom.o)
                              build/cooja/mtype813.o (eeprom_interface)
build/cooja/mtype813.a(random.o)
                              build/cooja/mtype813.a(moteid.o) (random_init)
build/cooja/mtype813.a(sensors.o)
                              build/cooja/mtype813.a(pir-sensor.o) (sensors_changed)
build/cooja/mtype813.a(leds.o)
                              build/cooja/mtype813.a(leds-arch.o) (leds_get)
build/cooja/mtype813.a(gpio-hal-arch.o)
                              build/cooja/mtype813.a(leds-arch.o) (gpio_hal_arch_register_pin_callback)
build/cooja/mtype813.a(buttons.o)
                              build/cooja/mtype813.o (button_interface)
build/cooja/mtype813.a(contiki-main.o)
                              build/cooja/mtype813.o (main)
build/cooja/mtype813.a(autostart.o)
                              build/cooja/mtype813.a(contiki-main.o) (autostart_start)
build/cooja/mtype813.a(ctimer.o)
                              build/cooja/mtype813.a(contiki-main.o) (ctimer_init)
build/cooja/mtype813.a(log.o)
                              build/cooja/mtype813.a(contiki-main.o) (curr_log_level_main)
build/cooja/mtype813.a(energest.o)
                              build/cooja/mtype813.a(contiki-main.o) (energest_init)
build/cooja/mtype813.a(etimer.o)
                              build/cooja/mtype813.a(contiki-main.o) (etimer_process)
build/cooja/mtype813.a(node-id.o)
                              build/cooja/mtype813.a(contiki-main.o) (node_id)
build/cooja/mtype813.a(rtimer.o)
                              build/cooja/mtype813.a(contiki-main.o) (rtimer_init)
build/cooja/mtype813.a(process.o)
                              build/cooja/mtype813.a(ctimer.o) (process_current)
build/cooja/mtype813.a(timer.o)
                              build/cooja/mtype813.a(etimer.o) (timer_set)
build/cooja/mtype813.a(list.o)
                              build/cooja/mtype813.a(ctimer.o) (list_init)
build/cooja/mtype813.a(button-hal.o)
                              build/cooja/mtype813.o (button_hal_init)
build/cooja/mtype813.a(serial-line.o)
                              build/cooja/mtype813.a(rs232.o) (serial_line_input_byte)
build/cooja/mtype813.a(gpio-hal.o)
                              build/cooja/mtype813.a(button-hal.o) (gpio_hal_register_handler)
build/cooja/mtype813.a(queuebuf.o)
                              build/cooja/mtype813.a(contiki-main.o) (queuebuf_init)
build/cooja/mtype813.a(packetbuf.o)
                              build/cooja/mtype813.a(cooja-radio.o) (packetbuf_clear)
build/cooja/mtype813.a(netstack.o)
                              build/cooja/mtype813.a(contiki-main.o) (netstack_init)
build/cooja/mtype813.a(linkaddr.o)
                              build/cooja/mtype813.a(contiki-main.o) (linkaddr_node_addr)
build/cooja/mtype813.a(csma.o)
                              build/cooja/mtype813.a(cooja-radio.o) (csma_driver)
build/cooja/mtype813.a(csma-output.o)
                              build/cooja/mtype813.a(csma.o) (csma_output_packet)
build/cooja/mtype813.a(uip-ds6.o)
                              build/cooja/mtype813.a(contiki-main.o) (uip_ds6_get_link_local)
build/cooja/mtype813.a(uip-ds6-route.o)
                              build/cooja/mtype813.a(uip-ds6.o) (uip_ds6_route_init)
build/cooja/mtype813.a(uip-ds6-nbr.o)
                              build/cooja/mtype813.a(uip-ds6.o) (uip_ds6_neighbors_init)
[...]
Memory Configuration

Name             Origin             Length             Attributes
*default*        0x0000000000000000 0xffffffffffffffff

Linker script and memory map

LOAD /usr/lib/gcc/i686-linux-gnu/7/../../../i386-linux-gnu/crti.o
LOAD /usr/lib/gcc/i686-linux-gnu/7/crtbeginS.o
LOAD timers_demo.o
LOAD build/cooja/mtype813.o
LOAD build/cooja/mtype813.a
LOAD /usr/lib/gcc/i686-linux-gnu/7/libgcc.a
LOAD /usr/lib/gcc/i686-linux-gnu/7/libgcc_s.so
START GROUP
LOAD /usr/lib/gcc/i686-linux-gnu/7/libgcc_s.so.1
LOAD /usr/lib/gcc/i686-linux-gnu/7/libgcc.a
END GROUP
LOAD /usr/lib/gcc/i686-linux-gnu/7/../../../i386-linux-gnu/libc.so
START GROUP
LOAD /lib/i386-linux-gnu/libc.so.6
LOAD /usr/lib/i386-linux-gnu/libc_nonshared.a
LOAD /lib/i386-linux-gnu/ld-linux.so.2
END GROUP
LOAD /usr/lib/gcc/i686-linux-gnu/7/libgcc.a
LOAD /usr/lib/gcc/i686-linux-gnu/7/libgcc_s.so
START GROUP
LOAD /usr/lib/gcc/i686-linux-gnu/7/libgcc_s.so.1
LOAD /usr/lib/gcc/i686-linux-gnu/7/libgcc.a
END GROUP
LOAD /usr/lib/gcc/i686-linux-gnu/7/crtendS.o
LOAD /usr/lib/gcc/i686-linux-gnu/7/../../../i386-linux-gnu/crtn.o
                0x0000000000000114                . = (SEGMENT_START ("text-segment", 0x0) + SIZEOF_HEADERS)

.note.gnu.build-id
                0x0000000000000114       0x24
 *(.note.gnu.build-id)
 .note.gnu.build-id
                0x0000000000000114       0x24 /usr/lib/gcc/i686-linux-gnu/7/../../../i386-linux-gnu/crti.o

.hash
 *(.hash)

.gnu.hash       0x0000000000000138     0x1418
 *(.gnu.hash)
 .gnu.hash      0x0000000000000138     0x1418 /usr/lib/gcc/i686-linux-gnu/7/../../../i386-linux-gnu/crti.o

.dynsym         0x0000000000001550     0x28a0
 *(.dynsym)
 .dynsym        0x0000000000001550     0x28a0 /usr/lib/gcc/i686-linux-gnu/7/../../../i386-linux-gnu/crti.o

.dynstr         0x0000000000003df0     0x2e22
 *(.dynstr)
 .dynstr        0x0000000000003df0     0x2e22 /usr/lib/gcc/i686-linux-gnu/7/../../../i386-linux-gnu/crti.o

.gnu.version    0x0000000000006c12      0x514
 *(.gnu.version)
 .gnu.version   0x0000000000006c12      0x514 /usr/lib/gcc/i686-linux-gnu/7/../../../i386-linux-gnu/crti.o

.gnu.version_d  0x0000000000007128        0x0
 *(.gnu.version_d)
 .gnu.version_d
                0x0000000000007128        0x0 /usr/lib/gcc/i686-linux-gnu/7/../../../i386-linux-gnu/crti.o

.gnu.version_r  0x0000000000007128       0x40
 *(.gnu.version_r)
 .gnu.version_r
                0x0000000000007128       0x40 /usr/lib/gcc/i686-linux-gnu/7/../../../i386-linux-gnu/crti.o

.rel.dyn        0x0000000000007168      0xd88
 *(.rel.init)
 .rel.init      0x0000000000007168        0x0 /usr/lib/gcc/i686-linux-gnu/7/../../../i386-linux-gnu/crti.o
 *(.rel.text .rel.text.* .rel.gnu.linkonce.t.*)
 .rel.text      0x0000000000007168      0x4d8 /usr/lib/gcc/i686-linux-gnu/7/../../../i386-linux-gnu/crti.o
 *(.rel.fini)
 .rel.fini      0x0000000000007640        0x0 /usr/lib/gcc/i686-linux-gnu/7/../../../i386-linux-gnu/crti.o
 *(.rel.rodata .rel.rodata.* .rel.gnu.linkonce.r.*)
 *(.rel.data.rel.ro .rel.data.rel.ro.* .rel.gnu.linkonce.d.rel.ro.*)
 .rel.data.rel.ro.local
                0x0000000000007640      0x208 /usr/lib/gcc/i686-linux-gnu/7/../../../i386-linux-gnu/crti.o
 .rel.data.rel.ro
                0x0000000000007848       0xb0 /usr/lib/gcc/i686-linux-gnu/7/../../../i386-linux-gnu/crti.o
 *(.rel.data .rel.data.* .rel.gnu.linkonce.d.*)
 .rel.data.rel.local
                0x00000000000078f8      0x2e0 /usr/lib/gcc/i686-linux-gnu/7/../../../i386-linux-gnu/crti.o
 .rel.data.rel  0x0000000000007bd8       0x78 /usr/lib/gcc/i686-linux-gnu/7/../../../i386-linux-gnu/crti.o
 *(.rel.tdata .rel.tdata.* .rel.gnu.linkonce.td.*)
 *(.rel.tbss .rel.tbss.* .rel.gnu.linkonce.tb.*)
 *(.rel.ctors)
 *(.rel.dtors)
 *(.rel.got)
 .rel.got       0x0000000000007c50      0x290 /usr/lib/gcc/i686-linux-gnu/7/../../../i386-linux-gnu/crti.o
 *(.rel.bss .rel.bss.* .rel.gnu.linkonce.b.*)
 *(.rel.ifunc)
 .rel.ifunc     0x0000000000007ee0        0x0 /usr/lib/gcc/i686-linux-gnu/7/../../../i386-linux-gnu/crti.o
 .rel.fini_array
                0x0000000000007ee0        0x8 /usr/lib/gcc/i686-linux-gnu/7/../../../i386-linux-gnu/crti.o
 .rel.init_array
                0x0000000000007ee8        0x8 /usr/lib/gcc/i686-linux-gnu/7/../../../i386-linux-gnu/crti.o

.rel.plt        0x0000000000007ef0      0x920
 *(.rel.plt)
 .rel.plt       0x0000000000007ef0      0x920 /usr/lib/gcc/i686-linux-gnu/7/../../../i386-linux-gnu/crti.o
 *(.rel.iplt)

.init           0x0000000000008810       0x23
 *(SORT_NONE(.init))
 .init          0x0000000000008810       0x1e /usr/lib/gcc/i686-linux-gnu/7/../../../i386-linux-gnu/crti.o
                0x0000000000008810                _init
 .init          0x000000000000882e        0x5 /usr/lib/gcc/i686-linux-gnu/7/../../../i386-linux-gnu/crtn.o

.plt            0x0000000000008840     0x1250
 *(.plt)
 .plt           0x0000000000008840     0x1250 /usr/lib/gcc/i686-linux-gnu/7/../../../i386-linux-gnu/crti.o
 *(.iplt)

.plt.got        0x0000000000009a90       0x18
 *(.plt.got)
 .plt.got       0x0000000000009a90       0x18 /usr/lib/gcc/i686-linux-gnu/7/../../../i386-linux-gnu/crti.o

.plt.sec
 *(.plt.sec)

.text           0x0000000000009ab0    0x175e4
 *(.text.unlikely .text.*_unlikely .text.unlikely.*)
 *(.text.exit .text.exit.*)
 *(.text.startup .text.startup.*)
 *(.text.hot .text.hot.*)
 *(.text .stub .text.* .gnu.linkonce.t.*)
 .text          0x0000000000009ab0        0x0 /usr/lib/gcc/i686-linux-gnu/7/../../../i386-linux-gnu/crti.o
 .gnu.linkonce.t.__x86.get_pc_thunk.bx
                0x0000000000009ab0        0x4 /usr/lib/gcc/i686-linux-gnu/7/../../../i386-linux-gnu/crti.o
                0x0000000000009ab0                __x86.get_pc_thunk.bx
 *fill*         0x0000000000009ab4        0xc 
 .text          0x0000000000009ac0       0xe9 /usr/lib/gcc/i686-linux-gnu/7/crtbeginS.o
 .text.__x86.get_pc_thunk.dx
                0x0000000000009ba9        0x4 /usr/lib/gcc/i686-linux-gnu/7/crtbeginS.o
                0x0000000000009ba9                __x86.get_pc_thunk.dx
 .text          0x0000000000009bad       0xb2 timers_demo.o
 .text          0x0000000000009c5f      0x36b build/cooja/mtype813.o
                0x0000000000009d11                platform_init_stage_one
                0x0000000000009d34                platform_init_stage_two
                0x0000000000009d57                platform_init_stage_three
                0x0000000000009d7a                platform_main_loop
                0x0000000000009e20                Java_org_contikios_cooja_corecomm_Lib2_init
                0x0000000000009e6e                Java_org_contikios_cooja_corecomm_Lib2_getMemory
                0x0000000000009eae                Java_org_contikios_cooja_corecomm_Lib2_setMemory
                0x0000000000009f1f                Java_org_contikios_cooja_corecomm_Lib2_tick
                0x0000000000009fa9                Java_org_contikios_cooja_corecomm_Lib2_setReferenceAddress
 .text.__x86.get_pc_thunk.ax
                0x0000000000009fca        0x4 build/cooja/mtype813.o
                0x0000000000009fca                __x86.get_pc_thunk.ax
 .text          0x0000000000009fce       0x8d build/cooja/mtype813.a(simEnvChange.o)
                0x0000000000009fce                doActionsBeforeTick
                0x000000000000a014                doActionsAfterTick
 .text          0x000000000000a05b       0xb6 build/cooja/mtype813.a(cooja_mt.o)
                0x000000000000a05b                cooja_mt_start
                0x000000000000a095                cooja_mt_exec
                0x000000000000a0dc                cooja_mt_yield
 .text          0x000000000000a111       0xf2 build/cooja/mtype813.a(cooja_mtarch.o)
                0x000000000000a111                cooja_mtarch_start
                0x000000000000a195                cooja_sw
                0x000000000000a1c3                cooja_mtarch_exec
                0x000000000000a1ee                cooja_mtarch_yield
 .text          0x000000000000a203      0x127 build/cooja/mtype813.a(rtimer-arch.o)
                0x000000000000a203                rtimer_arch_init
                0x000000000000a232                rtimer_arch_schedule
                0x000000000000a274                rtimer_arch_next
                0x000000000000a28e                rtimer_arch_pending
                0x000000000000a2a5                rtimer_arch_check
                0x000000000000a310                rtimer_arch_now
 .text.__x86.get_pc_thunk.cx
                0x000000000000a32a        0x4 build/cooja/mtype813.a(rtimer-arch.o)
                0x000000000000a32a                __x86.get_pc_thunk.cx
 .text          0x000000000000a32e      0x101 build/cooja/mtype813.a(beep.o)
                0x000000000000a32e                beep_alarm
                0x000000000000a347                beep_beep
                0x000000000000a360                beep
                0x000000000000a379                beep_down
                0x000000000000a392                beep_on
                0x000000000000a3ab                beep_off
                0x000000000000a3c4                beep_spinup
                0x000000000000a3dd                beep_quick
                0x000000000000a3f6                beep_long
 .text          0x000000000000a42f       0x9f build/cooja/mtype813.a(leds-arch.o)
                0x000000000000a453                leds_arch_init
 .text          0x000000000000a4ce       0x56 build/cooja/mtype813.a(moteid.o)
 .text          0x000000000000a524      0x101 build/cooja/mtype813.a(pir-sensor.o)
 .text          0x000000000000a625      0x1cc build/cooja/mtype813.a(rs232.o)
                0x000000000000a625                rs232_init
                0x000000000000a635                rs232_set_speed
                0x000000000000a64e                rs232_set_input
                0x000000000000a667                rs232_send
                0x000000000000a69d                rs232_print
                0x000000000000a6cb                slip_arch_writeb
 .text          0x000000000000a7f1      0x101 build/cooja/mtype813.a(vib-sensor.o)
 .text          0x000000000000a8f2       0x7a build/cooja/mtype813.a(clock.o)
                0x000000000000a8f2                clock_init
                0x000000000000a902                clock_time
                0x000000000000a919                clock_seconds
                0x000000000000a93c                clock_delay
 .text          0x000000000000a96c      0x2b5 build/cooja/mtype813.a(cooja-log.o)
                0x000000000000a96c                simlog_char
                0x000000000000a9d0                simlog
                0x000000000000aa6a                log_message
                0x000000000000aab9                log_set_putchar_with_slip
                0x000000000000aad2                log_putchar
                0x000000000000ab5d                log_puts
                0x000000000000ab8f                log_printf
 .text          0x000000000000ac21      0x36c build/cooja/mtype813.a(cfs-cooja.o)
                0x000000000000ac21                cfs_open
                0x000000000000ac99                cfs_close
                0x000000000000acb0                cfs_read
                0x000000000000ad64                cfs_write
                0x000000000000ae62                cfs_seek
                0x000000000000aeff                cfs_remove
                0x000000000000af35                cfs_opendir
                0x000000000000af49                cfs_readdir
                0x000000000000af5d                cfs_closedir
 .text          0x000000000000af8d      0x785 build/cooja/mtype813.a(cooja-radio.o)
                0x000000000000affb                radio_set_channel
                0x000000000000b014                radio_set_txpower
                0x000000000000b037                radio_signal_strength_last
                0x000000000000b04c                radio_signal_strength_current
                0x000000000000b061                radio_LQI
 .text          0x000000000000b712      0x130 build/cooja/mtype813.a(eeprom.o)
                0x000000000000b712                eeprom_init
                0x000000000000b722                eeprom_read
                0x000000000000b7a2                eeprom_write
 .text          0x000000000000b842       0x4e build/cooja/mtype813.a(random.o)
                0x000000000000b842                random_init
                0x000000000000b872                random_rand
 .text          0x000000000000b890      0x332 build/cooja/mtype813.a(sensors.o)
                0x000000000000b8d7                sensors_first
                0x000000000000b8ee                sensors_next
                0x000000000000b919                sensors_changed
                0x000000000000b966                sensors_find
 .text          0x000000000000bbc2      0x3fc build/cooja/mtype813.a(leds.o)
                0x000000000000bbc2                leds_init
                0x000000000000bc1a                leds_single_on
                0x000000000000bc92                leds_single_off
                0x000000000000bd0a                leds_single_toggle
                0x000000000000bd4e                leds_on
                0x000000000000bde6                leds_off
                0x000000000000be7e                leds_toggle
                0x000000000000bee4                leds_set
                0x000000000000bf1a                leds_get
 .text          0x000000000000bfbe      0x401 build/cooja/mtype813.a(gpio-hal-arch.o)
                0x000000000000bfbe                gpio_hal_arch_register_pin_callback
                0x000000000000c03f                gpio_hal_arch_init
                0x000000000000c099                gpio_hal_arch_no_port_interrupt_enable
                0x000000000000c0d3                gpio_hal_arch_no_port_interrupt_disable
                0x000000000000c10d                gpio_hal_arch_no_port_pin_cfg_set
                0x000000000000c13c                gpio_hal_arch_no_port_pin_cfg_get
                0x000000000000c16c                gpio_hal_arch_no_port_pin_set_input
                0x000000000000c188                gpio_hal_arch_no_port_pin_set_output
                0x000000000000c1a4                gpio_hal_arch_no_port_set_pin
                0x000000000000c1cf                gpio_hal_arch_no_port_clear_pin
                0x000000000000c1fa                gpio_hal_arch_no_port_read_pin
                0x000000000000c22c                gpio_hal_arch_no_port_write_pin
                0x000000000000c260                gpio_hal_arch_no_port_set_pins
                0x000000000000c2b1                gpio_hal_arch_no_port_clear_pins
                0x000000000000c302                gpio_hal_arch_no_port_read_pins
                0x000000000000c355                gpio_hal_arch_no_port_write_pins
 .text          0x000000000000c3bf       0xc6 build/cooja/mtype813.a(buttons.o)
 .text          0x000000000000c485      0x3c1 build/cooja/mtype813.a(contiki-main.o)
                0x000000000000c485                main
 .text          0x000000000000c846       0xb0 build/cooja/mtype813.a(autostart.o)
                0x000000000000c846                autostart_start
                0x000000000000c89f                autostart_exit
 .text          0x000000000000c8f6      0x400 build/cooja/mtype813.a(ctimer.o)
                0x000000000000ca39                ctimer_init
                0x000000000000ca7e                ctimer_set
                0x000000000000cab1                ctimer_set_with_process
                0x000000000000cb48                ctimer_reset
                0x000000000000cbb6                ctimer_restart
                0x000000000000cc24                ctimer_stop
                0x000000000000cc84                ctimer_expired
 .text          0x000000000000ccf6      0x4a3 build/cooja/mtype813.a(log.o)
                0x000000000000ccf6                log_6addr
                0x000000000000cd5a                log_6addr_compact_snprint
                0x000000000000ce1a                log_6addr_compact
                0x000000000000ce7e                log_lladdr
                0x000000000000cf05                log_lladdr_compact
                0x000000000000cf82                log_bytes
                0x000000000000cfd6                log_set_level
                0x000000000000d0b4                log_get_level
                0x000000000000d145                log_level_to_str
 .text          0x000000000000d199       0x39 build/cooja/mtype813.a(energest.o)
                0x000000000000d199                energest_init
                0x000000000000d1a9                energest_flush
                0x000000000000d1b9                energest_get_total_time
 .text          0x000000000000d1d2      0x527 build/cooja/mtype813.a(etimer.o)
                0x000000000000d427                etimer_request_poll
                0x000000000000d4d8                etimer_set
                0x000000000000d511                etimer_reset_with_new_interval
                0x000000000000d550                etimer_reset
                0x000000000000d586                etimer_restart
                0x000000000000d5bc                etimer_adjust
                0x000000000000d5e3                etimer_expired
                0x000000000000d600                etimer_expiration_time
                0x000000000000d61c                etimer_start_time
                0x000000000000d630                etimer_pending
                0x000000000000d64d                etimer_next_expiration_time
                0x000000000000d675                etimer_stop
 .text          0x000000000000d6f9       0x36 build/cooja/mtype813.a(node-id.o)
                0x000000000000d6f9                node_id_init
 .text          0x000000000000d72f      0x122 build/cooja/mtype813.a(rtimer.o)
                0x000000000000d72f                rtimer_init
                0x000000000000d74e                rtimer_set
                0x000000000000d7dc                rtimer_run_next
 .text          0x000000000000d851      0x5cb build/cooja/mtype813.a(process.o)
                0x000000000000d851                process_alloc_event
                0x000000000000d872                process_start
                0x000000000000da77                process_exit
                0x000000000000da9f                process_init
                0x000000000000dc67                process_run
                0x000000000000dcaa                process_nevents
                0x000000000000dccf                process_post
                0x000000000000dd7c                process_post_synch
                0x000000000000ddc2                process_poll
                0x000000000000ddfe                process_is_running
 .text.__x86.get_pc_thunk.si
                0x000000000000de1c        0x4 build/cooja/mtype813.a(process.o)
                0x000000000000de1c                __x86.get_pc_thunk.si
 .text          0x000000000000de20       0xf6 build/cooja/mtype813.a(timer.o)
                0x000000000000de20                timer_set
                0x000000000000de4f                timer_reset
                0x000000000000de86                timer_restart
                0x000000000000deac                timer_expired
                0x000000000000deea                timer_remaining
 .text          0x000000000000df16      0x311 build/cooja/mtype813.a(list.o)
                0x000000000000df16                list_init
                0x000000000000df2f                list_head
                0x000000000000df43                list_copy
                0x000000000000df5d                list_tail
                0x000000000000df9d                list_add
                0x000000000000dff3                list_push
                0x000000000000e029                list_chop
                0x000000000000e09d                list_pop
                0x000000000000e0cf                list_remove
                0x000000000000e141                list_length
                0x000000000000e179                list_insert
                0x000000000000e1c8                list_item_next
                0x000000000000e1e9                list_contains
 .text          0x000000000000e227      0x566 build/cooja/mtype813.a(button-hal.o)
                0x000000000000e41b                button_hal_get_by_id
                0x000000000000e465                button_hal_get_by_index
                0x000000000000e49f                button_hal_get_state
                0x000000000000e501                button_hal_init
 .text          0x000000000000e78d      0x242 build/cooja/mtype813.a(serial-line.o)
                0x000000000000e78d                serial_line_input_byte
                0x000000000000e985                serial_line_init
 .text          0x000000000000e9cf      0x1d6 build/cooja/mtype813.a(gpio-hal.o)
                0x000000000000e9cf                gpio_hal_register_handler
                0x000000000000e9fd                gpio_hal_event_handler
                0x000000000000ea6a                gpio_hal_init
                0x000000000000ea99                gpio_hal_arch_port_toggle_pin
                0x000000000000eae4                gpio_hal_arch_port_toggle_pins
                0x000000000000eb21                gpio_hal_arch_no_port_toggle_pin
                0x000000000000eb6e                gpio_hal_arch_no_port_toggle_pins
 .text          0x000000000000eba5      0x3a9 build/cooja/mtype813.a(queuebuf.o)
                0x000000000000ebb9                queuebuf_init
                0x000000000000ebf5                queuebuf_numfree
                0x000000000000ec1f                queuebuf_new_from_packetbuf
                0x000000000000ecd3                queuebuf_update_attr_from_packetbuf
                0x000000000000ed17                queuebuf_update_from_packetbuf
                0x000000000000ed76                queuebuf_free
                0x000000000000edd4                queuebuf_to_packetbuf
                0x000000000000ee51                queuebuf_dataptr
                0x000000000000ee9d                queuebuf_datalen
                0x000000000000eeca                queuebuf_addr
                0x000000000000ef09                queuebuf_attr
                0x000000000000ef3e                queuebuf_debug_print
 .text          0x000000000000ef4e      0x4dd build/cooja/mtype813.a(packetbuf.o)
                0x000000000000ef4e                packetbuf_clear
                0x000000000000ef84                packetbuf_copyfrom
                0x000000000000efe4                packetbuf_copyto
                0x000000000000f082                packetbuf_hdralloc
                0x000000000000f112                packetbuf_hdrreduce
                0x000000000000f164                packetbuf_set_datalen
                0x000000000000f189                packetbuf_dataptr
                0x000000000000f1b0                packetbuf_hdrptr
                0x000000000000f1c5                packetbuf_datalen
                0x000000000000f1db                packetbuf_hdrlen
                0x000000000000f1fa                packetbuf_totlen
                0x000000000000f21a                packetbuf_remaininglen
                0x000000000000f237                packetbuf_attr_clear
                0x000000000000f29d                packetbuf_attr_copyto
                0x000000000000f2e3                packetbuf_attr_copyfrom
                0x000000000000f329                packetbuf_set_attr
                0x000000000000f35f                packetbuf_attr
                0x000000000000f385                packetbuf_set_addr
                0x000000000000f3cd                packetbuf_addr
                0x000000000000f3f7                packetbuf_holds_broadcast
 .text          0x000000000000f42b      0x13c build/cooja/mtype813.a(netstack.o)
                0x000000000000f42b                netstack_process_ip_callback
                0x000000000000f4cc                netstack_ip_packet_processor_add
                0x000000000000f500                uip_ds6_ip_packet_processor_rm
                0x000000000000f52e                netstack_init
 .text          0x000000000000f567       0x75 build/cooja/mtype813.a(linkaddr.o)
                0x000000000000f567                linkaddr_copy
                0x000000000000f587                linkaddr_cmp
                0x000000000000f5ba                linkaddr_set_node_addr
 .text          0x000000000000f5dc      0x2ae build/cooja/mtype813.a(csma.o)
 .text          0x000000000000f88a      0xa6f build/cooja/mtype813.a(csma-output.o)
                0x000000000000fffc                csma_output_packet
                0x00000000000102ab                csma_output_init
 .text          0x00000000000102f9      0xe47 build/cooja/mtype813.a(uip-ds6.o)
                0x00000000000102f9                uip_ds6_default_prefix
                0x000000000001030e                uip_ds6_set_default_prefix
                0x0000000000010344                uip_ds6_init
                0x00000000000105df                uip_ds6_periodic
                0x0000000000010687                uip_ds6_list_loop
                0x0000000000010756                uip_ds6_prefix_add
                0x000000000001081d                uip_ds6_prefix_rm
                0x000000000001083a                uip_ds6_prefix_lookup
                0x000000000001088d                uip_ds6_is_addr_onlink
                0x000000000001091a                uip_ds6_addr_add
                0x0000000000010a5c                uip_ds6_addr_rm
                0x0000000000010b1b                uip_ds6_addr_lookup
                0x0000000000010b6b                uip_ds6_get_link_local
                0x0000000000010c09                uip_ds6_get_global
                0x0000000000010ca7                uip_ds6_maddr_add
                0x0000000000010d23                uip_ds6_maddr_rm
                0x0000000000010d40                uip_ds6_maddr_lookup
                0x0000000000010d93                uip_ds6_aaddr_add
                0x0000000000010e0c                uip_ds6_aaddr_rm
                0x0000000000010e29                uip_ds6_aaddr_lookup
                0x0000000000010e79                uip_ds6_select_src
                0x0000000000010fe7                uip_ds6_set_addr_iid
                0x000000000001101c                uip_ds6_set_lladdr_from_iid
                0x000000000001104f                get_match_length
                0x00000000000110ea                uip_ds6_compute_reachable_time
 .text          0x0000000000011140      0x453 build/cooja/mtype813.a(uip-ds6-route.o)
                0x00000000000111a2                uip_ds6_route_init
                0x00000000000111de                uip_ds6_route_count_nexthop_neighbors
                0x00000000000111f2                uip_ds6_route_nexthop
                0x0000000000011206                uip_ds6_route_head
                0x000000000001121a                uip_ds6_route_next
                0x000000000001122e                uip_ds6_route_is_nexthop
                0x0000000000011242                uip_ds6_route_num_routes
                0x0000000000011256                uip_ds6_route_lookup
                0x000000000001126a                uip_ds6_route_add
                0x0000000000011287                uip_ds6_route_rm
                0x0000000000011297                uip_ds6_route_rm_by_nexthop
                0x00000000000112a7                uip_ds6_defrt_head
                0x00000000000112d1                uip_ds6_defrt_add
                0x0000000000011391                uip_ds6_defrt_rm
                0x000000000001140a                uip_ds6_defrt_lookup
                0x0000000000011481                uip_ds6_defrt_choose
                0x0000000000011507                uip_ds6_defrt_periodic
 .text          0x0000000000011593      0x43e build/cooja/mtype813.a(uip-ds6-nbr.o)
                0x0000000000011593                uip_ds6_neighbors_init
                0x00000000000115c9                uip_ds6_nbr_add
                0x0000000000011663                uip_ds6_nbr_rm
                0x00000000000116c2                uip_ds6_nbr_update_ll
                0x00000000000117bf                uip_ds6_nbr_get_ipaddr
                0x00000000000117de                uip_ds6_nbr_get_ll
                0x000000000001180b                uip_ds6_nbr_num
                0x0000000000011865                uip_ds6_nbr_head
                0x000000000001188f                uip_ds6_nbr_next
                0x00000000000118bc                uip_ds6_nbr_lookup
                0x0000000000011923                uip_ds6_nbr_ll_lookup
                0x0000000000011950                uip_ds6_nbr_ipaddr_from_lladdr
                0x0000000000011983                uip_ds6_nbr_lladdr_from_ipaddr
                0x00000000000119c1                uip_ds6_link_callback
 .text          0x00000000000119d1      0x870 build/cooja/mtype813.a(tcpip.o)
                0x00000000000119f7                tcpip_output
                0x0000000000011aa6                udp_attach
                0x0000000000011ac8                udp_new
                0x0000000000011b22                udp_broadcast_new
                0x0000000000011cc2                tcpip_input
                0x0000000000011eb8                tcpip_ipv6_output
                0x00000000000120f4                tcpip_poll_udp
                0x0000000000012124                tcpip_uipcall
 .text          0x0000000000012241     0x1520 build/cooja/mtype813.a(uip6.o)
                0x00000000000122fa                uip_chksum
                0x00000000000123f2                uip_icmp6chksum
                0x0000000000012411                uip_udpchksum
                0x0000000000012430                uip_init
                0x000000000001248f                uip_remove_ext_hdr
                0x000000000001258a                uip_udp_new
                0x0000000000012903                uip_process
                0x00000000000135f1                uip_htons
                0x000000000001361d                uip_htonl
                0x0000000000013667                uip_send
 .text          0x0000000000013761      0x7d4 build/cooja/mtype813.a(uip-nd6.o)
                0x0000000000013f0a                uip_nd6_init
 .text          0x0000000000013f35     0x3370 build/cooja/mtype813.a(sicslowpan.o)
                0x0000000000014633                netstack_sniffer_add
                0x000000000001464c                netstack_sniffer_remove
                0x0000000000017264                sicslowpan_init
                0x0000000000017290                sicslowpan_get_last_rssi
 .text          0x00000000000172a5      0x51a build/cooja/mtype813.a(uiplib.o)
                0x00000000000172a5                uiplib_ip6addrconv
                0x000000000001746b                uiplib_ip4addrconv
                0x0000000000017538                uiplib_ipaddr_print
                0x000000000001759c                uiplib_ipaddr_snprint
 .text          0x00000000000177bf      0x610 build/cooja/mtype813.a(rpl.o)
                0x00000000000177bf                rpl_lollipop_greater_than
                0x0000000000017822                rpl_get_global_address
                0x0000000000017958                rpl_link_callback
                0x00000000000179bb                rpl_has_joined
                0x00000000000179f1                rpl_is_reachable
                0x0000000000017a94                rpl_reset_prefix
                0x0000000000017b10                rpl_set_prefix_from_addr
                0x0000000000017c22                rpl_set_prefix
                0x0000000000017d96                rpl_set_leaf_only
                0x0000000000017db9                rpl_get_leaf_only
 .text          0x0000000000017dcf     0x1491 build/cooja/mtype813.a(rpl-icmp6.o)
                0x0000000000017f2c                rpl_icmp6_update_nbr_table
                0x0000000000017fde                rpl_icmp6_dis_output
                0x00000000000185f3                rpl_icmp6_dio_output
                0x0000000000018e4c                rpl_icmp6_dao_output
                0x0000000000019179                rpl_icmp6_dao_ack_output
                0x0000000000019200                rpl_icmp6_init
 .text          0x0000000000019260      0x2e4 build/cooja/mtype813.a(rpl-dag-root.o)
                0x0000000000019260                rpl_dag_root_print_links
                0x00000000000193b9                rpl_dag_root_set_prefix
                0x00000000000193f4                rpl_dag_root_start
                0x0000000000019502                rpl_dag_root_is_root
 .text          0x0000000000019544       0x6b build/cooja/mtype813.a(watchdog.o)
                0x0000000000019544                watchdog_init
                0x0000000000019554                watchdog_start
                0x0000000000019564                watchdog_periodic
                0x000000000001958f                watchdog_stop
                0x000000000001959f                watchdog_reboot
 .text          0x00000000000195af       0x75 build/cooja/mtype813.a(int-master.o)
                0x00000000000195af                int_master_enable
                0x00000000000195c9                int_master_read_and_disable
                0x00000000000195f1                int_master_status_set
                0x000000000001960a                int_master_is_enabled
 .text          0x0000000000019624      0x11d build/cooja/mtype813.a(stimer.o)
                0x0000000000019624                stimer_set
                0x0000000000019653                stimer_reset
                0x000000000001968a                stimer_restart
                0x00000000000196b0                stimer_expired
                0x00000000000196ec                stimer_remaining
                0x0000000000019718                stimer_elapsed
 .text          0x0000000000019741      0x1ec build/cooja/mtype813.a(memb.o)
                0x0000000000019741                memb_init
                0x00000000000197a5                memb_alloc
                0x0000000000019812                memb_free
                0x0000000000019893                memb_inmemb
                0x00000000000198dc                memb_numfree
 .text          0x000000000001992d       0x31 build/cooja/mtype813.a(assert.o)
                0x000000000001992d                _xassert
 .text          0x000000000001995e      0x188 build/cooja/mtype813.a(ringbuf.o)
                0x000000000001995e                ringbuf_init
                0x000000000001999a                ringbuf_put
                0x0000000000019a22                ringbuf_get
                0x0000000000019a99                ringbuf_size
                0x0000000000019ab5                ringbuf_elements
 .text          0x0000000000019ae6      0xb68 build/cooja/mtype813.a(nbr-table.o)
                0x0000000000019e88                nbr_table_count_entries
                0x0000000000019f35                nbr_table_gc_get_worst
                0x0000000000019f75                nbr_table_can_accept_new
                0x000000000001a0fe                nbr_table_entry_is_allowed
                0x000000000001a19e                nbr_table_register
                0x000000000001a21c                nbr_table_is_registered
                0x000000000001a261                nbr_table_head
                0x000000000001a2ce                nbr_table_next
                0x000000000001a340                nbr_table_add_lladdr
                0x000000000001a48f                nbr_table_get_from_lladdr
                0x000000000001a4ec                nbr_table_remove
                0x000000000001a537                nbr_table_lock
                0x000000000001a55d                nbr_table_unlock
                0x000000000001a583                nbr_table_get_lladdr
                0x000000000001a5b9                nbr_table_clear
                0x000000000001a5fe                nbr_table_key_head
                0x000000000001a628                nbr_table_key_next
 .text          0x000000000001a64e      0x450 build/cooja/mtype813.a(link-stats.o)
                0x000000000001a64e                link_stats_from_lladdr
                0x000000000001a67b                link_stats_get_lladdr
                0x000000000001a6a8                link_stats_is_fresh
                0x000000000001a6f5                guess_etx_from_rssi
                0x000000000001a77b                link_stats_packet_sent
                0x000000000001a8bf                link_stats_input_callback
                0x000000000001a9f3                link_stats_reset
                0x000000000001aa55                link_stats_init
 .text          0x000000000001aa9e      0x1a8 build/cooja/mtype813.a(mac-sequence.o)
                0x000000000001aa9e                mac_sequence_is_duplicate
                0x000000000001ab5e                mac_sequence_register_seqno
 .text          0x000000000001ac46       0x2d build/cooja/mtype813.a(mac.o)
                0x000000000001ac46                mac_call_sent_callback
 .text          0x000000000001ac73      0x477 build/cooja/mtype813.a(framer-802154.o)
                0x000000000001ae16                framer_802154_setup_params
 .text          0x000000000001b0ea      0xc1a build/cooja/mtype813.a(frame802154.o)
                0x000000000001b125                frame802154_get_pan_id
                0x000000000001b13b                frame802154_set_pan_id
                0x000000000001b160                frame802154_has_panid
                0x000000000001b319                frame802154_check_dest_panid
                0x000000000001b3ab                frame802154_is_broadcast_addr
                0x000000000001b402                frame802154_extract_linkaddr
                0x000000000001b68b                frame802154_hdrlen
                0x000000000001b708                frame802154_create_fcf
                0x000000000001b7ca                frame802154_create
                0x000000000001b955                frame802154_parse_fcf
                0x000000000001ba41                frame802154_parse
 .text          0x000000000001bd04       0x4e build/cooja/mtype813.a(csma-security.o)
                0x000000000001bd04                csma_security_create_frame
                0x000000000001bd35                csma_security_parse_frame
 .text          0x000000000001bd52      0x5be build/cooja/mtype813.a(uipbuf.o)
                0x000000000001bd52                uipbuf_clear
                0x000000000001bd89                uipbuf_add_ext_hdr
                0x000000000001be24                uipbuf_set_len
                0x000000000001be5e                uipbuf_set_len_field
                0x000000000001be94                uipbuf_get_len_field
                0x000000000001bebe                uipbuf_get_next_header
                0x000000000001bffa                uipbuf_get_last_header
                0x000000000001c07d                uipbuf_search_header
                0x000000000001c141                uipbuf_get_attr
                0x000000000001c172                uipbuf_set_attr
                0x000000000001c1b3                uipbuf_set_default_attr
                0x000000000001c1f4                uipbuf_clear_attr
                0x000000000001c234                uipbuf_set_attr_flag
                0x000000000001c260                uipbuf_clr_attr_flag
                0x000000000001c292                uipbuf_is_attr_flag
                0x000000000001c2c0                uipbuf_init
 .text          0x000000000001c310      0x8b7 build/cooja/mtype813.a(uip-icmp6.o)
                0x000000000001c395                uip_icmp6_input
                0x000000000001c3f6                uip_icmp6_register_input_handler
                0x000000000001c5aa                uip_icmp6_error_output
                0x000000000001c8ec                uip_icmp6_send
                0x000000000001cb1a                uip_icmp6_echo_reply_callback_add
                0x000000000001cb5d                uip_icmp6_echo_reply_callback_rm
                0x000000000001cb8b                uip_icmp6_init
 .text          0x000000000001cbc7      0x772 build/cooja/mtype813.a(uip-sr.o)
                0x000000000001cbc7                uip_sr_num_nodes
                0x000000000001cc73                uip_sr_get_node
                0x000000000001ccda                uip_sr_is_addr_reachable
                0x000000000001cd97                uip_sr_expire_parent
                0x000000000001cdea                uip_sr_update_node
                0x000000000001cf2e                uip_sr_init
                0x000000000001cf74                uip_sr_node_head
                0x000000000001cf9e                uip_sr_node_next
                0x000000000001cfc4                uip_sr_periodic
                0x000000000001d0e0                uip_sr_free_all
                0x000000000001d165                uip_sr_link_snprint
 .text          0x000000000001d339      0x1a5 build/cooja/mtype813.a(uip-packetqueue)
                0x000000000001d379                uip_packetqueue_new
                0x000000000001d392                uip_packetqueue_alloc
                0x000000000001d401                uip_packetqueue_free
                0x000000000001d459                uip_packetqueue_buf
                0x000000000001d480                uip_packetqueue_buflen
                0x000000000001d4ab                uip_packetqueue_set_buflen
 .text          0x000000000001d4de       0x8d build/cooja/mtype813.a(rpl-nbr-policy.)
                0x000000000001d52a                rpl_nbr_gc_get_worst
 .text          0x000000000001d56b      0xaad build/cooja/mtype813.a(rpl-neighbor.o)
                0x000000000001d607                rpl_neighbor_snprint
                0x000000000001d8ef                rpl_neighbor_print_list
                0x000000000001d9c2                rpl_neighbor_count
                0x000000000001daa5                rpl_neighbor_get_from_lladdr
                0x000000000001dad2                rpl_neighbor_is_acceptable_parent
                0x000000000001db18                rpl_neighbor_get_link_metric
                0x000000000001db5e                rpl_neighbor_rank_via_nbr
                0x000000000001dba4                rpl_neighbor_get_lladdr
                0x000000000001dbd1                rpl_neighbor_get_ipaddr
                0x000000000001dc07                rpl_neighbor_get_link_stats
                0x000000000001dc3d                rpl_neighbor_is_fresh
                0x000000000001dc73                rpl_neighbor_is_parent
                0x000000000001dcaa                rpl_neighbor_set_preferred_parent
                0x000000000001dd64                rpl_neighbor_remove_all
                0x000000000001ddd1                rpl_neighbor_get_from_ipaddr
                0x000000000001df0b                rpl_neighbor_select_best
                0x000000000001dfe6                rpl_neighbor_init
 .text          0x000000000001e018     0x11f4 build/cooja/mtype813.a(rpl-dag.o)
                0x000000000001e018                rpl_dag_state_to_str
                0x000000000001e066                rpl_dag_get_root_ipaddr
                0x000000000001e0b6                rpl_dag_leave
                0x000000000001e16c                rpl_dag_poison_and_leave
                0x000000000001e198                rpl_dag_periodic
                0x000000000001e25d                rpl_is_addr_in_our_dag
                0x000000000001e2bc                rpl_get_default_instance
                0x000000000001e2e6                rpl_get_any_dag
                0x000000000001e35c                rpl_refresh_routes
                0x000000000001e3bf                rpl_global_repair
                0x000000000001e490                rpl_local_repair
                0x000000000001e4f5                rpl_dag_ready_to_advertise
                0x000000000001e54e                rpl_dag_update_state
                0x000000000001edca                rpl_process_dio
                0x000000000001ee65                rpl_process_dis
                0x000000000001eebb                rpl_process_dao
                0x000000000001ef5c                rpl_process_dao_ack
                0x000000000001f018                rpl_process_hbh
                0x000000000001f078                rpl_dag_init_root
                0x000000000001f1da                rpl_dag_init
 .text          0x000000000001f20c      0xd8d build/cooja/mtype813.a(rpl-timers.o)
                0x000000000001f20c                rpl_timers_schedule_periodic_dis
                0x000000000001f3b6                rpl_timers_dio_reset
                0x000000000001f52e                rpl_timers_schedule_unicast_dio
                0x000000000001f701                rpl_timers_schedule_dao
                0x000000000001f807                rpl_timers_schedule_dao_ack
                0x000000000001f8d6                rpl_timers_notify_dao_ack
                0x000000000001f95c                get_probing_delay
                0x000000000001f9a1                get_probing_target
                0x000000000001fbd6                rpl_schedule_probing
                0x000000000001fc22                rpl_schedule_probing_now
                0x000000000001fcbc                rpl_timers_unschedule_leaving
                0x000000000001fd16                rpl_timers_schedule_leaving
                0x000000000001fd7b                rpl_timers_init
                0x000000000001fe3d                rpl_timers_stop_dag_timers
                0x000000000001fefa                rpl_timers_unschedule_state_update
                0x000000000001ff36                rpl_timers_schedule_state_update
 .text          0x000000000001ff99      0xd42 build/cooja/mtype813.a(rpl-ext-header.)
                0x000000000001ff99                rpl_ext_header_srh_get_next_hop
                0x00000000000200a4                rpl_ext_header_srh_update
                0x00000000000206d6                rpl_ext_header_hbh_update
                0x0000000000020a55                rpl_ext_header_update
                0x0000000000020b04                rpl_ext_header_remove
 .text          0x0000000000020cdb      0x39b build/cooja/mtype813.a(rpl-mrhof.o)
 *fill*         0x0000000000021076        0xa 
 .text          0x0000000000021080       0x14 /usr/lib/i386-linux-gnu/libc_nonshared.a(stack_chk_fail_local.oS)
                0x0000000000021080                __stack_chk_fail_local
 .text          0x0000000000021094        0x0 /usr/lib/gcc/i686-linux-gnu/7/crtendS.o
 .text          0x0000000000021094        0x0 /usr/lib/gcc/i686-linux-gnu/7/../../../i386-linux-gnu/crtn.o
 *(.gnu.warning)

.fini           0x0000000000021094       0x14
 *(SORT_NONE(.fini))
 .fini          0x0000000000021094        0xf /usr/lib/gcc/i686-linux-gnu/7/../../../i386-linux-gnu/crti.o
                0x0000000000021094                _fini
 .fini          0x00000000000210a3        0x5 /usr/lib/gcc/i686-linux-gnu/7/../../../i386-linux-gnu/crtn.o
                [!provide]                        PROVIDE (__etext = .)
                [!provide]                        PROVIDE (_etext = .)
                [!provide]                        PROVIDE (etext = .)

.rodata         0x00000000000210a8      0x573
 *(.rodata .rodata.* .gnu.linkonce.r.*)
 .rodata        0x00000000000210a8       0x23 timers_demo.o
 *fill*         0x00000000000210cb        0x1 
 .rodata        0x00000000000210cc        0x6 build/cooja/mtype813.a(leds-arch.o)
                0x00000000000210cc                leds_arch_leds
 .rodata        0x00000000000210d2        0x4 build/cooja/mtype813.a(pir-sensor.o)
 .rodata        0x00000000000210d6        0x6 build/cooja/mtype813.a(rs232.o)
 .rodata        0x00000000000210dc        0xa build/cooja/mtype813.a(vib-sensor.o)
 *fill*         0x00000000000210e6        0x2 
 .rodata        0x00000000000210e8       0x27 build/cooja/mtype813.a(cfs-cooja.o)
 *fill*         0x000000000002110f        0x1 
 .rodata        0x0000000000021110       0x68 build/cooja/mtype813.a(cooja-radio.o)
 .rodata        0x0000000000021178        0x8 build/cooja/mtype813.a(sensors.o)
 .rodata        0x0000000000021180       0x14 build/cooja/mtype813.a(buttons.o)
                0x000000000002118c                button_hal_button_count
 .rodata        0x0000000000021194       0xf4 build/cooja/mtype813.a(contiki-main.o)
 .rodata        0x0000000000021288        0xf build/cooja/mtype813.a(ctimer.o)
 *fill*         0x0000000000021297        0x1 
 .rodata        0x0000000000021298       0xc4 build/cooja/mtype813.a(log.o)
 .rodata        0x000000000002135c        0xc build/cooja/mtype813.a(etimer.o)
 .rodata        0x0000000000021368       0x13 build/cooja/mtype813.a(button-hal.o)
 .rodata        0x000000000002137b        0xe build/cooja/mtype813.a(serial-line.o)
 *fill*         0x0000000000021389        0x3 
 .rodata        0x000000000002138c        0x8 build/cooja/mtype813.a(linkaddr.o)
                0x000000000002138c                linkaddr_null
 .rodata        0x0000000000021394        0x5 build/cooja/mtype813.a(csma.o)
 *fill*         0x0000000000021399        0x3 
 .rodata        0x000000000002139c       0x24 build/cooja/mtype813.a(csma-output.o)
 .rodata        0x00000000000213c0       0x4d build/cooja/mtype813.a(uip-ds6-route.o)
 .rodata        0x000000000002140d        0xd build/cooja/mtype813.a(tcpip.o)
 *fill*         0x000000000002141a        0x2 
 .rodata        0x000000000002141c       0x1f build/cooja/mtype813.a(sicslowpan.o)
                0x000000000002141c                unc_llconf
                0x0000000000021420                unc_ctxconf
                0x0000000000021424                unc_mxconf
                0x0000000000021428                llprefix
 .rodata        0x000000000002143b       0x2d build/cooja/mtype813.a(uiplib.o)
 .rodata        0x0000000000021468        0x9 build/cooja/mtype813.a(rpl.o)
 *fill*         0x0000000000021471        0x3 
 .rodata        0x0000000000021474       0x25 build/cooja/mtype813.a(assert.o)
 .rodata        0x0000000000021499       0x44 build/cooja/mtype813.a(uip-sr.o)
 *fill*         0x00000000000214dd        0x3 
 .rodata        0x00000000000214e0       0x58 build/cooja/mtype813.a(rpl-neighbor.o)
 .rodata        0x0000000000021538       0xd7 build/cooja/mtype813.a(rpl-dag.o)
 .rodata        0x000000000002160f        0xc build/cooja/mtype813.a(rpl-timers.o)

.rodata1
 *(.rodata1)

.eh_frame_hdr   0x000000000002161c     0x162c
 *(.eh_frame_hdr)
 .eh_frame_hdr  0x000000000002161c     0x162c timers_demo.o
                0x000000000002161c                __GNU_EH_FRAME_HDR
 *(.eh_frame_entry .eh_frame_entry.*)

.eh_frame       0x0000000000022c48     0x5f7c
 *(.eh_frame)
 .eh_frame      0x0000000000022c48       0x3c /usr/lib/gcc/i686-linux-gnu/7/../../../i386-linux-gnu/crti.o
                                         0x40 (size before relaxing)
 .eh_frame      0x0000000000022c84       0x14 /usr/lib/gcc/i686-linux-gnu/7/../../../i386-linux-gnu/crti.o
                                         0x2c (size before relaxing)
 .eh_frame      0x0000000000022c98       0x24 timers_demo.o
                                         0x50 (size before relaxing)
 .eh_frame      0x0000000000022cbc      0x1ac build/cooja/mtype813.o
                                        0x1ec (size before relaxing)
 .eh_frame      0x0000000000022e68       0x48 build/cooja/mtype813.a(simEnvChange.o)
                                         0x74 (size before relaxing)
 .eh_frame      0x0000000000022eb0       0x6c build/cooja/mtype813.a(cooja_mt.o)
                                         0x98 (size before relaxing)
 .eh_frame      0x0000000000022f1c       0x88 build/cooja/mtype813.a(cooja_mtarch.o)
                                         0xc8 (size before relaxing)
 .eh_frame      0x0000000000022fa4       0xe4 build/cooja/mtype813.a(rtimer-arch.o)
                                        0x110 (size before relaxing)
 .eh_frame      0x0000000000023088      0x160 build/cooja/mtype813.a(beep.o)
                                        0x18c (size before relaxing)
 .eh_frame      0x00000000000231e8       0x88 build/cooja/mtype813.a(leds-arch.o)
                                         0xc8 (size before relaxing)
 .eh_frame      0x0000000000023270       0x44 build/cooja/mtype813.a(moteid.o)
                                         0x70 (size before relaxing)
 .eh_frame      0x00000000000232b4       0xa4 build/cooja/mtype813.a(pir-sensor.o)
                                         0xe4 (size before relaxing)
 .eh_frame      0x0000000000023358      0x110 build/cooja/mtype813.a(rs232.o)
                                        0x150 (size before relaxing)
 .eh_frame      0x0000000000023468       0xa4 build/cooja/mtype813.a(vib-sensor.o)
                                         0xe4 (size before relaxing)
 .eh_frame      0x000000000002350c       0xc0 build/cooja/mtype813.a(clock.o)
                                         0xec (size before relaxing)
 .eh_frame      0x00000000000235cc      0x130 build/cooja/mtype813.a(cooja-log.o)
                                        0x170 (size before relaxing)
 .eh_frame      0x00000000000236fc      0x16c build/cooja/mtype813.a(cfs-cooja.o)
                                        0x1ac (size before relaxing)
 .eh_frame      0x0000000000023868      0x354 build/cooja/mtype813.a(cooja-radio.o)
                                        0x394 (size before relaxing)
 .eh_frame      0x0000000000023bbc       0xa8 build/cooja/mtype813.a(eeprom.o)
                                         0xe8 (size before relaxing)
 .eh_frame      0x0000000000023c64       0x48 build/cooja/mtype813.a(random.o)
                                         0x74 (size before relaxing)
 .eh_frame      0x0000000000023cac       0xd0 build/cooja/mtype813.a(sensors.o)
                                        0x110 (size before relaxing)
 .eh_frame      0x0000000000023d7c      0x140 build/cooja/mtype813.a(leds.o)
                                        0x180 (size before relaxing)
 .eh_frame      0x0000000000023ebc      0x228 build/cooja/mtype813.a(gpio-hal-arch.o)
                                        0x27c (size before relaxing)
 .eh_frame      0x00000000000240e4       0xa4 build/cooja/mtype813.a(buttons.o)
                                         0xe4 (size before relaxing)
 .eh_frame      0x0000000000024188       0x38 build/cooja/mtype813.a(contiki-main.o)
                                         0x64 (size before relaxing)
 .eh_frame      0x00000000000241c0       0x48 build/cooja/mtype813.a(autostart.o)
                                         0x74 (size before relaxing)
 .eh_frame      0x0000000000024208      0x11c build/cooja/mtype813.a(ctimer.o)
                                        0x15c (size before relaxing)
 .eh_frame      0x0000000000024324      0x144 build/cooja/mtype813.a(log.o)
                                        0x184 (size before relaxing)
 .eh_frame      0x0000000000024468       0x60 build/cooja/mtype813.a(energest.o)
                                         0x8c (size before relaxing)
 .eh_frame      0x00000000000244c8      0x204 build/cooja/mtype813.a(etimer.o)
                                        0x244 (size before relaxing)
 .eh_frame      0x00000000000246cc       0x20 build/cooja/mtype813.a(node-id.o)
                                         0x4c (size before relaxing)
 .eh_frame      0x00000000000246ec       0x6c build/cooja/mtype813.a(rtimer.o)
                                         0xc0 (size before relaxing)
 .eh_frame      0x0000000000024758      0x1ec build/cooja/mtype813.a(process.o)
                                        0x22c (size before relaxing)
 .eh_frame      0x0000000000024944       0xb4 build/cooja/mtype813.a(timer.o)
                                         0xe0 (size before relaxing)
 .eh_frame      0x00000000000249f8      0x1a0 build/cooja/mtype813.a(list.o)
                                        0x1cc (size before relaxing)
 .eh_frame      0x0000000000024b98      0x188 build/cooja/mtype813.a(button-hal.o)
                                        0x1c8 (size before relaxing)
 .eh_frame      0x0000000000024d20       0x6c build/cooja/mtype813.a(serial-line.o)
                                         0x98 (size before relaxing)
 .eh_frame      0x0000000000024d8c       0xfc build/cooja/mtype813.a(gpio-hal.o)
                                        0x13c (size before relaxing)
 .eh_frame      0x0000000000024e88      0x1c0 build/cooja/mtype813.a(queuebuf.o)
                                        0x200 (size before relaxing)
 .eh_frame      0x0000000000025048      0x2b0 build/cooja/mtype813.a(packetbuf.o)
                                        0x2f0 (size before relaxing)
 .eh_frame      0x00000000000252f8       0x90 build/cooja/mtype813.a(netstack.o)
                                         0xd0 (size before relaxing)
 .eh_frame      0x0000000000025388       0x64 build/cooja/mtype813.a(linkaddr.o)
                                         0x90 (size before relaxing)
 .eh_frame      0x00000000000253ec       0xf0 build/cooja/mtype813.a(csma.o)
                                        0x130 (size before relaxing)
 .eh_frame      0x00000000000254dc      0x1f8 build/cooja/mtype813.a(csma-output.o)
                                        0x238 (size before relaxing)
 .eh_frame      0x00000000000256d4      0x364 build/cooja/mtype813.a(uip-ds6.o)
                                        0x3a4 (size before relaxing)
 .eh_frame      0x0000000000025a38      0x260 build/cooja/mtype813.a(uip-ds6-route.o)
                                        0x2a0 (size before relaxing)
 .eh_frame      0x0000000000025c98      0x1e8 build/cooja/mtype813.a(uip-ds6-nbr.o)
                                        0x228 (size before relaxing)
 .eh_frame      0x0000000000025e80      0x270 build/cooja/mtype813.a(tcpip.o)
                                        0x2b0 (size before relaxing)
 .eh_frame      0x00000000000260f0      0x20c build/cooja/mtype813.a(uip6.o)
                                        0x24c (size before relaxing)
 .eh_frame      0x00000000000262fc       0x8c build/cooja/mtype813.a(uip-nd6.o)
                                         0xe0 (size before relaxing)
 .eh_frame      0x0000000000026388      0x354 build/cooja/mtype813.a(sicslowpan.o)
                                        0x3a8 (size before relaxing)
 .eh_frame      0x00000000000266dc       0x9c build/cooja/mtype813.a(uiplib.o)
                                         0xdc (size before relaxing)
 .eh_frame      0x0000000000026778      0x1fc build/cooja/mtype813.a(rpl.o)
                                        0x23c (size before relaxing)
 .eh_frame      0x0000000000026974      0x1f0 build/cooja/mtype813.a(rpl-icmp6.o)
                                        0x230 (size before relaxing)
 .eh_frame      0x0000000000026b64       0xb0 build/cooja/mtype813.a(rpl-dag-root.o)
                                         0xf0 (size before relaxing)
 .eh_frame      0x0000000000026c14       0xa4 build/cooja/mtype813.a(watchdog.o)
                                         0xd0 (size before relaxing)
 .eh_frame      0x0000000000026cb8       0x80 build/cooja/mtype813.a(int-master.o)
                                         0xac (size before relaxing)
 .eh_frame      0x0000000000026d38       0xd8 build/cooja/mtype813.a(stimer.o)
                                        0x104 (size before relaxing)
 .eh_frame      0x0000000000026e10       0xa4 build/cooja/mtype813.a(memb.o)
                                         0xe4 (size before relaxing)
 .eh_frame      0x0000000000026eb4       0x24 build/cooja/mtype813.a(assert.o)
                                         0x50 (size before relaxing)
 .eh_frame      0x0000000000026ed8       0xa0 build/cooja/mtype813.a(ringbuf.o)
                                         0xcc (size before relaxing)
 .eh_frame      0x0000000000026f78      0x428 build/cooja/mtype813.a(nbr-table.o)
                                        0x468 (size before relaxing)
 .eh_frame      0x00000000000273a0      0x140 build/cooja/mtype813.a(link-stats.o)
                                        0x180 (size before relaxing)
 .eh_frame      0x00000000000274e0       0x50 build/cooja/mtype813.a(mac-sequence.o)
                                         0x7c (size before relaxing)
 .eh_frame      0x0000000000027530       0x20 build/cooja/mtype813.a(mac.o)
                                         0x4c (size before relaxing)
 .eh_frame      0x0000000000027550       0xb4 build/cooja/mtype813.a(framer-802154.o)
                                         0xf4 (size before relaxing)
 .eh_frame      0x0000000000027604      0x1b0 build/cooja/mtype813.a(frame802154.o)
                                        0x1f0 (size before relaxing)
 .eh_frame      0x00000000000277b4       0x44 build/cooja/mtype813.a(csma-security.o)
                                         0x84 (size before relaxing)
 .eh_frame      0x00000000000277f8      0x204 build/cooja/mtype813.a(uipbuf.o)
                                        0x230 (size before relaxing)
 .eh_frame      0x00000000000279fc      0x170 build/cooja/mtype813.a(uip-icmp6.o)
                                        0x1b0 (size before relaxing)
 .eh_frame      0x0000000000027b6c      0x1ac build/cooja/mtype813.a(uip-sr.o)
                                        0x1ec (size before relaxing)
 .eh_frame      0x0000000000027d18       0xec build/cooja/mtype813.a(uip-packetqueue)
                                        0x12c (size before relaxing)
 .eh_frame      0x0000000000027e04       0x48 build/cooja/mtype813.a(rpl-nbr-policy.)
                                         0x88 (size before relaxing)
 .eh_frame      0x0000000000027e4c      0x2ec build/cooja/mtype813.a(rpl-neighbor.o)
                                        0x340 (size before relaxing)
 .eh_frame      0x0000000000028138      0x3c0 build/cooja/mtype813.a(rpl-dag.o)
                                        0x414 (size before relaxing)
 .eh_frame      0x00000000000284f8      0x418 build/cooja/mtype813.a(rpl-timers.o)
                                        0x458 (size before relaxing)
 .eh_frame      0x0000000000028910      0x144 build/cooja/mtype813.a(rpl-ext-header.)
                                        0x184 (size before relaxing)
 .eh_frame      0x0000000000028a54      0x150 build/cooja/mtype813.a(rpl-mrhof.o)
                                        0x190 (size before relaxing)
 .eh_frame      0x0000000000028ba4       0x1c /usr/lib/i386-linux-gnu/libc_nonshared.a(stack_chk_fail_local.oS)
                                         0x48 (size before relaxing)
 .eh_frame      0x0000000000028bc0        0x4 /usr/lib/gcc/i686-linux-gnu/7/crtendS.o
 *(.eh_frame.*)

.gcc_except_table
 *(.gcc_except_table .gcc_except_table.*)

.gnu_extab
 *(.gnu_extab*)

.exception_ranges
 *(.exception_ranges .exception_ranges*)
                0x0000000000029c18                . = DATA_SEGMENT_ALIGN (CONSTANT (MAXPAGESIZE), CONSTANT (COMMONPAGESIZE))

.eh_frame
 *(.eh_frame)
 *(.eh_frame.*)

.gnu_extab
 *(.gnu_extab)

.gcc_except_table
 *(.gcc_except_table .gcc_except_table.*)

.exception_ranges
 *(.exception_ranges .exception_ranges*)

.tdata
 *(.tdata .tdata.* .gnu.linkonce.td.*)

.tbss
 *(.tbss .tbss.* .gnu.linkonce.tb.*)
 *(.tcommon)

.preinit_array
 *(.preinit_array)

.init_array     0x0000000000029c18        0x4
 *(SORT_BY_INIT_PRIORITY(.init_array.*) SORT_BY_INIT_PRIORITY(.ctors.*))
 *(.init_array EXCLUDE_FILE(*crtend?.o *crtend.o *crtbegin?.o *crtbegin.o) .ctors)
 .init_array    0x0000000000029c18        0x4 /usr/lib/gcc/i686-linux-gnu/7/crtbeginS.o

.fini_array     0x0000000000029c1c        0x4
 *(SORT_BY_INIT_PRIORITY(.fini_array.*) SORT_BY_INIT_PRIORITY(.dtors.*))
 *(.fini_array EXCLUDE_FILE(*crtend?.o *crtend.o *crtbegin?.o *crtbegin.o) .dtors)
 .fini_array    0x0000000000029c1c        0x4 /usr/lib/gcc/i686-linux-gnu/7/crtbeginS.o

.ctors
 *crtbegin.o(.ctors)
 *crtbegin?.o(.ctors)
 *(EXCLUDE_FILE(*crtend?.o *crtend.o) .ctors)
 *(SORT_BY_NAME(.ctors.*))
 *(.ctors)

.dtors
 *crtbegin.o(.dtors)
 *crtbegin?.o(.dtors)
 *(EXCLUDE_FILE(*crtend?.o *crtend.o) .dtors)
 *(SORT_BY_NAME(.dtors.*))
 *(.dtors)

.jcr
 *(.jcr)

.data.rel.ro    0x0000000000029c20      0x198
 *(.data.rel.ro.local* .gnu.linkonce.d.rel.ro.local.*)
 .data.rel.ro.local
                0x0000000000029c20        0x8 timers_demo.o
                0x0000000000029c20                autostart_processes
 .data.rel.ro.local
                0x0000000000029c28        0x8 build/cooja/mtype813.a(beep.o)
                0x0000000000029c28                beep_interface
 .data.rel.ro.local
                0x0000000000029c30        0x8 build/cooja/mtype813.a(leds-arch.o)
                0x0000000000029c30                leds_interface
 .data.rel.ro.local
                0x0000000000029c38        0x8 build/cooja/mtype813.a(moteid.o)
                0x0000000000029c38                moteid_interface
 .data.rel.ro.local
                0x0000000000029c40       0x18 build/cooja/mtype813.a(pir-sensor.o)
                0x0000000000029c40                pir_interface
                0x0000000000029c48                pir_sensor
 .data.rel.ro.local
                0x0000000000029c58        0x8 build/cooja/mtype813.a(rs232.o)
                0x0000000000029c58                rs232_interface
 .data.rel.ro.local
                0x0000000000029c60       0x18 build/cooja/mtype813.a(vib-sensor.o)
                0x0000000000029c60                vib_interface
                0x0000000000029c68                vib_sensor
 .data.rel.ro.local
                0x0000000000029c78        0x8 build/cooja/mtype813.a(clock.o)
                0x0000000000029c78                clock_interface
 .data.rel.ro.local
                0x0000000000029c80        0x8 build/cooja/mtype813.a(cooja-log.o)
                0x0000000000029c80                simlog_interface
 .data.rel.ro.local
                0x0000000000029c88        0x8 build/cooja/mtype813.a(cfs-cooja.o)
                0x0000000000029c88                cfs_interface
 *fill*         0x0000000000029c90       0x10 
 .data.rel.ro.local
                0x0000000000029ca0       0x58 build/cooja/mtype813.a(cooja-radio.o)
                0x0000000000029ca0                radio_interface
                0x0000000000029cc0                cooja_radio_driver
 .data.rel.ro.local
                0x0000000000029cf8        0x8 build/cooja/mtype813.a(eeprom.o)
                0x0000000000029cf8                eeprom_interface
 .data.rel.ro.local
                0x0000000000029d00       0x18 build/cooja/mtype813.a(buttons.o)
                0x0000000000029d00                button_interface
                0x0000000000029d08                button_sensor
 .data.rel.ro.local
                0x0000000000029d18       0x1c build/cooja/mtype813.a(csma.o)
                0x0000000000029d18                csma_driver
 .data.rel.ro.local
                0x0000000000029d34       0x10 build/cooja/mtype813.a(sicslowpan.o)
                0x0000000000029d34                sicslowpan_driver
 .data.rel.ro.local
                0x0000000000029d44        0xc build/cooja/mtype813.a(framer-802154.o)
                0x0000000000029d44                framer_802154
 *(.data.rel.ro .data.rel.ro.* .gnu.linkonce.d.rel.ro.*)
 .data.rel.ro   0x0000000000029d50        0x0 /usr/lib/gcc/i686-linux-gnu/7/../../../i386-linux-gnu/crti.o
 *fill*         0x0000000000029d50       0x10 
 .data.rel.ro   0x0000000000029d60       0x54 build/cooja/mtype813.a(rpl.o)
                0x0000000000029d60                rpl_lite_driver
 .data.rel.ro   0x0000000000029db4        0x4 build/cooja/mtype813.a(rpl-dag.o)

.dynamic        0x0000000000029db8       0xf0
 *(.dynamic)
 .dynamic       0x0000000000029db8       0xf0 /usr/lib/gcc/i686-linux-gnu/7/../../../i386-linux-gnu/crti.o
                0x0000000000029db8                _DYNAMIC

.got            0x0000000000029ea8      0x148
 *(.got)
 .got           0x0000000000029ea8      0x148 /usr/lib/gcc/i686-linux-gnu/7/../../../i386-linux-gnu/crti.o
 *(.igot)
                0x0000000000029ff4                . = DATA_SEGMENT_RELRO_END (., (SIZEOF (.got.plt) >= 0xc)?0xc:0x0)

.got.plt        0x000000000002a000      0x49c
 *(.got.plt)
 .got.plt       0x000000000002a000      0x49c /usr/lib/gcc/i686-linux-gnu/7/../../../i386-linux-gnu/crti.o
                0x000000000002a000                _GLOBAL_OFFSET_TABLE_
 *(.igot.plt)

.data           0x000000000002a4a0      0x364
 *(.data .data.* .gnu.linkonce.d.*)
 .data          0x000000000002a4a0        0x0 /usr/lib/gcc/i686-linux-gnu/7/../../../i386-linux-gnu/crti.o
 .data          0x000000000002a4a0        0x0 /usr/lib/gcc/i686-linux-gnu/7/crtbeginS.o
 .data.rel.local
                0x000000000002a4a0        0x4 /usr/lib/gcc/i686-linux-gnu/7/crtbeginS.o
                0x000000000002a4a0                __dso_handle
 .data          0x000000000002a4a4        0x0 timers_demo.o
 .data.rel.local
                0x000000000002a4a4       0x10 timers_demo.o
                0x000000000002a4a4                timers_demo
 .data          0x000000000002a4b4        0x0 build/cooja/mtype813.o
 *fill*         0x000000000002a4b4        0xc 
 .data.rel      0x000000000002a4c0       0x44 build/cooja/mtype813.o
                0x000000000002a4c0                simInterfaces
                0x000000000002a4f4                sensors
 .data          0x000000000002a504        0x0 build/cooja/mtype813.a(simEnvChange.o)
 .data          0x000000000002a504        0x0 build/cooja/mtype813.a(cooja_mt.o)
 .data          0x000000000002a504        0x0 build/cooja/mtype813.a(cooja_mtarch.o)
 .data          0x000000000002a504        0x0 build/cooja/mtype813.a(rtimer-arch.o)
 .data          0x000000000002a504        0x0 build/cooja/mtype813.a(beep.o)
 .data          0x000000000002a504        0x0 build/cooja/mtype813.a(leds-arch.o)
 .data          0x000000000002a504        0x0 build/cooja/mtype813.a(moteid.o)
 .data          0x000000000002a504        0x0 build/cooja/mtype813.a(pir-sensor.o)
 .data          0x000000000002a504        0x0 build/cooja/mtype813.a(rs232.o)
 .data          0x000000000002a504        0x0 build/cooja/mtype813.a(vib-sensor.o)
 .data          0x000000000002a504        0x0 build/cooja/mtype813.a(clock.o)
 .data          0x000000000002a504        0x0 build/cooja/mtype813.a(cooja-log.o)
 .data          0x000000000002a504        0x0 build/cooja/mtype813.a(cfs-cooja.o)
 .data          0x000000000002a504       0x1c build/cooja/mtype813.a(cooja-radio.o)
                0x000000000002a504                simRadioHWOn
                0x000000000002a508                simSignalStrength
                0x000000000002a50c                simLastSignalStrength
                0x000000000002a510                simPower
                0x000000000002a514                simRadioChannel
                0x000000000002a518                simLQI
 .data.rel.local
                0x000000000002a520       0x10 build/cooja/mtype813.a(cooja-radio.o)
                0x000000000002a520                cooja_radio_process
 .data          0x000000000002a530        0x0 build/cooja/mtype813.a(eeprom.o)
 .data          0x000000000002a530        0x0 build/cooja/mtype813.a(random.o)
 .data          0x000000000002a530        0x0 build/cooja/mtype813.a(sensors.o)
 .data.rel.local
                0x000000000002a530       0x10 build/cooja/mtype813.a(sensors.o)
                0x000000000002a530                sensors_process
 .data          0x000000000002a540        0x0 build/cooja/mtype813.a(leds.o)
 .data          0x000000000002a540        0x0 build/cooja/mtype813.a(gpio-hal-arch.o)
 .data          0x000000000002a540        0x1 build/cooja/mtype813.a(buttons.o)
                0x000000000002a540                simButtonIsActive
 *fill*         0x000000000002a541       0x1f 
 .data.rel.local
                0x000000000002a560       0x58 build/cooja/mtype813.a(buttons.o)
                0x000000000002a5b0                button_hal_buttons
 .data          0x000000000002a5b8        0x0 build/cooja/mtype813.a(contiki-main.o)
 .data          0x000000000002a5b8        0x0 build/cooja/mtype813.a(autostart.o)
 .data          0x000000000002a5b8        0x0 build/cooja/mtype813.a(ctimer.o)
 .data.rel.local
                0x000000000002a5b8       0x14 build/cooja/mtype813.a(ctimer.o)
                0x000000000002a5bc                ctimer_process
 .data          0x000000000002a5cc        0x4 build/cooja/mtype813.a(log.o)
                0x000000000002a5cc                curr_log_level_main
 *fill*         0x000000000002a5d0       0x10 
 .data.rel.local
                0x000000000002a5e0       0x9c build/cooja/mtype813.a(log.o)
                0x000000000002a5e0                all_modules
 .data          0x000000000002a67c        0x0 build/cooja/mtype813.a(energest.o)
 .data          0x000000000002a67c        0x0 build/cooja/mtype813.a(etimer.o)
 .data.rel.local
                0x000000000002a67c       0x10 build/cooja/mtype813.a(etimer.o)
                0x000000000002a67c                etimer_process
 .data          0x000000000002a68c        0x0 build/cooja/mtype813.a(node-id.o)
 .data          0x000000000002a68c        0x0 build/cooja/mtype813.a(rtimer.o)
 .data          0x000000000002a68c        0x0 build/cooja/mtype813.a(process.o)
 .data          0x000000000002a68c        0x0 build/cooja/mtype813.a(timer.o)
 .data          0x000000000002a68c        0x0 build/cooja/mtype813.a(list.o)
 .data          0x000000000002a68c        0x0 build/cooja/mtype813.a(button-hal.o)
 .data.rel.local
                0x000000000002a68c       0x10 build/cooja/mtype813.a(button-hal.o)
                0x000000000002a68c                button_hal_process
 .data          0x000000000002a69c        0x0 build/cooja/mtype813.a(serial-line.o)
 .data.rel.local
                0x000000000002a69c       0x10 build/cooja/mtype813.a(serial-line.o)
                0x000000000002a69c                serial_line_process
 .data          0x000000000002a6ac        0x0 build/cooja/mtype813.a(gpio-hal.o)
 .data.rel.local
                0x000000000002a6ac        0x4 build/cooja/mtype813.a(gpio-hal.o)
 .data          0x000000000002a6b0        0x0 build/cooja/mtype813.a(queuebuf.o)
 .data.rel.local
                0x000000000002a6b0       0x18 build/cooja/mtype813.a(queuebuf.o)
 .data          0x000000000002a6c8        0x0 build/cooja/mtype813.a(packetbuf.o)
 .data.rel.local
                0x000000000002a6c8        0x4 build/cooja/mtype813.a(packetbuf.o)
 .data          0x000000000002a6cc        0x0 build/cooja/mtype813.a(netstack.o)
 .data.rel.local
                0x000000000002a6cc        0x4 build/cooja/mtype813.a(netstack.o)
 .data          0x000000000002a6d0        0x0 build/cooja/mtype813.a(linkaddr.o)
 .data          0x000000000002a6d0        0x0 build/cooja/mtype813.a(csma.o)
 .data          0x000000000002a6d0        0x0 build/cooja/mtype813.a(csma-output.o)
 .data.rel.local
                0x000000000002a6d0       0x28 build/cooja/mtype813.a(csma-output.o)
 .data          0x000000000002a6f8        0x0 build/cooja/mtype813.a(uip-ds6.o)
 .data          0x000000000002a6f8        0x0 build/cooja/mtype813.a(uip-ds6-route.o)
 .data.rel.local
                0x000000000002a6f8       0x10 build/cooja/mtype813.a(uip-ds6-route.o)
 .data          0x000000000002a708        0x0 build/cooja/mtype813.a(uip-ds6-nbr.o)
 .data.rel.local
                0x000000000002a708       0x14 build/cooja/mtype813.a(uip-ds6-nbr.o)
 .data          0x000000000002a71c        0x0 build/cooja/mtype813.a(tcpip.o)
 .data.rel.local
                0x000000000002a71c       0x10 build/cooja/mtype813.a(tcpip.o)
                0x000000000002a71c                tcpip_process
 .data          0x000000000002a72c        0x0 build/cooja/mtype813.a(uip6.o)
 .data          0x000000000002a72c        0x0 build/cooja/mtype813.a(uip-nd6.o)
 .data.rel.local
                0x000000000002a72c        0xc build/cooja/mtype813.a(uip-nd6.o)
 .data          0x000000000002a738        0x0 build/cooja/mtype813.a(sicslowpan.o)
 .data          0x000000000002a738        0x0 build/cooja/mtype813.a(uiplib.o)
 .data          0x000000000002a738        0x0 build/cooja/mtype813.a(rpl.o)
 .data          0x000000000002a738        0x0 build/cooja/mtype813.a(rpl-icmp6.o)
 .data.rel.local
                0x000000000002a738       0x30 build/cooja/mtype813.a(rpl-icmp6.o)
 .data          0x000000000002a768        0x0 build/cooja/mtype813.a(rpl-dag-root.o)
 .data          0x000000000002a768        0x0 build/cooja/mtype813.a(watchdog.o)
 .data          0x000000000002a768        0x0 build/cooja/mtype813.a(int-master.o)
 .data          0x000000000002a768        0x0 build/cooja/mtype813.a(stimer.o)
 .data          0x000000000002a768        0x0 build/cooja/mtype813.a(memb.o)
 .data          0x000000000002a768        0x0 build/cooja/mtype813.a(assert.o)
 .data          0x000000000002a768        0x0 build/cooja/mtype813.a(ringbuf.o)
 .data          0x000000000002a768        0x0 build/cooja/mtype813.a(nbr-table.o)
 .data.rel.local
                0x000000000002a768       0x10 build/cooja/mtype813.a(nbr-table.o)
 .data          0x000000000002a778        0x0 build/cooja/mtype813.a(link-stats.o)
 .data.rel.local
                0x000000000002a778       0x14 build/cooja/mtype813.a(link-stats.o)
 .data          0x000000000002a78c        0x0 build/cooja/mtype813.a(mac-sequence.o)
 .data          0x000000000002a78c        0x0 build/cooja/mtype813.a(mac.o)
 .data          0x000000000002a78c        0x0 build/cooja/mtype813.a(framer-802154.o)
 .data          0x000000000002a78c        0x2 build/cooja/mtype813.a(frame802154.o)
 .data          0x000000000002a78e        0x0 build/cooja/mtype813.a(csma-security.o)
 .data          0x000000000002a78e        0x0 build/cooja/mtype813.a(uipbuf.o)
 .data          0x000000000002a78e        0x0 build/cooja/mtype813.a(uip-icmp6.o)
 *fill*         0x000000000002a78e        0x2 
 .data.rel.local
                0x000000000002a790       0x20 build/cooja/mtype813.a(uip-icmp6.o)
 .data          0x000000000002a7b0        0x0 build/cooja/mtype813.a(uip-sr.o)
 .data.rel.local
                0x000000000002a7b0       0x10 build/cooja/mtype813.a(uip-sr.o)
 .data          0x000000000002a7c0        0x0 build/cooja/mtype813.a(uip-packetqueue)
 .data.rel.local
                0x000000000002a7c0        0xc build/cooja/mtype813.a(uip-packetqueue)
 .data          0x000000000002a7cc        0x0 build/cooja/mtype813.a(rpl-nbr-policy.)
 .data          0x000000000002a7cc        0x0 build/cooja/mtype813.a(rpl-neighbor.o)
 .data.rel.local
                0x000000000002a7cc       0x14 build/cooja/mtype813.a(rpl-neighbor.o)
                0x000000000002a7dc                rpl_neighbors
 .data          0x000000000002a7e0        0x0 build/cooja/mtype813.a(rpl-dag.o)
 .data          0x000000000002a7e0        0x0 build/cooja/mtype813.a(rpl-timers.o)
 .data          0x000000000002a7e0        0x0 build/cooja/mtype813.a(rpl-ext-header.)
 .data          0x000000000002a7e0        0x0 build/cooja/mtype813.a(rpl-mrhof.o)
 .data.rel.local
                0x000000000002a7e0       0x24 build/cooja/mtype813.a(rpl-mrhof.o)
                0x000000000002a7e0                rpl_mrhof
 .data          0x000000000002a804        0x0 /usr/lib/i386-linux-gnu/libc_nonshared.a(stack_chk_fail_local.oS)
 .data          0x000000000002a804        0x0 /usr/lib/gcc/i686-linux-gnu/7/crtendS.o
 .data          0x000000000002a804        0x0 /usr/lib/gcc/i686-linux-gnu/7/../../../i386-linux-gnu/crtn.o

.tm_clone_table
                0x000000000002a804        0x0
 .tm_clone_table
                0x000000000002a804        0x0 /usr/lib/gcc/i686-linux-gnu/7/crtbeginS.o
 .tm_clone_table
                0x000000000002a804        0x0 /usr/lib/gcc/i686-linux-gnu/7/crtendS.o

.data1
 *(.data1)
                0x000000000002a804                _edata = .
                [!provide]                        PROVIDE (edata = .)
                0x000000000002a804                . = .
                0x000000000002a804                __bss_start = .

.bss            0x000000000002a820    0x137a4
 *(.dynbss)
 .dynbss        0x000000000002a820        0x0 /usr/lib/gcc/i686-linux-gnu/7/../../../i386-linux-gnu/crti.o
 *(.bss .bss.* .gnu.linkonce.b.*)
 .bss           0x000000000002a820        0x0 /usr/lib/gcc/i686-linux-gnu/7/../../../i386-linux-gnu/crti.o
 .bss           0x000000000002a820        0x1 /usr/lib/gcc/i686-linux-gnu/7/crtbeginS.o
 *fill*         0x000000000002a821        0x3 
 .bss           0x000000000002a824       0x10 timers_demo.o
 *fill*         0x000000000002a834        0xc 
 .bss           0x000000000002a840     0x2040 build/cooja/mtype813.o
 .bss           0x000000000002c880        0x1 build/cooja/mtype813.a(simEnvChange.o)
                0x000000000002c880                simDontFallAsleep
 *fill*         0x000000000002c881        0x3 
 .bss           0x000000000002c884        0x4 build/cooja/mtype813.a(cooja_mt.o)
 .bss           0x000000000002c888        0x4 build/cooja/mtype813.a(cooja_mtarch.o)
 .bss           0x000000000002c88c        0x0 build/cooja/mtype813.a(rtimer-arch.o)
 .bss           0x000000000002c88c        0x0 build/cooja/mtype813.a(beep.o)
 .bss           0x000000000002c88c        0x1 build/cooja/mtype813.a(leds-arch.o)
                0x000000000002c88c                simLedsValue
 .bss           0x000000000002c88d        0x0 build/cooja/mtype813.a(moteid.o)
 .bss           0x000000000002c88d        0x1 build/cooja/mtype813.a(pir-sensor.o)
                0x000000000002c88d                simPirValue
 *fill*         0x000000000002c88e        0x2 
 .bss           0x000000000002c890        0x4 build/cooja/mtype813.a(rs232.o)
 .bss           0x000000000002c894        0x1 build/cooja/mtype813.a(vib-sensor.o)
                0x000000000002c894                simVibValue
 .bss           0x000000000002c895        0x0 build/cooja/mtype813.a(clock.o)
 *fill*         0x000000000002c895        0xb 
 .bss           0x000000000002c8a0     0x2020 build/cooja/mtype813.a(cooja-log.o)
 .bss           0x000000000002e8c0      0xfc0 build/cooja/mtype813.a(cfs-cooja.o)
                0x000000000002e8c0                simCFSData
                0x000000000002f860                simCFSSize
                0x000000000002f864                simCFSChanged
                0x000000000002f868                simCFSRead
                0x000000000002f86c                simCFSWritten
 .bss           0x000000000002f880       0x24 build/cooja/mtype813.a(cooja-radio.o)
                0x000000000002f880                simReceiving
                0x000000000002f884                simInSize
                0x000000000002f888                simLastPacketTimestamp
                0x000000000002f890                simOutSize
 .bss           0x000000000002f8a4        0xc build/cooja/mtype813.a(eeprom.o)
                0x000000000002f8a4                simEEPROMChanged
                0x000000000002f8a8                simEEPROMRead
                0x000000000002f8ac                simEEPROMWritten
 .bss           0x000000000002f8b0        0x0 build/cooja/mtype813.a(random.o)
 .bss           0x000000000002f8b0        0xc build/cooja/mtype813.a(sensors.o)
 .bss           0x000000000002f8bc        0x0 build/cooja/mtype813.a(leds.o)
 .bss           0x000000000002f8bc       0x24 build/cooja/mtype813.a(gpio-hal-arch.o)
 .bss           0x000000000002f8e0        0x0 build/cooja/mtype813.a(buttons.o)
 .bss           0x000000000002f8e0        0x0 build/cooja/mtype813.a(contiki-main.o)
 .bss           0x000000000002f8e0        0x0 build/cooja/mtype813.a(autostart.o)
 .bss           0x000000000002f8e0        0x5 build/cooja/mtype813.a(ctimer.o)
 *fill*         0x000000000002f8e5        0x3 
 .bss           0x000000000002f8e8       0x2c build/cooja/mtype813.a(log.o)
                0x000000000002f8e8                curr_log_level_rpl
                0x000000000002f8ec                curr_log_level_tcpip
                0x000000000002f8f0                curr_log_level_ipv6
                0x000000000002f8f4                curr_log_level_6lowpan
                0x000000000002f8f8                curr_log_level_nullnet
                0x000000000002f8fc                curr_log_level_mac
                0x000000000002f900                curr_log_level_framer
                0x000000000002f904                curr_log_level_6top
                0x000000000002f908                curr_log_level_coap
                0x000000000002f90c                curr_log_level_snmp
                0x000000000002f910                curr_log_level_lwm2m
 .bss           0x000000000002f914        0x0 build/cooja/mtype813.a(energest.o)
 .bss           0x000000000002f914        0x8 build/cooja/mtype813.a(etimer.o)
 .bss           0x000000000002f91c        0x2 build/cooja/mtype813.a(node-id.o)
                0x000000000002f91c                node_id
 *fill*         0x000000000002f91e        0x2 
 .bss           0x000000000002f920        0x4 build/cooja/mtype813.a(rtimer.o)
 *fill*         0x000000000002f924       0x1c 
 .bss           0x000000000002f940      0x1a1 build/cooja/mtype813.a(process.o)
                0x000000000002f940                process_list
                0x000000000002f944                process_current
 .bss           0x000000000002fae1        0x0 build/cooja/mtype813.a(timer.o)
 .bss           0x000000000002fae1        0x0 build/cooja/mtype813.a(list.o)
 *fill*         0x000000000002fae1        0x3 
 .bss           0x000000000002fae4       0x10 build/cooja/mtype813.a(button-hal.o)
 *fill*         0x000000000002faf4        0xc 
 .bss           0x000000000002fb00      0x140 build/cooja/mtype813.a(serial-line.o)
 .bss           0x000000000002fc40        0x4 build/cooja/mtype813.a(gpio-hal.o)
 *fill*         0x000000000002fc44       0x1c 
 .bss           0x000000000002fc60     0x2c80 build/cooja/mtype813.a(queuebuf.o)
 .bss           0x00000000000328e0       0xa0 build/cooja/mtype813.a(packetbuf.o)
 .bss           0x0000000000032980        0x4 build/cooja/mtype813.a(netstack.o)
 .bss           0x0000000000032984        0x0 build/cooja/mtype813.a(linkaddr.o)
 .bss           0x0000000000032984        0x0 build/cooja/mtype813.a(csma.o)
 *fill*         0x0000000000032984       0x1c 
 .bss           0x00000000000329a0      0x726 build/cooja/mtype813.a(csma-output.o)
 *fill*         0x00000000000330c6        0x2 
 .bss           0x00000000000330c8       0x30 build/cooja/mtype813.a(uip-ds6.o)
 *fill*         0x00000000000330f8        0x8 
 .bss           0x0000000000033100       0x60 build/cooja/mtype813.a(uip-ds6-route.o)
 .bss           0x0000000000033160     0x1c20 build/cooja/mtype813.a(uip-ds6-nbr.o)
 .bss           0x0000000000034d80       0x10 build/cooja/mtype813.a(tcpip.o)
 .bss           0x0000000000034d90        0x8 build/cooja/mtype813.a(uip6.o)
                0x0000000000034d90                uip_ext_bitmap
                0x0000000000034d92                uip_ext_len
                0x0000000000034d94                uip_last_proto
 .bss           0x0000000000034d98       0x10 build/cooja/mtype813.a(uip-nd6.o)
 *fill*         0x0000000000034da8       0x18 
 .bss           0x0000000000034dc0      0x724 build/cooja/mtype813.a(sicslowpan.o)
 .bss           0x00000000000354e4        0x0 build/cooja/mtype813.a(uiplib.o)
 .bss           0x00000000000354e4        0x1 build/cooja/mtype813.a(rpl.o)
 .bss           0x00000000000354e5        0x0 build/cooja/mtype813.a(rpl-icmp6.o)
 *fill*         0x00000000000354e5        0x3 
 .bss           0x00000000000354e8       0x11 build/cooja/mtype813.a(rpl-dag-root.o)
 .bss           0x00000000000354f9        0x0 build/cooja/mtype813.a(watchdog.o)
 *fill*         0x00000000000354f9        0x3 
 .bss           0x00000000000354fc        0x4 build/cooja/mtype813.a(int-master.o)
 .bss           0x0000000000035500        0x0 build/cooja/mtype813.a(stimer.o)
 .bss           0x0000000000035500        0x0 build/cooja/mtype813.a(memb.o)
 .bss           0x0000000000035500        0x0 build/cooja/mtype813.a(assert.o)
 .bss           0x0000000000035500        0x0 build/cooja/mtype813.a(ringbuf.o)
 .bss           0x0000000000035500     0x1214 build/cooja/mtype813.a(nbr-table.o)
 *fill*         0x0000000000036714        0xc 
 .bss           0x0000000000036720      0xe10 build/cooja/mtype813.a(link-stats.o)
 *fill*         0x0000000000037530       0x10 
 .bss           0x0000000000037540      0x100 build/cooja/mtype813.a(mac-sequence.o)
 .bss           0x0000000000037640        0x0 build/cooja/mtype813.a(mac.o)
 .bss           0x0000000000037640        0x2 build/cooja/mtype813.a(framer-802154.o)
 .bss           0x0000000000037642        0x0 build/cooja/mtype813.a(frame802154.o)
 .bss           0x0000000000037642        0x0 build/cooja/mtype813.a(csma-security.o)
 *fill*         0x0000000000037642        0x2 
 .bss           0x0000000000037644       0x20 build/cooja/mtype813.a(uipbuf.o)
 .bss           0x0000000000037664       0x18 build/cooja/mtype813.a(uip-icmp6.o)
 *fill*         0x000000000003767c        0x4 
 .bss           0x0000000000037680     0x1d80 build/cooja/mtype813.a(uip-sr.o)
 .bss           0x0000000000039400      0xa78 build/cooja/mtype813.a(uip-packetqueue)
 .bss           0x0000000000039e78        0x0 build/cooja/mtype813.a(rpl-nbr-policy.)
 *fill*         0x0000000000039e78        0x8 
 .bss           0x0000000000039e80      0x960 build/cooja/mtype813.a(rpl-neighbor.o)
 .bss           0x000000000003a7e0        0x0 build/cooja/mtype813.a(rpl-dag.o)
 .bss           0x000000000003a7e0       0x40 build/cooja/mtype813.a(rpl-timers.o)
 .bss           0x000000000003a820        0x0 build/cooja/mtype813.a(rpl-ext-header.)
 .bss           0x000000000003a820        0x0 build/cooja/mtype813.a(rpl-mrhof.o)
 .bss           0x000000000003a820        0x0 /usr/lib/i386-linux-gnu/libc_nonshared.a(stack_chk_fail_local.oS)
 .bss           0x000000000003a820        0x0 /usr/lib/gcc/i686-linux-gnu/7/crtendS.o
 .bss           0x000000000003a820        0x0 /usr/lib/gcc/i686-linux-gnu/7/../../../i386-linux-gnu/crtn.o
 *(COMMON)
 COMMON         0x000000000003a820        0x8 build/cooja/mtype813.o
                0x000000000003a820                referenceVar
                0x000000000003a824                sensors_flags
 COMMON         0x000000000003a828        0xc build/cooja/mtype813.a(simEnvChange.o)
                0x000000000003a828                simEtimerPending
                0x000000000003a82c                simProcessRunValue
                0x000000000003a830                simEtimerNextExpirationTime
 *fill*         0x000000000003a834        0x4 
 COMMON         0x000000000003a838       0x18 build/cooja/mtype813.a(rtimer-arch.o)
                0x000000000003a838                simRtimerPending
                0x000000000003a840                simRtimerCurrentTicks
                0x000000000003a848                simRtimerNextExpirationTime
 COMMON         0x000000000003a850        0x1 build/cooja/mtype813.a(beep.o)
                0x000000000003a850                simBeeped
 *fill*         0x000000000003a851        0x3 
 COMMON         0x000000000003a854        0xc build/cooja/mtype813.a(moteid.o)
                0x000000000003a854                simRandomSeed
                0x000000000003a858                simMoteIDChanged
                0x000000000003a85c                simMoteID
 COMMON         0x000000000003a860        0x2 build/cooja/mtype813.a(pir-sensor.o)
                0x000000000003a860                simPirIsActive
                0x000000000003a861                simPirChanged
 *fill*         0x000000000003a862       0x1e 
 COMMON         0x000000000003a880      0x820 build/cooja/mtype813.a(rs232.o)
                0x000000000003a880                simSerialReceivingFlag
                0x000000000003a884                simSerialReceivingLength
                0x000000000003a8a0                simSerialReceivingData
 COMMON         0x000000000003b0a0        0x2 build/cooja/mtype813.a(vib-sensor.o)
                0x000000000003b0a0                simVibChanged
                0x000000000003b0a1                simVibIsActive
 *fill*         0x000000000003b0a2        0x2 
 COMMON         0x000000000003b0a4        0x4 build/cooja/mtype813.a(clock.o)
                0x000000000003b0a4                simCurrentTime
 *fill*         0x000000000003b0a8       0x18 
 COMMON         0x000000000003b0c0     0x2020 build/cooja/mtype813.a(cooja-log.o)
                0x000000000003b0c0                simLoggedLength
                0x000000000003b0c4                simLoggedFlag
                0x000000000003b0e0                simLoggedData
 COMMON         0x000000000003d0e0       0xfd build/cooja/mtype813.a(cooja-radio.o)
                0x000000000003d0e0                simOutDataBuffer
                0x000000000003d160                simInDataBuffer
 *fill*         0x000000000003d1dd        0x3 
 COMMON         0x000000000003d1e0      0x400 build/cooja/mtype813.a(eeprom.o)
                0x000000000003d1e0                simEEPROMData
 COMMON         0x000000000003d5e0        0x1 build/cooja/mtype813.a(sensors.o)
                0x000000000003d5e0                sensors_event
 COMMON         0x000000000003d5e1        0x2 build/cooja/mtype813.a(buttons.o)
                0x000000000003d5e1                simButtonIsDown
                0x000000000003d5e2                simButtonChanged
 COMMON         0x000000000003d5e3        0x3 build/cooja/mtype813.a(button-hal.o)
                0x000000000003d5e3                button_hal_periodic_event
                0x000000000003d5e4                button_hal_press_event
                0x000000000003d5e5                button_hal_release_event
 COMMON         0x000000000003d5e6        0x1 build/cooja/mtype813.a(serial-line.o)
                0x000000000003d5e6                serial_line_event_message
 *fill*         0x000000000003d5e7        0x1 
 COMMON         0x000000000003d5e8       0x2c build/cooja/mtype813.a(packetbuf.o)
                0x000000000003d5e8                packetbuf_attrs
                0x000000000003d604                packetbuf_addrs
 COMMON         0x000000000003d614        0x8 build/cooja/mtype813.a(linkaddr.o)
                0x000000000003d614                linkaddr_node_addr
 *fill*         0x000000000003d61c        0x4 
 COMMON         0x000000000003d620      0x1a5 build/cooja/mtype813.a(uip-ds6.o)
                0x000000000003d620                uip_ds6_prefix_list