Archive member included to satisfy reference by file (symbol)

build/cooja/mtype242.a(simEnvChange.o)
                              build/cooja/mtype242.o (simDontFallAsleep)
build/cooja/mtype242.a(cooja_mt.o)
                              build/cooja/mtype242.o (cooja_mt_start)
build/cooja/mtype242.a(cooja_mtarch.o)
                              build/cooja/mtype242.a(cooja_mt.o) (cooja_mtarch_start)
build/cooja/mtype242.a(rtimer-arch.o)
                              build/cooja/mtype242.o (rtimer_arch_check)
build/cooja/mtype242.a(beep.o)
                              build/cooja/mtype242.o (beep_interface)
build/cooja/mtype242.a(leds-arch.o)
                              build/cooja/mtype242.o (leds_interface)
build/cooja/mtype242.a(moteid.o)
                              build/cooja/mtype242.o (moteid_interface)
build/cooja/mtype242.a(pir-sensor.o)
                              build/cooja/mtype242.o (pir_interface)
build/cooja/mtype242.a(rs232.o)
                              build/cooja/mtype242.o (rs232_interface)
build/cooja/mtype242.a(vib-sensor.o)
                              build/cooja/mtype242.o (vib_interface)
build/cooja/mtype242.a(clock.o)
                              build/cooja/mtype242.o (clock_interface)
build/cooja/mtype242.a(cooja-log.o)
                              build/cooja/mtype242.o (simlog_interface)
build/cooja/mtype242.a(cfs-cooja.o)
                              build/cooja/mtype242.o (cfs_interface)
build/cooja/mtype242.a(cooja-radio.o)
                              build/cooja/mtype242.o (radio_interface)
build/cooja/mtype242.a(eeprom.o)
                              build/cooja/mtype242.o (eeprom_interface)
build/cooja/mtype242.a(random.o)
                              build/cooja/mtype242.a(moteid.o) (random_init)
build/cooja/mtype242.a(sensors.o)
                              build/cooja/mtype242.a(pir-sensor.o) (sensors_changed)
build/cooja/mtype242.a(leds.o)
                              build/cooja/mtype242.a(leds-arch.o) (leds_get)
build/cooja/mtype242.a(gpio-hal-arch.o)
                              build/cooja/mtype242.a(leds-arch.o) (gpio_hal_arch_register_pin_callback)
build/cooja/mtype242.a(buttons.o)
                              build/cooja/mtype242.o (button_interface)
build/cooja/mtype242.a(contiki-main.o)
                              build/cooja/mtype242.o (main)
build/cooja/mtype242.a(autostart.o)
                              build/cooja/mtype242.a(contiki-main.o) (autostart_start)
build/cooja/mtype242.a(ctimer.o)
                              build/cooja/mtype242.a(contiki-main.o) (ctimer_init)
build/cooja/mtype242.a(log.o)
                              build/cooja/mtype242.a(contiki-main.o) (curr_log_level_main)
build/cooja/mtype242.a(energest.o)
                              build/cooja/mtype242.a(contiki-main.o) (energest_init)
build/cooja/mtype242.a(etimer.o)
                              build/cooja/mtype242.a(contiki-main.o) (etimer_process)
build/cooja/mtype242.a(node-id.o)
                              build/cooja/mtype242.a(contiki-main.o) (node_id)
build/cooja/mtype242.a(rtimer.o)
                              build/cooja/mtype242.a(contiki-main.o) (rtimer_init)
build/cooja/mtype242.a(process.o)
                              build/cooja/mtype242.a(ctimer.o) (process_current)
build/cooja/mtype242.a(timer.o)
                              build/cooja/mtype242.a(etimer.o) (timer_set)
build/cooja/mtype242.a(list.o)
                              build/cooja/mtype242.a(ctimer.o) (list_init)
build/cooja/mtype242.a(button-hal.o)
                              build/cooja/mtype242.o (button_hal_init)
build/cooja/mtype242.a(serial-line.o)
                              build/cooja/mtype242.a(rs232.o) (serial_line_input_byte)
build/cooja/mtype242.a(gpio-hal.o)
                              build/cooja/mtype242.a(button-hal.o) (gpio_hal_register_handler)
build/cooja/mtype242.a(queuebuf.o)
                              build/cooja/mtype242.a(contiki-main.o) (queuebuf_init)
build/cooja/mtype242.a(packetbuf.o)
                              build/cooja/mtype242.a(cooja-radio.o) (packetbuf_clear)
build/cooja/mtype242.a(netstack.o)
                              build/cooja/mtype242.a(contiki-main.o) (netstack_init)
build/cooja/mtype242.a(linkaddr.o)
                              build/cooja/mtype242.a(contiki-main.o) (linkaddr_node_addr)
build/cooja/mtype242.a(csma.o)
                              build/cooja/mtype242.a(cooja-radio.o) (csma_driver)
build/cooja/mtype242.a(csma-output.o)
                              build/cooja/mtype242.a(csma.o) (csma_output_packet)
build/cooja/mtype242.a(uip-ds6.o)
                              build/cooja/mtype242.a(contiki-main.o) (uip_ds6_get_link_local)
build/cooja/mtype242.a(uip-ds6-route.o)
                              build/cooja/mtype242.a(uip-ds6.o) (uip_ds6_route_init)
build/cooja/mtype242.a(uip-ds6-nbr.o)
                              build/cooja/mtype242.a(uip-ds6.o) (uip_ds6_neighbors_init)
[...]
Memory Configuration

Name             Origin             Length             Attributes
*default*        0x0000000000000000 0xffffffffffffffff

Linker script and memory map

LOAD /usr/lib/gcc/i686-linux-gnu/7/../../../i386-linux-gnu/crti.o
LOAD /usr/lib/gcc/i686-linux-gnu/7/crtbeginS.o
LOAD sensor_node.o
LOAD build/cooja/mtype242.o
LOAD build/cooja/obj/virtual_sensor.o
LOAD build/cooja/mtype242.a
LOAD /usr/lib/gcc/i686-linux-gnu/7/libgcc.a
LOAD /usr/lib/gcc/i686-linux-gnu/7/libgcc_s.so
START GROUP
LOAD /usr/lib/gcc/i686-linux-gnu/7/libgcc_s.so.1
LOAD /usr/lib/gcc/i686-linux-gnu/7/libgcc.a
END GROUP
LOAD /usr/lib/gcc/i686-linux-gnu/7/../../../i386-linux-gnu/libc.so
START GROUP
LOAD /lib/i386-linux-gnu/libc.so.6
LOAD /usr/lib/i386-linux-gnu/libc_nonshared.a
LOAD /lib/i386-linux-gnu/ld-linux.so.2
END GROUP
LOAD /usr/lib/gcc/i686-linux-gnu/7/libgcc.a
LOAD /usr/lib/gcc/i686-linux-gnu/7/libgcc_s.so
START GROUP
LOAD /usr/lib/gcc/i686-linux-gnu/7/libgcc_s.so.1
LOAD /usr/lib/gcc/i686-linux-gnu/7/libgcc.a
END GROUP
LOAD /usr/lib/gcc/i686-linux-gnu/7/crtendS.o
LOAD /usr/lib/gcc/i686-linux-gnu/7/../../../i386-linux-gnu/crtn.o
                0x0000000000000114                . = (SEGMENT_START ("text-segment", 0x0) + SIZEOF_HEADERS)

.note.gnu.build-id
                0x0000000000000114       0x24
 *(.note.gnu.build-id)
 .note.gnu.build-id
                0x0000000000000114       0x24 /usr/lib/gcc/i686-linux-gnu/7/../../../i386-linux-gnu/crti.o

.hash
 *(.hash)

.gnu.hash       0x0000000000000138     0x1424
 *(.gnu.hash)
 .gnu.hash      0x0000000000000138     0x1424 /usr/lib/gcc/i686-linux-gnu/7/../../../i386-linux-gnu/crti.o

.dynsym         0x000000000000155c     0x28d0
 *(.dynsym)
 .dynsym        0x000000000000155c     0x28d0 /usr/lib/gcc/i686-linux-gnu/7/../../../i386-linux-gnu/crti.o

.dynstr         0x0000000000003e2c     0x2e4e
 *(.dynstr)
 .dynstr        0x0000000000003e2c     0x2e4e /usr/lib/gcc/i686-linux-gnu/7/../../../i386-linux-gnu/crti.o

.gnu.version    0x0000000000006c7a      0x51a
 *(.gnu.version)
 .gnu.version   0x0000000000006c7a      0x51a /usr/lib/gcc/i686-linux-gnu/7/../../../i386-linux-gnu/crti.o

.gnu.version_d  0x0000000000007194        0x0
 *(.gnu.version_d)
 .gnu.version_d
                0x0000000000007194        0x0 /usr/lib/gcc/i686-linux-gnu/7/../../../i386-linux-gnu/crti.o

.gnu.version_r  0x0000000000007194       0x40
 *(.gnu.version_r)
 .gnu.version_r
                0x0000000000007194       0x40 /usr/lib/gcc/i686-linux-gnu/7/../../../i386-linux-gnu/crti.o

.rel.dyn        0x00000000000071d4      0xd98
 *(.rel.init)
 .rel.init      0x00000000000071d4        0x0 /usr/lib/gcc/i686-linux-gnu/7/../../../i386-linux-gnu/crti.o
 *(.rel.text .rel.text.* .rel.gnu.linkonce.t.*)
 .rel.text      0x00000000000071d4      0x4e8 /usr/lib/gcc/i686-linux-gnu/7/../../../i386-linux-gnu/crti.o
 *(.rel.fini)
 .rel.fini      0x00000000000076bc        0x0 /usr/lib/gcc/i686-linux-gnu/7/../../../i386-linux-gnu/crti.o
 *(.rel.rodata .rel.rodata.* .rel.gnu.linkonce.r.*)
 *(.rel.data.rel.ro .rel.data.rel.ro.* .rel.gnu.linkonce.d.rel.ro.*)
 .rel.data.rel.ro.local
                0x00000000000076bc      0x208 /usr/lib/gcc/i686-linux-gnu/7/../../../i386-linux-gnu/crti.o
 .rel.data.rel.ro
                0x00000000000078c4       0xb0 /usr/lib/gcc/i686-linux-gnu/7/../../../i386-linux-gnu/crti.o
 *(.rel.data .rel.data.* .rel.gnu.linkonce.d.*)
 .rel.data.rel.local
                0x0000000000007974      0x2e0 /usr/lib/gcc/i686-linux-gnu/7/../../../i386-linux-gnu/crti.o
 .rel.data.rel  0x0000000000007c54       0x78 /usr/lib/gcc/i686-linux-gnu/7/../../../i386-linux-gnu/crti.o
 *(.rel.tdata .rel.tdata.* .rel.gnu.linkonce.td.*)
 *(.rel.tbss .rel.tbss.* .rel.gnu.linkonce.tb.*)
 *(.rel.ctors)
 *(.rel.dtors)
 *(.rel.got)
 .rel.got       0x0000000000007ccc      0x290 /usr/lib/gcc/i686-linux-gnu/7/../../../i386-linux-gnu/crti.o
 *(.rel.bss .rel.bss.* .rel.gnu.linkonce.b.*)
 *(.rel.ifunc)
 .rel.ifunc     0x0000000000007f5c        0x0 /usr/lib/gcc/i686-linux-gnu/7/../../../i386-linux-gnu/crti.o
 .rel.fini_array
                0x0000000000007f5c        0x8 /usr/lib/gcc/i686-linux-gnu/7/../../../i386-linux-gnu/crti.o
 .rel.init_array
                0x0000000000007f64        0x8 /usr/lib/gcc/i686-linux-gnu/7/../../../i386-linux-gnu/crti.o

.rel.plt        0x0000000000007f6c      0x930
 *(.rel.plt)
 .rel.plt       0x0000000000007f6c      0x930 /usr/lib/gcc/i686-linux-gnu/7/../../../i386-linux-gnu/crti.o
 *(.rel.iplt)

.init           0x000000000000889c       0x23
 *(SORT_NONE(.init))
 .init          0x000000000000889c       0x1e /usr/lib/gcc/i686-linux-gnu/7/../../../i386-linux-gnu/crti.o
                0x000000000000889c                _init
 .init          0x00000000000088ba        0x5 /usr/lib/gcc/i686-linux-gnu/7/../../../i386-linux-gnu/crtn.o

.plt            0x00000000000088c0     0x1270
 *(.plt)
 .plt           0x00000000000088c0     0x1270 /usr/lib/gcc/i686-linux-gnu/7/../../../i386-linux-gnu/crti.o
 *(.iplt)

.plt.got        0x0000000000009b30       0x18
 *(.plt.got)
 .plt.got       0x0000000000009b30       0x18 /usr/lib/gcc/i686-linux-gnu/7/../../../i386-linux-gnu/crti.o

.plt.sec
 *(.plt.sec)

.text           0x0000000000009b50    0x176e4
 *(.text.unlikely .text.*_unlikely .text.unlikely.*)
 *(.text.exit .text.exit.*)
 *(.text.startup .text.startup.*)
 *(.text.hot .text.hot.*)
 *(.text .stub .text.* .gnu.linkonce.t.*)
 .text          0x0000000000009b50        0x0 /usr/lib/gcc/i686-linux-gnu/7/../../../i386-linux-gnu/crti.o
 .gnu.linkonce.t.__x86.get_pc_thunk.bx
                0x0000000000009b50        0x4 /usr/lib/gcc/i686-linux-gnu/7/../../../i386-linux-gnu/crti.o
                0x0000000000009b50                __x86.get_pc_thunk.bx
 *fill*         0x0000000000009b54        0xc 
 .text          0x0000000000009b60       0xe9 /usr/lib/gcc/i686-linux-gnu/7/crtbeginS.o
 .text.__x86.get_pc_thunk.dx
                0x0000000000009c49        0x4 /usr/lib/gcc/i686-linux-gnu/7/crtbeginS.o
                0x0000000000009c49                __x86.get_pc_thunk.dx
 .text          0x0000000000009c4d       0xfa sensor_node.o
 .text          0x0000000000009d47      0x36b build/cooja/mtype242.o
                0x0000000000009df9                platform_init_stage_one
                0x0000000000009e1c                platform_init_stage_two
                0x0000000000009e3f                platform_init_stage_three
                0x0000000000009e62                platform_main_loop
                0x0000000000009f08                Java_org_contikios_cooja_corecomm_Lib4_init
                0x0000000000009f56                Java_org_contikios_cooja_corecomm_Lib4_getMemory
                0x0000000000009f96                Java_org_contikios_cooja_corecomm_Lib4_setMemory
                0x000000000000a007                Java_org_contikios_cooja_corecomm_Lib4_tick
                0x000000000000a091                Java_org_contikios_cooja_corecomm_Lib4_setReferenceAddress
 .text.__x86.get_pc_thunk.ax
                0x000000000000a0b2        0x4 build/cooja/mtype242.o
                0x000000000000a0b2                __x86.get_pc_thunk.ax
 .text          0x000000000000a0b6       0xbc build/cooja/obj/virtual_sensor.o
                0x000000000000a0b6                random_value
                0x000000000000a0f0                read_temperature
                0x000000000000a12f                read_humidity
 .text          0x000000000000a172       0x8d build/cooja/mtype242.a(simEnvChange.o)
                0x000000000000a172                doActionsBeforeTick
                0x000000000000a1b8                doActionsAfterTick
 .text          0x000000000000a1ff       0xb6 build/cooja/mtype242.a(cooja_mt.o)
                0x000000000000a1ff                cooja_mt_start
                0x000000000000a239                cooja_mt_exec
                0x000000000000a280                cooja_mt_yield
 .text          0x000000000000a2b5       0xf2 build/cooja/mtype242.a(cooja_mtarch.o)
                0x000000000000a2b5                cooja_mtarch_start
                0x000000000000a339                cooja_sw
                0x000000000000a367                cooja_mtarch_exec
                0x000000000000a392                cooja_mtarch_yield
 .text          0x000000000000a3a7      0x127 build/cooja/mtype242.a(rtimer-arch.o)
                0x000000000000a3a7                rtimer_arch_init
                0x000000000000a3d6                rtimer_arch_schedule
                0x000000000000a418                rtimer_arch_next
                0x000000000000a432                rtimer_arch_pending
                0x000000000000a449                rtimer_arch_check
                0x000000000000a4b4                rtimer_arch_now
 .text.__x86.get_pc_thunk.cx
                0x000000000000a4ce        0x4 build/cooja/mtype242.a(rtimer-arch.o)
                0x000000000000a4ce                __x86.get_pc_thunk.cx
 .text          0x000000000000a4d2      0x101 build/cooja/mtype242.a(beep.o)
                0x000000000000a4d2                beep_alarm
                0x000000000000a4eb                beep_beep
                0x000000000000a504                beep
                0x000000000000a51d                beep_down
                0x000000000000a536                beep_on
                0x000000000000a54f                beep_off
                0x000000000000a568                beep_spinup
                0x000000000000a581                beep_quick
                0x000000000000a59a                beep_long
 .text          0x000000000000a5d3       0x9f build/cooja/mtype242.a(leds-arch.o)
                0x000000000000a5f7                leds_arch_init
 .text          0x000000000000a672       0x56 build/cooja/mtype242.a(moteid.o)
 .text          0x000000000000a6c8      0x101 build/cooja/mtype242.a(pir-sensor.o)
 .text          0x000000000000a7c9      0x1cc build/cooja/mtype242.a(rs232.o)
                0x000000000000a7c9                rs232_init
                0x000000000000a7d9                rs232_set_speed
                0x000000000000a7f2                rs232_set_input
                0x000000000000a80b                rs232_send
                0x000000000000a841                rs232_print
                0x000000000000a86f                slip_arch_writeb
 .text          0x000000000000a995      0x101 build/cooja/mtype242.a(vib-sensor.o)
 .text          0x000000000000aa96       0x7a build/cooja/mtype242.a(clock.o)
                0x000000000000aa96                clock_init
                0x000000000000aaa6                clock_time
                0x000000000000aabd                clock_seconds
                0x000000000000aae0                clock_delay
 .text          0x000000000000ab10      0x2b5 build/cooja/mtype242.a(cooja-log.o)
                0x000000000000ab10                simlog_char
                0x000000000000ab74                simlog
                0x000000000000ac0e                log_message
                0x000000000000ac5d                log_set_putchar_with_slip
                0x000000000000ac76                log_putchar
                0x000000000000ad01                log_puts
                0x000000000000ad33                log_printf
 .text          0x000000000000adc5      0x36c build/cooja/mtype242.a(cfs-cooja.o)
                0x000000000000adc5                cfs_open
                0x000000000000ae3d                cfs_close
                0x000000000000ae54                cfs_read
                0x000000000000af08                cfs_write
                0x000000000000b006                cfs_seek
                0x000000000000b0a3                cfs_remove
                0x000000000000b0d9                cfs_opendir
                0x000000000000b0ed                cfs_readdir
                0x000000000000b101                cfs_closedir
 .text          0x000000000000b131      0x785 build/cooja/mtype242.a(cooja-radio.o)
                0x000000000000b19f                radio_set_channel
                0x000000000000b1b8                radio_set_txpower
                0x000000000000b1db                radio_signal_strength_last
                0x000000000000b1f0                radio_signal_strength_current
                0x000000000000b205                radio_LQI
 .text          0x000000000000b8b6      0x130 build/cooja/mtype242.a(eeprom.o)
                0x000000000000b8b6                eeprom_init
                0x000000000000b8c6                eeprom_read
                0x000000000000b946                eeprom_write
 .text          0x000000000000b9e6       0x4e build/cooja/mtype242.a(random.o)
                0x000000000000b9e6                random_init
                0x000000000000ba16                random_rand
 .text          0x000000000000ba34      0x332 build/cooja/mtype242.a(sensors.o)
                0x000000000000ba7b                sensors_first
                0x000000000000ba92                sensors_next
                0x000000000000babd                sensors_changed
                0x000000000000bb0a                sensors_find
 .text          0x000000000000bd66      0x3fc build/cooja/mtype242.a(leds.o)
                0x000000000000bd66                leds_init
                0x000000000000bdbe                leds_single_on
                0x000000000000be36                leds_single_off
                0x000000000000beae                leds_single_toggle
                0x000000000000bef2                leds_on
                0x000000000000bf8a                leds_off
                0x000000000000c022                leds_toggle
                0x000000000000c088                leds_set
                0x000000000000c0be                leds_get
 .text          0x000000000000c162      0x401 build/cooja/mtype242.a(gpio-hal-arch.o)
                0x000000000000c162                gpio_hal_arch_register_pin_callback
                0x000000000000c1e3                gpio_hal_arch_init
                0x000000000000c23d                gpio_hal_arch_no_port_interrupt_enable
                0x000000000000c277                gpio_hal_arch_no_port_interrupt_disable
                0x000000000000c2b1                gpio_hal_arch_no_port_pin_cfg_set
                0x000000000000c2e0                gpio_hal_arch_no_port_pin_cfg_get
                0x000000000000c310                gpio_hal_arch_no_port_pin_set_input
                0x000000000000c32c                gpio_hal_arch_no_port_pin_set_output
                0x000000000000c348                gpio_hal_arch_no_port_set_pin
                0x000000000000c373                gpio_hal_arch_no_port_clear_pin
                0x000000000000c39e                gpio_hal_arch_no_port_read_pin
                0x000000000000c3d0                gpio_hal_arch_no_port_write_pin
                0x000000000000c404                gpio_hal_arch_no_port_set_pins
                0x000000000000c455                gpio_hal_arch_no_port_clear_pins
                0x000000000000c4a6                gpio_hal_arch_no_port_read_pins
                0x000000000000c4f9                gpio_hal_arch_no_port_write_pins
 .text          0x000000000000c563       0xc6 build/cooja/mtype242.a(buttons.o)
 .text          0x000000000000c629      0x3c1 build/cooja/mtype242.a(contiki-main.o)
                0x000000000000c629                main
 .text          0x000000000000c9ea       0xb0 build/cooja/mtype242.a(autostart.o)
                0x000000000000c9ea                autostart_start
                0x000000000000ca43                autostart_exit
 .text          0x000000000000ca9a      0x400 build/cooja/mtype242.a(ctimer.o)
                0x000000000000cbdd                ctimer_init
                0x000000000000cc22                ctimer_set
                0x000000000000cc55                ctimer_set_with_process
                0x000000000000ccec                ctimer_reset
                0x000000000000cd5a                ctimer_restart
                0x000000000000cdc8                ctimer_stop
                0x000000000000ce28                ctimer_expired
 .text          0x000000000000ce9a      0x4a3 build/cooja/mtype242.a(log.o)
                0x000000000000ce9a                log_6addr
                0x000000000000cefe                log_6addr_compact_snprint
                0x000000000000cfbe                log_6addr_compact
                0x000000000000d022                log_lladdr
                0x000000000000d0a9                log_lladdr_compact
                0x000000000000d126                log_bytes
                0x000000000000d17a                log_set_level
                0x000000000000d258                log_get_level
                0x000000000000d2e9                log_level_to_str
 .text          0x000000000000d33d       0x39 build/cooja/mtype242.a(energest.o)
                0x000000000000d33d                energest_init
                0x000000000000d34d                energest_flush
                0x000000000000d35d                energest_get_total_time
 .text          0x000000000000d376      0x527 build/cooja/mtype242.a(etimer.o)
                0x000000000000d5cb                etimer_request_poll
                0x000000000000d67c                etimer_set
                0x000000000000d6b5                etimer_reset_with_new_interval
                0x000000000000d6f4                etimer_reset
                0x000000000000d72a                etimer_restart
                0x000000000000d760                etimer_adjust
                0x000000000000d787                etimer_expired
                0x000000000000d7a4                etimer_expiration_time
                0x000000000000d7c0                etimer_start_time
                0x000000000000d7d4                etimer_pending
                0x000000000000d7f1                etimer_next_expiration_time
                0x000000000000d819                etimer_stop
 .text          0x000000000000d89d       0x36 build/cooja/mtype242.a(node-id.o)
                0x000000000000d89d                node_id_init
 .text          0x000000000000d8d3      0x122 build/cooja/mtype242.a(rtimer.o)
                0x000000000000d8d3                rtimer_init
                0x000000000000d8f2                rtimer_set
                0x000000000000d980                rtimer_run_next
 .text          0x000000000000d9f5      0x5cb build/cooja/mtype242.a(process.o)
                0x000000000000d9f5                process_alloc_event
                0x000000000000da16                process_start
                0x000000000000dc1b                process_exit
                0x000000000000dc43                process_init
                0x000000000000de0b                process_run
                0x000000000000de4e                process_nevents
                0x000000000000de73                process_post
                0x000000000000df20                process_post_synch
                0x000000000000df66                process_poll
                0x000000000000dfa2                process_is_running
 .text.__x86.get_pc_thunk.si
                0x000000000000dfc0        0x4 build/cooja/mtype242.a(process.o)
                0x000000000000dfc0                __x86.get_pc_thunk.si
 .text          0x000000000000dfc4       0xf6 build/cooja/mtype242.a(timer.o)
                0x000000000000dfc4                timer_set
                0x000000000000dff3                timer_reset
                0x000000000000e02a                timer_restart
                0x000000000000e050                timer_expired
                0x000000000000e08e                timer_remaining
 .text          0x000000000000e0ba      0x311 build/cooja/mtype242.a(list.o)
                0x000000000000e0ba                list_init
                0x000000000000e0d3                list_head
                0x000000000000e0e7                list_copy
                0x000000000000e101                list_tail
                0x000000000000e141                list_add
                0x000000000000e197                list_push
                0x000000000000e1cd                list_chop
                0x000000000000e241                list_pop
                0x000000000000e273                list_remove
                0x000000000000e2e5                list_length
                0x000000000000e31d                list_insert
                0x000000000000e36c                list_item_next
                0x000000000000e38d                list_contains
 .text          0x000000000000e3cb      0x566 build/cooja/mtype242.a(button-hal.o)
                0x000000000000e5bf                button_hal_get_by_id
                0x000000000000e609                button_hal_get_by_index
                0x000000000000e643                button_hal_get_state
                0x000000000000e6a5                button_hal_init
 .text          0x000000000000e931      0x242 build/cooja/mtype242.a(serial-line.o)
                0x000000000000e931                serial_line_input_byte
                0x000000000000eb29                serial_line_init
 .text          0x000000000000eb73      0x1d6 build/cooja/mtype242.a(gpio-hal.o)
                0x000000000000eb73                gpio_hal_register_handler
                0x000000000000eba1                gpio_hal_event_handler
                0x000000000000ec0e                gpio_hal_init
                0x000000000000ec3d                gpio_hal_arch_port_toggle_pin
                0x000000000000ec88                gpio_hal_arch_port_toggle_pins
                0x000000000000ecc5                gpio_hal_arch_no_port_toggle_pin
                0x000000000000ed12                gpio_hal_arch_no_port_toggle_pins
 .text          0x000000000000ed49      0x3a9 build/cooja/mtype242.a(queuebuf.o)
                0x000000000000ed5d                queuebuf_init
                0x000000000000ed99                queuebuf_numfree
                0x000000000000edc3                queuebuf_new_from_packetbuf
                0x000000000000ee77                queuebuf_update_attr_from_packetbuf
                0x000000000000eebb                queuebuf_update_from_packetbuf
                0x000000000000ef1a                queuebuf_free
                0x000000000000ef78                queuebuf_to_packetbuf
                0x000000000000eff5                queuebuf_dataptr
                0x000000000000f041                queuebuf_datalen
                0x000000000000f06e                queuebuf_addr
                0x000000000000f0ad                queuebuf_attr
                0x000000000000f0e2                queuebuf_debug_print
 .text          0x000000000000f0f2      0x4dd build/cooja/mtype242.a(packetbuf.o)
                0x000000000000f0f2                packetbuf_clear
                0x000000000000f128                packetbuf_copyfrom
                0x000000000000f188                packetbuf_copyto
                0x000000000000f226                packetbuf_hdralloc
                0x000000000000f2b6                packetbuf_hdrreduce
                0x000000000000f308                packetbuf_set_datalen
                0x000000000000f32d                packetbuf_dataptr
                0x000000000000f354                packetbuf_hdrptr
                0x000000000000f369                packetbuf_datalen
                0x000000000000f37f                packetbuf_hdrlen
                0x000000000000f39e                packetbuf_totlen
                0x000000000000f3be                packetbuf_remaininglen
                0x000000000000f3db                packetbuf_attr_clear
                0x000000000000f441                packetbuf_attr_copyto
                0x000000000000f487                packetbuf_attr_copyfrom
                0x000000000000f4cd                packetbuf_set_attr
                0x000000000000f503                packetbuf_attr
                0x000000000000f529                packetbuf_set_addr
                0x000000000000f571                packetbuf_addr
                0x000000000000f59b                packetbuf_holds_broadcast
 .text          0x000000000000f5cf      0x13c build/cooja/mtype242.a(netstack.o)
                0x000000000000f5cf                netstack_process_ip_callback
                0x000000000000f670                netstack_ip_packet_processor_add
                0x000000000000f6a4                uip_ds6_ip_packet_processor_rm
                0x000000000000f6d2                netstack_init
 .text          0x000000000000f70b       0x75 build/cooja/mtype242.a(linkaddr.o)
                0x000000000000f70b                linkaddr_copy
                0x000000000000f72b                linkaddr_cmp
                0x000000000000f75e                linkaddr_set_node_addr
 .text          0x000000000000f780      0x2ae build/cooja/mtype242.a(csma.o)
 .text          0x000000000000fa2e      0xa6f build/cooja/mtype242.a(csma-output.o)
                0x00000000000101a0                csma_output_packet
                0x000000000001044f                csma_output_init
 .text          0x000000000001049d      0xe47 build/cooja/mtype242.a(uip-ds6.o)
                0x000000000001049d                uip_ds6_default_prefix
                0x00000000000104b2                uip_ds6_set_default_prefix
                0x00000000000104e8                uip_ds6_init
                0x0000000000010783                uip_ds6_periodic
                0x000000000001082b                uip_ds6_list_loop
                0x00000000000108fa                uip_ds6_prefix_add
                0x00000000000109c1                uip_ds6_prefix_rm
                0x00000000000109de                uip_ds6_prefix_lookup
                0x0000000000010a31                uip_ds6_is_addr_onlink
                0x0000000000010abe                uip_ds6_addr_add
                0x0000000000010c00                uip_ds6_addr_rm
                0x0000000000010cbf                uip_ds6_addr_lookup
                0x0000000000010d0f                uip_ds6_get_link_local
                0x0000000000010dad                uip_ds6_get_global
                0x0000000000010e4b                uip_ds6_maddr_add
                0x0000000000010ec7                uip_ds6_maddr_rm
                0x0000000000010ee4                uip_ds6_maddr_lookup
                0x0000000000010f37                uip_ds6_aaddr_add
                0x0000000000010fb0                uip_ds6_aaddr_rm
                0x0000000000010fcd                uip_ds6_aaddr_lookup
                0x000000000001101d                uip_ds6_select_src
                0x000000000001118b                uip_ds6_set_addr_iid
                0x00000000000111c0                uip_ds6_set_lladdr_from_iid
                0x00000000000111f3                get_match_length
                0x000000000001128e                uip_ds6_compute_reachable_time
 .text          0x00000000000112e4      0x453 build/cooja/mtype242.a(uip-ds6-route.o)
                0x0000000000011346                uip_ds6_route_init
                0x0000000000011382                uip_ds6_route_count_nexthop_neighbors
                0x0000000000011396                uip_ds6_route_nexthop
                0x00000000000113aa                uip_ds6_route_head
                0x00000000000113be                uip_ds6_route_next
                0x00000000000113d2                uip_ds6_route_is_nexthop
                0x00000000000113e6                uip_ds6_route_num_routes
                0x00000000000113fa                uip_ds6_route_lookup
                0x000000000001140e                uip_ds6_route_add
                0x000000000001142b                uip_ds6_route_rm
                0x000000000001143b                uip_ds6_route_rm_by_nexthop
                0x000000000001144b                uip_ds6_defrt_head
                0x0000000000011475                uip_ds6_defrt_add
                0x0000000000011535                uip_ds6_defrt_rm
                0x00000000000115ae                uip_ds6_defrt_lookup
                0x0000000000011625                uip_ds6_defrt_choose
                0x00000000000116ab                uip_ds6_defrt_periodic
 .text          0x0000000000011737      0x43e build/cooja/mtype242.a(uip-ds6-nbr.o)
                0x0000000000011737                uip_ds6_neighbors_init
                0x000000000001176d                uip_ds6_nbr_add
                0x0000000000011807                uip_ds6_nbr_rm
                0x0000000000011866                uip_ds6_nbr_update_ll
                0x0000000000011963                uip_ds6_nbr_get_ipaddr
                0x0000000000011982                uip_ds6_nbr_get_ll
                0x00000000000119af                uip_ds6_nbr_num
                0x0000000000011a09                uip_ds6_nbr_head
                0x0000000000011a33                uip_ds6_nbr_next
                0x0000000000011a60                uip_ds6_nbr_lookup
                0x0000000000011ac7                uip_ds6_nbr_ll_lookup
                0x0000000000011af4                uip_ds6_nbr_ipaddr_from_lladdr
                0x0000000000011b27                uip_ds6_nbr_lladdr_from_ipaddr
                0x0000000000011b65                uip_ds6_link_callback
 .text          0x0000000000011b75      0x870 build/cooja/mtype242.a(tcpip.o)
                0x0000000000011b9b                tcpip_output
                0x0000000000011c4a                udp_attach
                0x0000000000011c6c                udp_new
                0x0000000000011cc6                udp_broadcast_new
                0x0000000000011e66                tcpip_input
                0x000000000001205c                tcpip_ipv6_output
                0x0000000000012298                tcpip_poll_udp
                0x00000000000122c8                tcpip_uipcall
 .text          0x00000000000123e5     0x1520 build/cooja/mtype242.a(uip6.o)
                0x000000000001249e                uip_chksum
                0x0000000000012596                uip_icmp6chksum
                0x00000000000125b5                uip_udpchksum
                0x00000000000125d4                uip_init
                0x0000000000012633                uip_remove_ext_hdr
                0x000000000001272e                uip_udp_new
                0x0000000000012aa7                uip_process
                0x0000000000013795                uip_htons
                0x00000000000137c1                uip_htonl
                0x000000000001380b                uip_send
 .text          0x0000000000013905      0x7d4 build/cooja/mtype242.a(uip-nd6.o)
                0x00000000000140ae                uip_nd6_init
 .text          0x00000000000140d9     0x3370 build/cooja/mtype242.a(sicslowpan.o)
                0x00000000000147d7                netstack_sniffer_add
                0x00000000000147f0                netstack_sniffer_remove
                0x0000000000017408                sicslowpan_init
                0x0000000000017434                sicslowpan_get_last_rssi
 .text          0x0000000000017449      0x51a build/cooja/mtype242.a(uiplib.o)
                0x0000000000017449                uiplib_ip6addrconv
                0x000000000001760f                uiplib_ip4addrconv
                0x00000000000176dc                uiplib_ipaddr_print
                0x0000000000017740                uiplib_ipaddr_snprint
 .text          0x0000000000017963      0x610 build/cooja/mtype242.a(rpl.o)
                0x0000000000017963                rpl_lollipop_greater_than
                0x00000000000179c6                rpl_get_global_address
                0x0000000000017afc                rpl_link_callback
                0x0000000000017b5f                rpl_has_joined
                0x0000000000017b95                rpl_is_reachable
                0x0000000000017c38                rpl_reset_prefix
                0x0000000000017cb4                rpl_set_prefix_from_addr
                0x0000000000017dc6                rpl_set_prefix
                0x0000000000017f3a                rpl_set_leaf_only
                0x0000000000017f5d                rpl_get_leaf_only
 .text          0x0000000000017f73     0x1491 build/cooja/mtype242.a(rpl-icmp6.o)
                0x00000000000180d0                rpl_icmp6_update_nbr_table
                0x0000000000018182                rpl_icmp6_dis_output
                0x0000000000018797                rpl_icmp6_dio_output
                0x0000000000018ff0                rpl_icmp6_dao_output
                0x000000000001931d                rpl_icmp6_dao_ack_output
                0x00000000000193a4                rpl_icmp6_init
 .text          0x0000000000019404      0x2e4 build/cooja/mtype242.a(rpl-dag-root.o)
                0x0000000000019404                rpl_dag_root_print_links
                0x000000000001955d                rpl_dag_root_set_prefix
                0x0000000000019598                rpl_dag_root_start
                0x00000000000196a6                rpl_dag_root_is_root
 .text          0x00000000000196e8       0x6b build/cooja/mtype242.a(watchdog.o)
                0x00000000000196e8                watchdog_init
                0x00000000000196f8                watchdog_start
                0x0000000000019708                watchdog_periodic
                0x0000000000019733                watchdog_stop
                0x0000000000019743                watchdog_reboot
 .text          0x0000000000019753       0x75 build/cooja/mtype242.a(int-master.o)
                0x0000000000019753                int_master_enable
                0x000000000001976d                int_master_read_and_disable
                0x0000000000019795                int_master_status_set
                0x00000000000197ae                int_master_is_enabled
 .text          0x00000000000197c8      0x11d build/cooja/mtype242.a(stimer.o)
                0x00000000000197c8                stimer_set
                0x00000000000197f7                stimer_reset
                0x000000000001982e                stimer_restart
                0x0000000000019854                stimer_expired
                0x0000000000019890                stimer_remaining
                0x00000000000198bc                stimer_elapsed
 .text          0x00000000000198e5      0x1ec build/cooja/mtype242.a(memb.o)
                0x00000000000198e5                memb_init
                0x0000000000019949                memb_alloc
                0x00000000000199b6                memb_free
                0x0000000000019a37                memb_inmemb
                0x0000000000019a80                memb_numfree
 .text          0x0000000000019ad1       0x31 build/cooja/mtype242.a(assert.o)
                0x0000000000019ad1                _xassert
 .text          0x0000000000019b02      0x188 build/cooja/mtype242.a(ringbuf.o)
                0x0000000000019b02                ringbuf_init
                0x0000000000019b3e                ringbuf_put
                0x0000000000019bc6                ringbuf_get
                0x0000000000019c3d                ringbuf_size
                0x0000000000019c59                ringbuf_elements
 .text          0x0000000000019c8a      0xb68 build/cooja/mtype242.a(nbr-table.o)
                0x000000000001a02c                nbr_table_count_entries
                0x000000000001a0d9                nbr_table_gc_get_worst
                0x000000000001a119                nbr_table_can_accept_new
                0x000000000001a2a2                nbr_table_entry_is_allowed
                0x000000000001a342                nbr_table_register
                0x000000000001a3c0                nbr_table_is_registered
                0x000000000001a405                nbr_table_head
                0x000000000001a472                nbr_table_next
                0x000000000001a4e4                nbr_table_add_lladdr
                0x000000000001a633                nbr_table_get_from_lladdr
                0x000000000001a690                nbr_table_remove
                0x000000000001a6db                nbr_table_lock
                0x000000000001a701                nbr_table_unlock
                0x000000000001a727                nbr_table_get_lladdr
                0x000000000001a75d                nbr_table_clear
                0x000000000001a7a2                nbr_table_key_head
                0x000000000001a7cc                nbr_table_key_next
 .text          0x000000000001a7f2      0x450 build/cooja/mtype242.a(link-stats.o)
                0x000000000001a7f2                link_stats_from_lladdr
                0x000000000001a81f                link_stats_get_lladdr
                0x000000000001a84c                link_stats_is_fresh
                0x000000000001a899                guess_etx_from_rssi
                0x000000000001a91f                link_stats_packet_sent
                0x000000000001aa63                link_stats_input_callback
                0x000000000001ab97                link_stats_reset
                0x000000000001abf9                link_stats_init
 .text          0x000000000001ac42      0x1a8 build/cooja/mtype242.a(mac-sequence.o)
                0x000000000001ac42                mac_sequence_is_duplicate
                0x000000000001ad02                mac_sequence_register_seqno
 .text          0x000000000001adea       0x2d build/cooja/mtype242.a(mac.o)
                0x000000000001adea                mac_call_sent_callback
 .text          0x000000000001ae17      0x477 build/cooja/mtype242.a(framer-802154.o)
                0x000000000001afba                framer_802154_setup_params
 .text          0x000000000001b28e      0xc1a build/cooja/mtype242.a(frame802154.o)
                0x000000000001b2c9                frame802154_get_pan_id
                0x000000000001b2df                frame802154_set_pan_id
                0x000000000001b304                frame802154_has_panid
                0x000000000001b4bd                frame802154_check_dest_panid
                0x000000000001b54f                frame802154_is_broadcast_addr
                0x000000000001b5a6                frame802154_extract_linkaddr
                0x000000000001b82f                frame802154_hdrlen
                0x000000000001b8ac                frame802154_create_fcf
                0x000000000001b96e                frame802154_create
                0x000000000001baf9                frame802154_parse_fcf
                0x000000000001bbe5                frame802154_parse
 .text          0x000000000001bea8       0x4e build/cooja/mtype242.a(csma-security.o)
                0x000000000001bea8                csma_security_create_frame
                0x000000000001bed9                csma_security_parse_frame
 .text          0x000000000001bef6      0x5be build/cooja/mtype242.a(uipbuf.o)
                0x000000000001bef6                uipbuf_clear
                0x000000000001bf2d                uipbuf_add_ext_hdr
                0x000000000001bfc8                uipbuf_set_len
                0x000000000001c002                uipbuf_set_len_field
                0x000000000001c038                uipbuf_get_len_field
                0x000000000001c062                uipbuf_get_next_header
                0x000000000001c19e                uipbuf_get_last_header
                0x000000000001c221                uipbuf_search_header
                0x000000000001c2e5                uipbuf_get_attr
                0x000000000001c316                uipbuf_set_attr
                0x000000000001c357                uipbuf_set_default_attr
                0x000000000001c398                uipbuf_clear_attr
                0x000000000001c3d8                uipbuf_set_attr_flag
                0x000000000001c404                uipbuf_clr_attr_flag
                0x000000000001c436                uipbuf_is_attr_flag
                0x000000000001c464                uipbuf_init
 .text          0x000000000001c4b4      0x8b7 build/cooja/mtype242.a(uip-icmp6.o)
                0x000000000001c539                uip_icmp6_input
                0x000000000001c59a                uip_icmp6_register_input_handler
                0x000000000001c74e                uip_icmp6_error_output
                0x000000000001ca90                uip_icmp6_send
                0x000000000001ccbe                uip_icmp6_echo_reply_callback_add
                0x000000000001cd01                uip_icmp6_echo_reply_callback_rm
                0x000000000001cd2f                uip_icmp6_init
 .text          0x000000000001cd6b      0x772 build/cooja/mtype242.a(uip-sr.o)
                0x000000000001cd6b                uip_sr_num_nodes
                0x000000000001ce17                uip_sr_get_node
                0x000000000001ce7e                uip_sr_is_addr_reachable
                0x000000000001cf3b                uip_sr_expire_parent
                0x000000000001cf8e                uip_sr_update_node
                0x000000000001d0d2                uip_sr_init
                0x000000000001d118                uip_sr_node_head
                0x000000000001d142                uip_sr_node_next
                0x000000000001d168                uip_sr_periodic
                0x000000000001d284                uip_sr_free_all
                0x000000000001d309                uip_sr_link_snprint
 .text          0x000000000001d4dd      0x1a5 build/cooja/mtype242.a(uip-packetqueue)
                0x000000000001d51d                uip_packetqueue_new
                0x000000000001d536                uip_packetqueue_alloc
                0x000000000001d5a5                uip_packetqueue_free
                0x000000000001d5fd                uip_packetqueue_buf
                0x000000000001d624                uip_packetqueue_buflen
                0x000000000001d64f                uip_packetqueue_set_buflen
 .text          0x000000000001d682       0x8d build/cooja/mtype242.a(rpl-nbr-policy.)
                0x000000000001d6ce                rpl_nbr_gc_get_worst
 .text          0x000000000001d70f      0xaad build/cooja/mtype242.a(rpl-neighbor.o)
                0x000000000001d7ab                rpl_neighbor_snprint
                0x000000000001da93                rpl_neighbor_print_list
                0x000000000001db66                rpl_neighbor_count
                0x000000000001dc49                rpl_neighbor_get_from_lladdr
                0x000000000001dc76                rpl_neighbor_is_acceptable_parent
                0x000000000001dcbc                rpl_neighbor_get_link_metric
                0x000000000001dd02                rpl_neighbor_rank_via_nbr
                0x000000000001dd48                rpl_neighbor_get_lladdr
                0x000000000001dd75                rpl_neighbor_get_ipaddr
                0x000000000001ddab                rpl_neighbor_get_link_stats
                0x000000000001dde1                rpl_neighbor_is_fresh
                0x000000000001de17                rpl_neighbor_is_parent
                0x000000000001de4e                rpl_neighbor_set_preferred_parent
                0x000000000001df08                rpl_neighbor_remove_all
                0x000000000001df75                rpl_neighbor_get_from_ipaddr
                0x000000000001e0af                rpl_neighbor_select_best
                0x000000000001e18a                rpl_neighbor_init
 .text          0x000000000001e1bc     0x11f4 build/cooja/mtype242.a(rpl-dag.o)
                0x000000000001e1bc                rpl_dag_state_to_str
                0x000000000001e20a                rpl_dag_get_root_ipaddr
                0x000000000001e25a                rpl_dag_leave
                0x000000000001e310                rpl_dag_poison_and_leave
                0x000000000001e33c                rpl_dag_periodic
                0x000000000001e401                rpl_is_addr_in_our_dag
                0x000000000001e460                rpl_get_default_instance
                0x000000000001e48a                rpl_get_any_dag
                0x000000000001e500                rpl_refresh_routes
                0x000000000001e563                rpl_global_repair
                0x000000000001e634                rpl_local_repair
                0x000000000001e699                rpl_dag_ready_to_advertise
                0x000000000001e6f2                rpl_dag_update_state
                0x000000000001ef6e                rpl_process_dio
                0x000000000001f009                rpl_process_dis
                0x000000000001f05f                rpl_process_dao
                0x000000000001f100                rpl_process_dao_ack
                0x000000000001f1bc                rpl_process_hbh
                0x000000000001f21c                rpl_dag_init_root
                0x000000000001f37e                rpl_dag_init
 .text          0x000000000001f3b0      0xd8d build/cooja/mtype242.a(rpl-timers.o)
                0x000000000001f3b0                rpl_timers_schedule_periodic_dis
                0x000000000001f55a                rpl_timers_dio_reset
                0x000000000001f6d2                rpl_timers_schedule_unicast_dio
                0x000000000001f8a5                rpl_timers_schedule_dao
                0x000000000001f9ab                rpl_timers_schedule_dao_ack
                0x000000000001fa7a                rpl_timers_notify_dao_ack
                0x000000000001fb00                get_probing_delay
                0x000000000001fb45                get_probing_target
                0x000000000001fd7a                rpl_schedule_probing
                0x000000000001fdc6                rpl_schedule_probing_now
                0x000000000001fe60                rpl_timers_unschedule_leaving
                0x000000000001feba                rpl_timers_schedule_leaving
                0x000000000001ff1f                rpl_timers_init
                0x000000000001ffe1                rpl_timers_stop_dag_timers
                0x000000000002009e                rpl_timers_unschedule_state_update
                0x00000000000200da                rpl_timers_schedule_state_update
 .text          0x000000000002013d      0xd42 build/cooja/mtype242.a(rpl-ext-header.)
                0x000000000002013d                rpl_ext_header_srh_get_next_hop
                0x0000000000020248                rpl_ext_header_srh_update
                0x000000000002087a                rpl_ext_header_hbh_update
                0x0000000000020bf9                rpl_ext_header_update
                0x0000000000020ca8                rpl_ext_header_remove
 .text          0x0000000000020e7f      0x39b build/cooja/mtype242.a(rpl-mrhof.o)
 *fill*         0x000000000002121a        0x6 
 .text          0x0000000000021220       0x14 /usr/lib/i386-linux-gnu/libc_nonshared.a(stack_chk_fail_local.oS)
                0x0000000000021220                __stack_chk_fail_local
 .text          0x0000000000021234        0x0 /usr/lib/gcc/i686-linux-gnu/7/crtendS.o
 .text          0x0000000000021234        0x0 /usr/lib/gcc/i686-linux-gnu/7/../../../i386-linux-gnu/crtn.o
 *(.gnu.warning)

.fini           0x0000000000021234       0x14
 *(SORT_NONE(.fini))
 .fini          0x0000000000021234        0xf /usr/lib/gcc/i686-linux-gnu/7/../../../i386-linux-gnu/crti.o
                0x0000000000021234                _fini
 .fini          0x0000000000021243        0x5 /usr/lib/gcc/i686-linux-gnu/7/../../../i386-linux-gnu/crtn.o
                [!provide]                        PROVIDE (__etext = .)
                [!provide]                        PROVIDE (_etext = .)
                [!provide]                        PROVIDE (etext = .)

.rodata         0x0000000000021248      0x5b3
 *(.rodata .rodata.* .gnu.linkonce.r.*)
 .rodata        0x0000000000021248       0x50 sensor_node.o
 .rodata        0x0000000000021298       0x10 build/cooja/obj/virtual_sensor.o
 .rodata        0x00000000000212a8        0x6 build/cooja/mtype242.a(leds-arch.o)
                0x00000000000212a8                leds_arch_leds
 .rodata        0x00000000000212ae        0x4 build/cooja/mtype242.a(pir-sensor.o)
 .rodata        0x00000000000212b2        0x6 build/cooja/mtype242.a(rs232.o)
 .rodata        0x00000000000212b8        0xa build/cooja/mtype242.a(vib-sensor.o)
 *fill*         0x00000000000212c2        0x2 
 .rodata        0x00000000000212c4       0x27 build/cooja/mtype242.a(cfs-cooja.o)
 *fill*         0x00000000000212eb        0x1 
 .rodata        0x00000000000212ec       0x68 build/cooja/mtype242.a(cooja-radio.o)
 .rodata        0x0000000000021354        0x8 build/cooja/mtype242.a(sensors.o)
 .rodata        0x000000000002135c       0x14 build/cooja/mtype242.a(buttons.o)
                0x0000000000021368                button_hal_button_count
 .rodata        0x0000000000021370       0xf8 build/cooja/mtype242.a(contiki-main.o)
 .rodata        0x0000000000021468        0xf build/cooja/mtype242.a(ctimer.o)
 *fill*         0x0000000000021477        0x1 
 .rodata        0x0000000000021478       0xc4 build/cooja/mtype242.a(log.o)
 .rodata        0x000000000002153c        0xc build/cooja/mtype242.a(etimer.o)
 .rodata        0x0000000000021548       0x13 build/cooja/mtype242.a(button-hal.o)
 .rodata        0x000000000002155b        0xe build/cooja/mtype242.a(serial-line.o)
 *fill*         0x0000000000021569        0x3 
 .rodata        0x000000000002156c        0x8 build/cooja/mtype242.a(linkaddr.o)
                0x000000000002156c                linkaddr_null
 .rodata        0x0000000000021574        0x5 build/cooja/mtype242.a(csma.o)
 *fill*         0x0000000000021579        0x3 
 .rodata        0x000000000002157c       0x24 build/cooja/mtype242.a(csma-output.o)
 .rodata        0x00000000000215a0       0x4d build/cooja/mtype242.a(uip-ds6-route.o)
 .rodata        0x00000000000215ed        0xd build/cooja/mtype242.a(tcpip.o)
 *fill*         0x00000000000215fa        0x2 
 .rodata        0x00000000000215fc       0x1f build/cooja/mtype242.a(sicslowpan.o)
                0x00000000000215fc                unc_llconf
                0x0000000000021600                unc_ctxconf
                0x0000000000021604                unc_mxconf
                0x0000000000021608                llprefix
 .rodata        0x000000000002161b       0x2d build/cooja/mtype242.a(uiplib.o)
 .rodata        0x0000000000021648        0x9 build/cooja/mtype242.a(rpl.o)
 *fill*         0x0000000000021651        0x3 
 .rodata        0x0000000000021654       0x25 build/cooja/mtype242.a(assert.o)
 .rodata        0x0000000000021679       0x44 build/cooja/mtype242.a(uip-sr.o)
 *fill*         0x00000000000216bd        0x3 
 .rodata        0x00000000000216c0       0x58 build/cooja/mtype242.a(rpl-neighbor.o)
 .rodata        0x0000000000021718       0xd7 build/cooja/mtype242.a(rpl-dag.o)
 .rodata        0x00000000000217ef        0xc build/cooja/mtype242.a(rpl-timers.o)

.rodata1
 *(.rodata1)

.eh_frame_hdr   0x00000000000217fc     0x1644
 *(.eh_frame_hdr)
 .eh_frame_hdr  0x00000000000217fc     0x1644 sensor_node.o
                0x00000000000217fc                __GNU_EH_FRAME_HDR
 *(.eh_frame_entry .eh_frame_entry.*)

.eh_frame       0x0000000000022e40     0x5fe0
 *(.eh_frame)
 .eh_frame      0x0000000000022e40       0x3c /usr/lib/gcc/i686-linux-gnu/7/../../../i386-linux-gnu/crti.o
                                         0x40 (size before relaxing)
 .eh_frame      0x0000000000022e7c       0x14 /usr/lib/gcc/i686-linux-gnu/7/../../../i386-linux-gnu/crti.o
                                         0x2c (size before relaxing)
 .eh_frame      0x0000000000022e90       0x24 sensor_node.o
                                         0x50 (size before relaxing)
 .eh_frame      0x0000000000022eb4      0x1ac build/cooja/mtype242.o
                                        0x1ec (size before relaxing)
 .eh_frame      0x0000000000023060       0x64 build/cooja/obj/virtual_sensor.o
                                         0xa4 (size before relaxing)
 .eh_frame      0x00000000000230c4       0x48 build/cooja/mtype242.a(simEnvChange.o)
                                         0x74 (size before relaxing)
 .eh_frame      0x000000000002310c       0x6c build/cooja/mtype242.a(cooja_mt.o)
                                         0x98 (size before relaxing)
 .eh_frame      0x0000000000023178       0x88 build/cooja/mtype242.a(cooja_mtarch.o)
                                         0xc8 (size before relaxing)
 .eh_frame      0x0000000000023200       0xe4 build/cooja/mtype242.a(rtimer-arch.o)
                                        0x110 (size before relaxing)
 .eh_frame      0x00000000000232e4      0x160 build/cooja/mtype242.a(beep.o)
                                        0x18c (size before relaxing)
 .eh_frame      0x0000000000023444       0x88 build/cooja/mtype242.a(leds-arch.o)
                                         0xc8 (size before relaxing)
 .eh_frame      0x00000000000234cc       0x44 build/cooja/mtype242.a(moteid.o)
                                         0x70 (size before relaxing)
 .eh_frame      0x0000000000023510       0xa4 build/cooja/mtype242.a(pir-sensor.o)
                                         0xe4 (size before relaxing)
 .eh_frame      0x00000000000235b4      0x110 build/cooja/mtype242.a(rs232.o)
                                        0x150 (size before relaxing)
 .eh_frame      0x00000000000236c4       0xa4 build/cooja/mtype242.a(vib-sensor.o)
                                         0xe4 (size before relaxing)
 .eh_frame      0x0000000000023768       0xc0 build/cooja/mtype242.a(clock.o)
                                         0xec (size before relaxing)
 .eh_frame      0x0000000000023828      0x130 build/cooja/mtype242.a(cooja-log.o)
                                        0x170 (size before relaxing)
 .eh_frame      0x0000000000023958      0x16c build/cooja/mtype242.a(cfs-cooja.o)
                                        0x1ac (size before relaxing)
 .eh_frame      0x0000000000023ac4      0x354 build/cooja/mtype242.a(cooja-radio.o)
                                        0x394 (size before relaxing)
 .eh_frame      0x0000000000023e18       0xa8 build/cooja/mtype242.a(eeprom.o)
                                         0xe8 (size before relaxing)
 .eh_frame      0x0000000000023ec0       0x48 build/cooja/mtype242.a(random.o)
                                         0x74 (size before relaxing)
 .eh_frame      0x0000000000023f08       0xd0 build/cooja/mtype242.a(sensors.o)
                                        0x110 (size before relaxing)
 .eh_frame      0x0000000000023fd8      0x140 build/cooja/mtype242.a(leds.o)
                                        0x180 (size before relaxing)
 .eh_frame      0x0000000000024118      0x228 build/cooja/mtype242.a(gpio-hal-arch.o)
                                        0x27c (size before relaxing)
 .eh_frame      0x0000000000024340       0xa4 build/cooja/mtype242.a(buttons.o)
                                         0xe4 (size before relaxing)
 .eh_frame      0x00000000000243e4       0x38 build/cooja/mtype242.a(contiki-main.o)
                                         0x64 (size before relaxing)
 .eh_frame      0x000000000002441c       0x48 build/cooja/mtype242.a(autostart.o)
                                         0x74 (size before relaxing)
 .eh_frame      0x0000000000024464      0x11c build/cooja/mtype242.a(ctimer.o)
                                        0x15c (size before relaxing)
 .eh_frame      0x0000000000024580      0x144 build/cooja/mtype242.a(log.o)
                                        0x184 (size before relaxing)
 .eh_frame      0x00000000000246c4       0x60 build/cooja/mtype242.a(energest.o)
                                         0x8c (size before relaxing)
 .eh_frame      0x0000000000024724      0x204 build/cooja/mtype242.a(etimer.o)
                                        0x244 (size before relaxing)
 .eh_frame      0x0000000000024928       0x20 build/cooja/mtype242.a(node-id.o)
                                         0x4c (size before relaxing)
 .eh_frame      0x0000000000024948       0x6c build/cooja/mtype242.a(rtimer.o)
                                         0xc0 (size before relaxing)
 .eh_frame      0x00000000000249b4      0x1ec build/cooja/mtype242.a(process.o)
                                        0x22c (size before relaxing)
 .eh_frame      0x0000000000024ba0       0xb4 build/cooja/mtype242.a(timer.o)
                                         0xe0 (size before relaxing)
 .eh_frame      0x0000000000024c54      0x1a0 build/cooja/mtype242.a(list.o)
                                        0x1cc (size before relaxing)
 .eh_frame      0x0000000000024df4      0x188 build/cooja/mtype242.a(button-hal.o)
                                        0x1c8 (size before relaxing)
 .eh_frame      0x0000000000024f7c       0x6c build/cooja/mtype242.a(serial-line.o)
                                         0x98 (size before relaxing)
 .eh_frame      0x0000000000024fe8       0xfc build/cooja/mtype242.a(gpio-hal.o)
                                        0x13c (size before relaxing)
 .eh_frame      0x00000000000250e4      0x1c0 build/cooja/mtype242.a(queuebuf.o)
                                        0x200 (size before relaxing)
 .eh_frame      0x00000000000252a4      0x2b0 build/cooja/mtype242.a(packetbuf.o)
                                        0x2f0 (size before relaxing)
 .eh_frame      0x0000000000025554       0x90 build/cooja/mtype242.a(netstack.o)
                                         0xd0 (size before relaxing)
 .eh_frame      0x00000000000255e4       0x64 build/cooja/mtype242.a(linkaddr.o)
                                         0x90 (size before relaxing)
 .eh_frame      0x0000000000025648       0xf0 build/cooja/mtype242.a(csma.o)
                                        0x130 (size before relaxing)
 .eh_frame      0x0000000000025738      0x1f8 build/cooja/mtype242.a(csma-output.o)
                                        0x238 (size before relaxing)
 .eh_frame      0x0000000000025930      0x364 build/cooja/mtype242.a(uip-ds6.o)
                                        0x3a4 (size before relaxing)
 .eh_frame      0x0000000000025c94      0x260 build/cooja/mtype242.a(uip-ds6-route.o)
                                        0x2a0 (size before relaxing)
 .eh_frame      0x0000000000025ef4      0x1e8 build/cooja/mtype242.a(uip-ds6-nbr.o)
                                        0x228 (size before relaxing)
 .eh_frame      0x00000000000260dc      0x270 build/cooja/mtype242.a(tcpip.o)
                                        0x2b0 (size before relaxing)
 .eh_frame      0x000000000002634c      0x20c build/cooja/mtype242.a(uip6.o)
                                        0x24c (size before relaxing)
 .eh_frame      0x0000000000026558       0x8c build/cooja/mtype242.a(uip-nd6.o)
                                         0xe0 (size before relaxing)
 .eh_frame      0x00000000000265e4      0x354 build/cooja/mtype242.a(sicslowpan.o)
                                        0x3a8 (size before relaxing)
 .eh_frame      0x0000000000026938       0x9c build/cooja/mtype242.a(uiplib.o)
                                         0xdc (size before relaxing)
 .eh_frame      0x00000000000269d4      0x1fc build/cooja/mtype242.a(rpl.o)
                                        0x23c (size before relaxing)
 .eh_frame      0x0000000000026bd0      0x1f0 build/cooja/mtype242.a(rpl-icmp6.o)
                                        0x230 (size before relaxing)
 .eh_frame      0x0000000000026dc0       0xb0 build/cooja/mtype242.a(rpl-dag-root.o)
                                         0xf0 (size before relaxing)
 .eh_frame      0x0000000000026e70       0xa4 build/cooja/mtype242.a(watchdog.o)
                                         0xd0 (size before relaxing)
 .eh_frame      0x0000000000026f14       0x80 build/cooja/mtype242.a(int-master.o)
                                         0xac (size before relaxing)
 .eh_frame      0x0000000000026f94       0xd8 build/cooja/mtype242.a(stimer.o)
                                        0x104 (size before relaxing)
 .eh_frame      0x000000000002706c       0xa4 build/cooja/mtype242.a(memb.o)
                                         0xe4 (size before relaxing)
 .eh_frame      0x0000000000027110       0x24 build/cooja/mtype242.a(assert.o)
                                         0x50 (size before relaxing)
 .eh_frame      0x0000000000027134       0xa0 build/cooja/mtype242.a(ringbuf.o)
                                         0xcc (size before relaxing)
 .eh_frame      0x00000000000271d4      0x428 build/cooja/mtype242.a(nbr-table.o)
                                        0x468 (size before relaxing)
 .eh_frame      0x00000000000275fc      0x140 build/cooja/mtype242.a(link-stats.o)
                                        0x180 (size before relaxing)
 .eh_frame      0x000000000002773c       0x50 build/cooja/mtype242.a(mac-sequence.o)
                                         0x7c (size before relaxing)
 .eh_frame      0x000000000002778c       0x20 build/cooja/mtype242.a(mac.o)
                                         0x4c (size before relaxing)
 .eh_frame      0x00000000000277ac       0xb4 build/cooja/mtype242.a(framer-802154.o)
                                         0xf4 (size before relaxing)
 .eh_frame      0x0000000000027860      0x1b0 build/cooja/mtype242.a(frame802154.o)
                                        0x1f0 (size before relaxing)
 .eh_frame      0x0000000000027a10       0x44 build/cooja/mtype242.a(csma-security.o)
                                         0x84 (size before relaxing)
 .eh_frame      0x0000000000027a54      0x204 build/cooja/mtype242.a(uipbuf.o)
                                        0x230 (size before relaxing)
 .eh_frame      0x0000000000027c58      0x170 build/cooja/mtype242.a(uip-icmp6.o)
                                        0x1b0 (size before relaxing)
 .eh_frame      0x0000000000027dc8      0x1ac build/cooja/mtype242.a(uip-sr.o)
                                        0x1ec (size before relaxing)
 .eh_frame      0x0000000000027f74       0xec build/cooja/mtype242.a(uip-packetqueue)
                                        0x12c (size before relaxing)
 .eh_frame      0x0000000000028060       0x48 build/cooja/mtype242.a(rpl-nbr-policy.)
                                         0x88 (size before relaxing)
 .eh_frame      0x00000000000280a8      0x2ec build/cooja/mtype242.a(rpl-neighbor.o)
                                        0x340 (size before relaxing)
 .eh_frame      0x0000000000028394      0x3c0 build/cooja/mtype242.a(rpl-dag.o)
                                        0x414 (size before relaxing)
 .eh_frame      0x0000000000028754      0x418 build/cooja/mtype242.a(rpl-timers.o)
                                        0x458 (size before relaxing)
 .eh_frame      0x0000000000028b6c      0x144 build/cooja/mtype242.a(rpl-ext-header.)
                                        0x184 (size before relaxing)
 .eh_frame      0x0000000000028cb0      0x150 build/cooja/mtype242.a(rpl-mrhof.o)
                                        0x190 (size before relaxing)
 .eh_frame      0x0000000000028e00       0x1c /usr/lib/i386-linux-gnu/libc_nonshared.a(stack_chk_fail_local.oS)
                                         0x48 (size before relaxing)
 .eh_frame      0x0000000000028e1c        0x4 /usr/lib/gcc/i686-linux-gnu/7/crtendS.o
 *(.eh_frame.*)

.gcc_except_table
 *(.gcc_except_table .gcc_except_table.*)

.gnu_extab
 *(.gnu_extab*)

.exception_ranges
 *(.exception_ranges .exception_ranges*)
                0x000000000002ac18                . = DATA_SEGMENT_ALIGN (CONSTANT (MAXPAGESIZE), CONSTANT (COMMONPAGESIZE))

.eh_frame
 *(.eh_frame)
 *(.eh_frame.*)

.gnu_extab
 *(.gnu_extab)

.gcc_except_table
 *(.gcc_except_table .gcc_except_table.*)

.exception_ranges
 *(.exception_ranges .exception_ranges*)

.tdata
 *(.tdata .tdata.* .gnu.linkonce.td.*)

.tbss
 *(.tbss .tbss.* .gnu.linkonce.tb.*)
 *(.tcommon)

.preinit_array
 *(.preinit_array)

.init_array     0x000000000002ac18        0x4
 *(SORT_BY_INIT_PRIORITY(.init_array.*) SORT_BY_INIT_PRIORITY(.ctors.*))
 *(.init_array EXCLUDE_FILE(*crtend?.o *crtend.o *crtbegin?.o *crtbegin.o) .ctors)
 .init_array    0x000000000002ac18        0x4 /usr/lib/gcc/i686-linux-gnu/7/crtbeginS.o

.fini_array     0x000000000002ac1c        0x4
 *(SORT_BY_INIT_PRIORITY(.fini_array.*) SORT_BY_INIT_PRIORITY(.dtors.*))
 *(.fini_array EXCLUDE_FILE(*crtend?.o *crtend.o *crtbegin?.o *crtbegin.o) .dtors)
 .fini_array    0x000000000002ac1c        0x4 /usr/lib/gcc/i686-linux-gnu/7/crtbeginS.o

.ctors
 *crtbegin.o(.ctors)
 *crtbegin?.o(.ctors)
 *(EXCLUDE_FILE(*crtend?.o *crtend.o) .ctors)
 *(SORT_BY_NAME(.ctors.*))
 *(.ctors)

.dtors
 *crtbegin.o(.dtors)
 *crtbegin?.o(.dtors)
 *(EXCLUDE_FILE(*crtend?.o *crtend.o) .dtors)
 *(SORT_BY_NAME(.dtors.*))
 *(.dtors)

.jcr
 *(.jcr)

.data.rel.ro    0x000000000002ac20      0x198
 *(.data.rel.ro.local* .gnu.linkonce.d.rel.ro.local.*)
 .data.rel.ro.local
                0x000000000002ac20        0x8 sensor_node.o
                0x000000000002ac20                autostart_processes
 .data.rel.ro.local
                0x000000000002ac28        0x8 build/cooja/mtype242.a(beep.o)
                0x000000000002ac28                beep_interface
 .data.rel.ro.local
                0x000000000002ac30        0x8 build/cooja/mtype242.a(leds-arch.o)
                0x000000000002ac30                leds_interface
 .data.rel.ro.local
                0x000000000002ac38        0x8 build/cooja/mtype242.a(moteid.o)
                0x000000000002ac38                moteid_interface
 .data.rel.ro.local
                0x000000000002ac40       0x18 build/cooja/mtype242.a(pir-sensor.o)
                0x000000000002ac40                pir_interface
                0x000000000002ac48                pir_sensor
 .data.rel.ro.local
                0x000000000002ac58        0x8 build/cooja/mtype242.a(rs232.o)
                0x000000000002ac58                rs232_interface
 .data.rel.ro.local
                0x000000000002ac60       0x18 build/cooja/mtype242.a(vib-sensor.o)
                0x000000000002ac60                vib_interface
                0x000000000002ac68                vib_sensor
 .data.rel.ro.local
                0x000000000002ac78        0x8 build/cooja/mtype242.a(clock.o)
                0x000000000002ac78                clock_interface
 .data.rel.ro.local
                0x000000000002ac80        0x8 build/cooja/mtype242.a(cooja-log.o)
                0x000000000002ac80                simlog_interface
 .data.rel.ro.local
                0x000000000002ac88        0x8 build/cooja/mtype242.a(cfs-cooja.o)
                0x000000000002ac88                cfs_interface
 *fill*         0x000000000002ac90       0x10 
 .data.rel.ro.local
                0x000000000002aca0       0x58 build/cooja/mtype242.a(cooja-radio.o)
                0x000000000002aca0                radio_interface
                0x000000000002acc0                cooja_radio_driver
 .data.rel.ro.local
                0x000000000002acf8        0x8 build/cooja/mtype242.a(eeprom.o)
                0x000000000002acf8                eeprom_interface
 .data.rel.ro.local
                0x000000000002ad00       0x18 build/cooja/mtype242.a(buttons.o)
                0x000000000002ad00                button_interface
                0x000000000002ad08                button_sensor
 .data.rel.ro.local
                0x000000000002ad18       0x1c build/cooja/mtype242.a(csma.o)
                0x000000000002ad18                csma_driver
 .data.rel.ro.local
                0x000000000002ad34       0x10 build/cooja/mtype242.a(sicslowpan.o)
                0x000000000002ad34                sicslowpan_driver
 .data.rel.ro.local
                0x000000000002ad44        0xc build/cooja/mtype242.a(framer-802154.o)
                0x000000000002ad44                framer_802154
 *(.data.rel.ro .data.rel.ro.* .gnu.linkonce.d.rel.ro.*)
 .data.rel.ro   0x000000000002ad50        0x0 /usr/lib/gcc/i686-linux-gnu/7/../../../i386-linux-gnu/crti.o
 *fill*         0x000000000002ad50       0x10 
 .data.rel.ro   0x000000000002ad60       0x54 build/cooja/mtype242.a(rpl.o)
                0x000000000002ad60                rpl_lite_driver
 .data.rel.ro   0x000000000002adb4        0x4 build/cooja/mtype242.a(rpl-dag.o)

.dynamic        0x000000000002adb8       0xf0
 *(.dynamic)
 .dynamic       0x000000000002adb8       0xf0 /usr/lib/gcc/i686-linux-gnu/7/../../../i386-linux-gnu/crti.o
                0x000000000002adb8                _DYNAMIC

.got            0x000000000002aea8      0x148
 *(.got)
 .got           0x000000000002aea8      0x148 /usr/lib/gcc/i686-linux-gnu/7/../../../i386-linux-gnu/crti.o
 *(.igot)
                0x000000000002aff4                . = DATA_SEGMENT_RELRO_END (., (SIZEOF (.got.plt) >= 0xc)?0xc:0x0)

.got.plt        0x000000000002b000      0x4a4
 *(.got.plt)
 .got.plt       0x000000000002b000      0x4a4 /usr/lib/gcc/i686-linux-gnu/7/../../../i386-linux-gnu/crti.o
                0x000000000002b000                _GLOBAL_OFFSET_TABLE_
 *(.igot.plt)

.data           0x000000000002b4c0      0x364
 *(.data .data.* .gnu.linkonce.d.*)
 .data          0x000000000002b4c0        0x0 /usr/lib/gcc/i686-linux-gnu/7/../../../i386-linux-gnu/crti.o
 .data          0x000000000002b4c0        0x0 /usr/lib/gcc/i686-linux-gnu/7/crtbeginS.o
 .data.rel.local
                0x000000000002b4c0        0x4 /usr/lib/gcc/i686-linux-gnu/7/crtbeginS.o
                0x000000000002b4c0                __dso_handle
 .data          0x000000000002b4c4        0x0 sensor_node.o
 .data.rel.local
                0x000000000002b4c4       0x10 sensor_node.o
                0x000000000002b4c4                sensor_node
 .data          0x000000000002b4d4        0x0 build/cooja/mtype242.o
 *fill*         0x000000000002b4d4        0xc 
 .data.rel      0x000000000002b4e0       0x44 build/cooja/mtype242.o
                0x000000000002b4e0                simInterfaces
                0x000000000002b514                sensors
 .data          0x000000000002b524        0x0 build/cooja/obj/virtual_sensor.o
 .data          0x000000000002b524        0x0 build/cooja/mtype242.a(simEnvChange.o)
 .data          0x000000000002b524        0x0 build/cooja/mtype242.a(cooja_mt.o)
 .data          0x000000000002b524        0x0 build/cooja/mtype242.a(cooja_mtarch.o)
 .data          0x000000000002b524        0x0 build/cooja/mtype242.a(rtimer-arch.o)
 .data          0x000000000002b524        0x0 build/cooja/mtype242.a(beep.o)
 .data          0x000000000002b524        0x0 build/cooja/mtype242.a(leds-arch.o)
 .data          0x000000000002b524        0x0 build/cooja/mtype242.a(moteid.o)
 .data          0x000000000002b524        0x0 build/cooja/mtype242.a(pir-sensor.o)
 .data          0x000000000002b524        0x0 build/cooja/mtype242.a(rs232.o)
 .data          0x000000000002b524        0x0 build/cooja/mtype242.a(vib-sensor.o)
 .data          0x000000000002b524        0x0 build/cooja/mtype242.a(clock.o)
 .data          0x000000000002b524        0x0 build/cooja/mtype242.a(cooja-log.o)
 .data          0x000000000002b524        0x0 build/cooja/mtype242.a(cfs-cooja.o)
 .data          0x000000000002b524       0x1c build/cooja/mtype242.a(cooja-radio.o)
                0x000000000002b524                simRadioHWOn
                0x000000000002b528                simSignalStrength
                0x000000000002b52c                simLastSignalStrength
                0x000000000002b530                simPower
                0x000000000002b534                simRadioChannel
                0x000000000002b538                simLQI
 .data.rel.local
                0x000000000002b540       0x10 build/cooja/mtype242.a(cooja-radio.o)
                0x000000000002b540                cooja_radio_process
 .data          0x000000000002b550        0x0 build/cooja/mtype242.a(eeprom.o)
 .data          0x000000000002b550        0x0 build/cooja/mtype242.a(random.o)
 .data          0x000000000002b550        0x0 build/cooja/mtype242.a(sensors.o)
 .data.rel.local
                0x000000000002b550       0x10 build/cooja/mtype242.a(sensors.o)
                0x000000000002b550                sensors_process
 .data          0x000000000002b560        0x0 build/cooja/mtype242.a(leds.o)
 .data          0x000000000002b560        0x0 build/cooja/mtype242.a(gpio-hal-arch.o)
 .data          0x000000000002b560        0x1 build/cooja/mtype242.a(buttons.o)
                0x000000000002b560                simButtonIsActive
 *fill*         0x000000000002b561       0x1f 
 .data.rel.local
                0x000000000002b580       0x58 build/cooja/mtype242.a(buttons.o)
                0x000000000002b5d0                button_hal_buttons
 .data          0x000000000002b5d8        0x0 build/cooja/mtype242.a(contiki-main.o)
 .data          0x000000000002b5d8        0x0 build/cooja/mtype242.a(autostart.o)
 .data          0x000000000002b5d8        0x0 build/cooja/mtype242.a(ctimer.o)
 .data.rel.local
                0x000000000002b5d8       0x14 build/cooja/mtype242.a(ctimer.o)
                0x000000000002b5dc                ctimer_process
 .data          0x000000000002b5ec        0x4 build/cooja/mtype242.a(log.o)
                0x000000000002b5ec                curr_log_level_main
 *fill*         0x000000000002b5f0       0x10 
 .data.rel.local
                0x000000000002b600       0x9c build/cooja/mtype242.a(log.o)
                0x000000000002b600                all_modules
 .data          0x000000000002b69c        0x0 build/cooja/mtype242.a(energest.o)
 .data          0x000000000002b69c        0x0 build/cooja/mtype242.a(etimer.o)
 .data.rel.local
                0x000000000002b69c       0x10 build/cooja/mtype242.a(etimer.o)
                0x000000000002b69c                etimer_process
 .data          0x000000000002b6ac        0x0 build/cooja/mtype242.a(node-id.o)
 .data          0x000000000002b6ac        0x0 build/cooja/mtype242.a(rtimer.o)
 .data          0x000000000002b6ac        0x0 build/cooja/mtype242.a(process.o)
 .data          0x000000000002b6ac        0x0 build/cooja/mtype242.a(timer.o)
 .data          0x000000000002b6ac        0x0 build/cooja/mtype242.a(list.o)
 .data          0x000000000002b6ac        0x0 build/cooja/mtype242.a(button-hal.o)
 .data.rel.local
                0x000000000002b6ac       0x10 build/cooja/mtype242.a(button-hal.o)
                0x000000000002b6ac                button_hal_process
 .data          0x000000000002b6bc        0x0 build/cooja/mtype242.a(serial-line.o)
 .data.rel.local
                0x000000000002b6bc       0x10 build/cooja/mtype242.a(serial-line.o)
                0x000000000002b6bc                serial_line_process
 .data          0x000000000002b6cc        0x0 build/cooja/mtype242.a(gpio-hal.o)
 .data.rel.local
                0x000000000002b6cc        0x4 build/cooja/mtype242.a(gpio-hal.o)
 .data          0x000000000002b6d0        0x0 build/cooja/mtype242.a(queuebuf.o)
 .data.rel.local
                0x000000000002b6d0       0x18 build/cooja/mtype242.a(queuebuf.o)
 .data          0x000000000002b6e8        0x0 build/cooja/mtype242.a(packetbuf.o)
 .data.rel.local
                0x000000000002b6e8        0x4 build/cooja/mtype242.a(packetbuf.o)
 .data          0x000000000002b6ec        0x0 build/cooja/mtype242.a(netstack.o)
 .data.rel.local
                0x000000000002b6ec        0x4 build/cooja/mtype242.a(netstack.o)
 .data          0x000000000002b6f0        0x0 build/cooja/mtype242.a(linkaddr.o)
 .data          0x000000000002b6f0        0x0 build/cooja/mtype242.a(csma.o)
 .data          0x000000000002b6f0        0x0 build/cooja/mtype242.a(csma-output.o)
 .data.rel.local
                0x000000000002b6f0       0x28 build/cooja/mtype242.a(csma-output.o)
 .data          0x000000000002b718        0x0 build/cooja/mtype242.a(uip-ds6.o)
 .data          0x000000000002b718        0x0 build/cooja/mtype242.a(uip-ds6-route.o)
 .data.rel.local
                0x000000000002b718       0x10 build/cooja/mtype242.a(uip-ds6-route.o)
 .data          0x000000000002b728        0x0 build/cooja/mtype242.a(uip-ds6-nbr.o)
 .data.rel.local
                0x000000000002b728       0x14 build/cooja/mtype242.a(uip-ds6-nbr.o)
 .data          0x000000000002b73c        0x0 build/cooja/mtype242.a(tcpip.o)
 .data.rel.local
                0x000000000002b73c       0x10 build/cooja/mtype242.a(tcpip.o)
                0x000000000002b73c                tcpip_process
 .data          0x000000000002b74c        0x0 build/cooja/mtype242.a(uip6.o)
 .data          0x000000000002b74c        0x0 build/cooja/mtype242.a(uip-nd6.o)
 .data.rel.local
                0x000000000002b74c        0xc build/cooja/mtype242.a(uip-nd6.o)
 .data          0x000000000002b758        0x0 build/cooja/mtype242.a(sicslowpan.o)
 .data          0x000000000002b758        0x0 build/cooja/mtype242.a(uiplib.o)
 .data          0x000000000002b758        0x0 build/cooja/mtype242.a(rpl.o)
 .data          0x000000000002b758        0x0 build/cooja/mtype242.a(rpl-icmp6.o)
 .data.rel.local
                0x000000000002b758       0x30 build/cooja/mtype242.a(rpl-icmp6.o)
 .data          0x000000000002b788        0x0 build/cooja/mtype242.a(rpl-dag-root.o)
 .data          0x000000000002b788        0x0 build/cooja/mtype242.a(watchdog.o)
 .data          0x000000000002b788        0x0 build/cooja/mtype242.a(int-master.o)
 .data          0x000000000002b788        0x0 build/cooja/mtype242.a(stimer.o)
 .data          0x000000000002b788        0x0 build/cooja/mtype242.a(memb.o)
 .data          0x000000000002b788        0x0 build/cooja/mtype242.a(assert.o)
 .data          0x000000000002b788        0x0 build/cooja/mtype242.a(ringbuf.o)
 .data          0x000000000002b788        0x0 build/cooja/mtype242.a(nbr-table.o)
 .data.rel.local
                0x000000000002b788       0x10 build/cooja/mtype242.a(nbr-table.o)
 .data          0x000000000002b798        0x0 build/cooja/mtype242.a(link-stats.o)
 .data.rel.local
                0x000000000002b798       0x14 build/cooja/mtype242.a(link-stats.o)
 .data          0x000000000002b7ac        0x0 build/cooja/mtype242.a(mac-sequence.o)
 .data          0x000000000002b7ac        0x0 build/cooja/mtype242.a(mac.o)
 .data          0x000000000002b7ac        0x0 build/cooja/mtype242.a(framer-802154.o)
 .data          0x000000000002b7ac        0x2 build/cooja/mtype242.a(frame802154.o)
 .data          0x000000000002b7ae        0x0 build/cooja/mtype242.a(csma-security.o)
 .data          0x000000000002b7ae        0x0 build/cooja/mtype242.a(uipbuf.o)
 .data          0x000000000002b7ae        0x0 build/cooja/mtype242.a(uip-icmp6.o)
 *fill*         0x000000000002b7ae        0x2 
 .data.rel.local
                0x000000000002b7b0       0x20 build/cooja/mtype242.a(uip-icmp6.o)
 .data          0x000000000002b7d0        0x0 build/cooja/mtype242.a(uip-sr.o)
 .data.rel.local
                0x000000000002b7d0       0x10 build/cooja/mtype242.a(uip-sr.o)
 .data          0x000000000002b7e0        0x0 build/cooja/mtype242.a(uip-packetqueue)
 .data.rel.local
                0x000000000002b7e0        0xc build/cooja/mtype242.a(uip-packetqueue)
 .data          0x000000000002b7ec        0x0 build/cooja/mtype242.a(rpl-nbr-policy.)
 .data          0x000000000002b7ec        0x0 build/cooja/mtype242.a(rpl-neighbor.o)
 .data.rel.local
                0x000000000002b7ec       0x14 build/cooja/mtype242.a(rpl-neighbor.o)
                0x000000000002b7fc                rpl_neighbors
 .data          0x000000000002b800        0x0 build/cooja/mtype242.a(rpl-dag.o)
 .data          0x000000000002b800        0x0 build/cooja/mtype242.a(rpl-timers.o)
 .data          0x000000000002b800        0x0 build/cooja/mtype242.a(rpl-ext-header.)
 .data          0x000000000002b800        0x0 build/cooja/mtype242.a(rpl-mrhof.o)
 .data.rel.local
                0x000000000002b800       0x24 build/cooja/mtype242.a(rpl-mrhof.o)
                0x000000000002b800                rpl_mrhof
 .data          0x000000000002b824        0x0 /usr/lib/i386-linux-gnu/libc_nonshared.a(stack_chk_fail_local.oS)
 .data          0x000000000002b824        0x0 /usr/lib/gcc/i686-linux-gnu/7/crtendS.o
 .data          0x000000000002b824        0x0 /usr/lib/gcc/i686-linux-gnu/7/../../../i386-linux-gnu/crtn.o

.tm_clone_table
                0x000000000002b824        0x0
 .tm_clone_table
                0x000000000002b824        0x0 /usr/lib/gcc/i686-linux-gnu/7/crtbeginS.o
 .tm_clone_table
                0x000000000002b824        0x0 /usr/lib/gcc/i686-linux-gnu/7/crtendS.o

.data1
 *(.data1)
                0x000000000002b824                _edata = .
                [!provide]                        PROVIDE (edata = .)
                0x000000000002b824                . = .
                0x000000000002b824                __bss_start = .

.bss            0x000000000002b840    0x137a4
 *(.dynbss)
 .dynbss        0x000000000002b840        0x0 /usr/lib/gcc/i686-linux-gnu/7/../../../i386-linux-gnu/crti.o
 *(.bss .bss.* .gnu.linkonce.b.*)
 .bss           0x000000000002b840        0x0 /usr/lib/gcc/i686-linux-gnu/7/../../../i386-linux-gnu/crti.o
 .bss           0x000000000002b840        0x1 /usr/lib/gcc/i686-linux-gnu/7/crtbeginS.o
 *fill*         0x000000000002b841        0x3 
 .bss           0x000000000002b844       0x10 sensor_node.o
 *fill*         0x000000000002b854        0xc 
 .bss           0x000000000002b860     0x2040 build/cooja/mtype242.o
 .bss           0x000000000002d8a0        0x0 build/cooja/obj/virtual_sensor.o
 .bss           0x000000000002d8a0        0x1 build/cooja/mtype242.a(simEnvChange.o)
                0x000000000002d8a0                simDontFallAsleep
 *fill*         0x000000000002d8a1        0x3 
 .bss           0x000000000002d8a4        0x4 build/cooja/mtype242.a(cooja_mt.o)
 .bss           0x000000000002d8a8        0x4 build/cooja/mtype242.a(cooja_mtarch.o)
 .bss           0x000000000002d8ac        0x0 build/cooja/mtype242.a(rtimer-arch.o)
 .bss           0x000000000002d8ac        0x0 build/cooja/mtype242.a(beep.o)
 .bss           0x000000000002d8ac        0x1 build/cooja/mtype242.a(leds-arch.o)
                0x000000000002d8ac                simLedsValue
 .bss           0x000000000002d8ad        0x0 build/cooja/mtype242.a(moteid.o)
 .bss           0x000000000002d8ad        0x1 build/cooja/mtype242.a(pir-sensor.o)
                0x000000000002d8ad                simPirValue
 *fill*         0x000000000002d8ae        0x2 
 .bss           0x000000000002d8b0        0x4 build/cooja/mtype242.a(rs232.o)
 .bss           0x000000000002d8b4        0x1 build/cooja/mtype242.a(vib-sensor.o)
                0x000000000002d8b4                simVibValue
 .bss           0x000000000002d8b5        0x0 build/cooja/mtype242.a(clock.o)
 *fill*         0x000000000002d8b5        0xb 
 .bss           0x000000000002d8c0     0x2020 build/cooja/mtype242.a(cooja-log.o)
 .bss           0x000000000002f8e0      0xfc0 build/cooja/mtype242.a(cfs-cooja.o)
                0x000000000002f8e0                simCFSData
                0x0000000000030880                simCFSSize
                0x0000000000030884                simCFSChanged
                0x0000000000030888                simCFSRead
                0x000000000003088c                simCFSWritten
 .bss           0x00000000000308a0       0x24 build/cooja/mtype242.a(cooja-radio.o)
                0x00000000000308a0                simReceiving
                0x00000000000308a4                simInSize
                0x00000000000308a8                simLastPacketTimestamp
                0x00000000000308b0                simOutSize
 .bss           0x00000000000308c4        0xc build/cooja/mtype242.a(eeprom.o)
                0x00000000000308c4                simEEPROMChanged
                0x00000000000308c8                simEEPROMRead
                0x00000000000308cc                simEEPROMWritten
 .bss           0x00000000000308d0        0x0 build/cooja/mtype242.a(random.o)
 .bss           0x00000000000308d0        0xc build/cooja/mtype242.a(sensors.o)
 .bss           0x00000000000308dc        0x0 build/cooja/mtype242.a(leds.o)
 .bss           0x00000000000308dc       0x24 build/cooja/mtype242.a(gpio-hal-arch.o)
 .bss           0x0000000000030900        0x0 build/cooja/mtype242.a(buttons.o)
 .bss           0x0000000000030900        0x0 build/cooja/mtype242.a(contiki-main.o)
 .bss           0x0000000000030900        0x0 build/cooja/mtype242.a(autostart.o)
 .bss           0x0000000000030900        0x5 build/cooja/mtype242.a(ctimer.o)
 *fill*         0x0000000000030905        0x3 
 .bss           0x0000000000030908       0x2c build/cooja/mtype242.a(log.o)
                0x0000000000030908                curr_log_level_rpl
                0x000000000003090c                curr_log_level_tcpip
                0x0000000000030910                curr_log_level_ipv6
                0x0000000000030914                curr_log_level_6lowpan
                0x0000000000030918                curr_log_level_nullnet
                0x000000000003091c                curr_log_level_mac
                0x0000000000030920                curr_log_level_framer
                0x0000000000030924                curr_log_level_6top
                0x0000000000030928                curr_log_level_coap
                0x000000000003092c                curr_log_level_snmp
                0x0000000000030930                curr_log_level_lwm2m
 .bss           0x0000000000030934        0x0 build/cooja/mtype242.a(energest.o)
 .bss           0x0000000000030934        0x8 build/cooja/mtype242.a(etimer.o)
 .bss           0x000000000003093c        0x2 build/cooja/mtype242.a(node-id.o)
                0x000000000003093c                node_id
 *fill*         0x000000000003093e        0x2 
 .bss           0x0000000000030940        0x4 build/cooja/mtype242.a(rtimer.o)
 *fill*         0x0000000000030944       0x1c 
 .bss           0x0000000000030960      0x1a1 build/cooja/mtype242.a(process.o)
                0x0000000000030960                process_list
                0x0000000000030964                process_current
 .bss           0x0000000000030b01        0x0 build/cooja/mtype242.a(timer.o)
 .bss           0x0000000000030b01        0x0 build/cooja/mtype242.a(list.o)
 *fill*         0x0000000000030b01        0x3 
 .bss           0x0000000000030b04       0x10 build/cooja/mtype242.a(button-hal.o)
 *fill*         0x0000000000030b14        0xc 
 .bss           0x0000000000030b20      0x140 build/cooja/mtype242.a(serial-line.o)
 .bss           0x0000000000030c60        0x4 build/cooja/mtype242.a(gpio-hal.o)
 *fill*         0x0000000000030c64       0x1c 
 .bss           0x0000000000030c80     0x2c80 build/cooja/mtype242.a(queuebuf.o)
 .bss           0x0000000000033900       0xa0 build/cooja/mtype242.a(packetbuf.o)
 .bss           0x00000000000339a0        0x4 build/cooja/mtype242.a(netstack.o)
 .bss           0x00000000000339a4        0x0 build/cooja/mtype242.a(linkaddr.o)
 .bss           0x00000000000339a4        0x0 build/cooja/mtype242.a(csma.o)
 *fill*         0x00000000000339a4       0x1c 
 .bss           0x00000000000339c0      0x726 build/cooja/mtype242.a(csma-output.o)
 *fill*         0x00000000000340e6        0x2 
 .bss           0x00000000000340e8       0x30 build/cooja/mtype242.a(uip-ds6.o)
 *fill*         0x0000000000034118        0x8 
 .bss           0x0000000000034120       0x60 build/cooja/mtype242.a(uip-ds6-route.o)
 .bss           0x0000000000034180     0x1c20 build/cooja/mtype242.a(uip-ds6-nbr.o)
 .bss           0x0000000000035da0       0x10 build/cooja/mtype242.a(tcpip.o)
 .bss           0x0000000000035db0        0x8 build/cooja/mtype242.a(uip6.o)
                0x0000000000035db0                uip_ext_bitmap
                0x0000000000035db2                uip_ext_len
                0x0000000000035db4                uip_last_proto
 .bss           0x0000000000035db8       0x10 build/cooja/mtype242.a(uip-nd6.o)
 *fill*         0x0000000000035dc8       0x18 
 .bss           0x0000000000035de0      0x724 build/cooja/mtype242.a(sicslowpan.o)
 .bss           0x0000000000036504        0x0 build/cooja/mtype242.a(uiplib.o)
 .bss           0x0000000000036504        0x1 build/cooja/mtype242.a(rpl.o)
 .bss           0x0000000000036505        0x0 build/cooja/mtype242.a(rpl-icmp6.o)
 *fill*         0x0000000000036505        0x3 
 .bss           0x0000000000036508       0x11 build/cooja/mtype242.a(rpl-dag-root.o)
 .bss           0x0000000000036519        0x0 build/cooja/mtype242.a(watchdog.o)
 *fill*         0x0000000000036519        0x3 
 .bss           0x000000000003651c        0x4 build/cooja/mtype242.a(int-master.o)
 .bss           0x0000000000036520        0x0 build/cooja/mtype242.a(stimer.o)
 .bss           0x0000000000036520        0x0 build/cooja/mtype242.a(memb.o)
 .bss           0x0000000000036520        0x0 build/cooja/mtype242.a(assert.o)
 .bss           0x0000000000036520        0x0 build/cooja/mtype242.a(ringbuf.o)
 .bss           0x0000000000036520     0x1214 build/cooja/mtype242.a(nbr-table.o)
 *fill*         0x0000000000037734        0xc 
 .bss           0x0000000000037740      0xe10 build/cooja/mtype242.a(link-stats.o)
 *fill*         0x0000000000038550       0x10 
 .bss           0x0000000000038560      0x100 build/cooja/mtype242.a(mac-sequence.o)
 .bss           0x0000000000038660        0x0 build/cooja/mtype242.a(mac.o)
 .bss           0x0000000000038660        0x2 build/cooja/mtype242.a(framer-802154.o)
 .bss           0x0000000000038662        0x0 build/cooja/mtype242.a(frame802154.o)
 .bss           0x0000000000038662        0x0 build/cooja/mtype242.a(csma-security.o)
 *fill*         0x0000000000038662        0x2 
 .bss           0x0000000000038664       0x20 build/cooja/mtype242.a(uipbuf.o)
 .bss           0x0000000000038684       0x18 build/cooja/mtype242.a(uip-icmp6.o)
 *fill*         0x000000000003869c        0x4 
 .bss           0x00000000000386a0     0x1d80 build/cooja/mtype242.a(uip-sr.o)
 .bss           0x000000000003a420      0xa78 build/cooja/mtype242.a(uip-packetqueue)
 .bss           0x000000000003ae98        0x0 build/cooja/mtype242.a(rpl-nbr-policy.)
 *fill*         0x000000000003ae98        0x8 
 .bss           0x000000000003aea0      0x960 build/cooja/mtype242.a(rpl-neighbor.o)
 .bss           0x000000000003b800        0x0 build/cooja/mtype242.a(rpl-dag.o)
 .bss           0x000000000003b800       0x40 build/cooja/mtype242.a(rpl-timers.o)
 .bss           0x000000000003b840        0x0 build/cooja/mtype242.a(rpl-ext-header.)
 .bss           0x000000000003b840        0x0 build/cooja/mtype242.a(rpl-mrhof.o)
 .bss           0x000000000003b840        0x0 /usr/lib/i386-linux-gnu/libc_nonshared.a(stack_chk_fail_local.oS)
 .bss           0x000000000003b840        0x0 /usr/lib/gcc/i686-linux-gnu/7/crtendS.o
 .bss           0x000000000003b840        0x0 /usr/lib/gcc/i686-linux-gnu/7/../../../i386-linux-gnu/crtn.o
 *(COMMON)
 COMMON         0x000000000003b840        0x8 build/cooja/mtype242.o
                0x000000000003b840                referenceVar
                0x000000000003b844                sensors_flags
 COMMON         0x000000000003b848        0xc build/cooja/mtype242.a(simEnvChange.o)
                0x000000000003b848                simEtimerPending
                0x000000000003b84c                simProcessRunValue
                0x000000000003b850                simEtimerNextExpirationTime
 *fill*         0x000000000003b854        0x4 
 COMMON         0x000000000003b858       0x18 build/cooja/mtype242.a(rtimer-arch.o)
                0x000000000003b858                simRtimerPending
                0x000000000003b860                simRtimerCurrentTicks
                0x000000000003b868                simRtimerNextExpirationTime
 COMMON         0x000000000003b870        0x1 build/cooja/mtype242.a(beep.o)
                0x000000000003b870                simBeeped
 *fill*         0x000000000003b871        0x3 
 COMMON         0x000000000003b874        0xc build/cooja/mtype242.a(moteid.o)
                0x000000000003b874                simRandomSeed
                0x000000000003b878                simMoteIDChanged
                0x000000000003b87c                simMoteID
 COMMON         0x000000000003b880        0x2 build/cooja/mtype242.a(pir-sensor.o)
                0x000000000003b880                simPirIsActive
                0x000000000003b881                simPirChanged
 *fill*         0x000000000003b882       0x1e 
 COMMON         0x000000000003b8a0      0x820 build/cooja/mtype242.a(rs232.o)
                0x000000000003b8a0                simSerialReceivingFlag
                0x000000000003b8a4                simSerialReceivingLength
                0x000000000003b8c0                simSerialReceivingData
 COMMON         0x000000000003c0c0        0x2 build/cooja/mtype242.a(vib-sensor.o)
                0x000000000003c0c0                simVibChanged
                0x000000000003c0c1                simVibIsActive
 *fill*         0x000000000003c0c2        0x2 
 COMMON         0x000000000003c0c4        0x4 build/cooja/mtype242.a(clock.o)
                0x000000000003c0c4                simCurrentTime
 *fill*         0x000000000003c0c8       0x18 
 COMMON         0x000000000003c0e0     0x2020 build/cooja/mtype242.a(cooja-log.o)
                0x000000000003c0e0                simLoggedLength
                0x000000000003c0e4                simLoggedFlag
                0x000000000003c100                simLoggedData
 COMMON         0x000000000003e100       0xfd build/cooja/mtype242.a(cooja-radio.o)
                0x000000000003e100                simOutDataBuffer
                0x000000000003e180                simInDataBuffer
 *fill*         0x000000000003e1fd        0x3 
 COMMON         0x000000000003e200      0x400 build/cooja/mtype242.a(eeprom.o)
                0x000000000003e200                simEEPROMData
 COMMON         0x000000000003e600        0x1 build/cooja/mtype242.a(sensors.o)
                0x000000000003e600                sensors_event
 COMMON         0x000000000003e601        0x2 build/cooja/mtype242.a(buttons.o)
                0x000000000003e601                simButtonIsDown
                0x000000000003e602                simButtonChanged
 COMMON         0x000000000003e603        0x3 build/cooja/mtype242.a(button-hal.o)
                0x000000000003e603                button_hal_periodic_event
                0x000000000003e604                button_hal_press_event
                0x000000000003e605                button_hal_release_event
 COMMON         0x000000000003e606        0x1 build/cooja/mtype242.a(serial-line.o)