Archive member included to satisfy reference by file (symbol)

build/cooja/mtype486.a(simEnvChange.o)
                              build/cooja/mtype486.o (simDontFallAsleep)
build/cooja/mtype486.a(cooja_mt.o)
                              build/cooja/mtype486.o (cooja_mt_start)
build/cooja/mtype486.a(cooja_mtarch.o)
                              build/cooja/mtype486.a(cooja_mt.o) (cooja_mtarch_start)
build/cooja/mtype486.a(rtimer-arch.o)
                              build/cooja/mtype486.o (rtimer_arch_check)
build/cooja/mtype486.a(beep.o)
                              build/cooja/mtype486.o (beep_interface)
build/cooja/mtype486.a(leds-arch.o)
                              build/cooja/mtype486.o (leds_interface)
build/cooja/mtype486.a(moteid.o)
                              build/cooja/mtype486.o (moteid_interface)
build/cooja/mtype486.a(pir-sensor.o)
                              build/cooja/mtype486.o (pir_interface)
build/cooja/mtype486.a(rs232.o)
                              build/cooja/mtype486.o (rs232_interface)
build/cooja/mtype486.a(vib-sensor.o)
                              build/cooja/mtype486.o (vib_interface)
build/cooja/mtype486.a(clock.o)
                              build/cooja/mtype486.o (clock_interface)
build/cooja/mtype486.a(cooja-log.o)
                              build/cooja/mtype486.o (simlog_interface)
build/cooja/mtype486.a(cfs-cooja.o)
                              build/cooja/mtype486.o (cfs_interface)
build/cooja/mtype486.a(cooja-radio.o)
                              build/cooja/mtype486.o (radio_interface)
build/cooja/mtype486.a(eeprom.o)
                              build/cooja/mtype486.o (eeprom_interface)
build/cooja/mtype486.a(random.o)
                              build/cooja/mtype486.a(moteid.o) (random_init)
build/cooja/mtype486.a(sensors.o)
                              build/cooja/mtype486.a(pir-sensor.o) (sensors_changed)
build/cooja/mtype486.a(leds.o)
                              hello_world.o (leds_on)
build/cooja/mtype486.a(gpio-hal-arch.o)
                              build/cooja/mtype486.a(leds-arch.o) (gpio_hal_arch_register_pin_callback)
build/cooja/mtype486.a(buttons.o)
                              build/cooja/mtype486.o (button_interface)
build/cooja/mtype486.a(contiki-main.o)
                              build/cooja/mtype486.o (main)
build/cooja/mtype486.a(autostart.o)
                              build/cooja/mtype486.a(contiki-main.o) (autostart_start)
build/cooja/mtype486.a(ctimer.o)
                              build/cooja/mtype486.a(contiki-main.o) (ctimer_init)
build/cooja/mtype486.a(log.o)
                              build/cooja/mtype486.a(contiki-main.o) (curr_log_level_main)
build/cooja/mtype486.a(energest.o)
                              build/cooja/mtype486.a(contiki-main.o) (energest_init)
build/cooja/mtype486.a(etimer.o)
                              build/cooja/mtype486.a(contiki-main.o) (etimer_process)
build/cooja/mtype486.a(node-id.o)
                              build/cooja/mtype486.a(contiki-main.o) (node_id)
build/cooja/mtype486.a(rtimer.o)
                              build/cooja/mtype486.a(contiki-main.o) (rtimer_init)
build/cooja/mtype486.a(process.o)
                              build/cooja/mtype486.a(ctimer.o) (process_current)
build/cooja/mtype486.a(timer.o)
                              build/cooja/mtype486.a(etimer.o) (timer_set)
build/cooja/mtype486.a(list.o)
                              build/cooja/mtype486.a(ctimer.o) (list_init)
build/cooja/mtype486.a(button-hal.o)
                              build/cooja/mtype486.o (button_hal_init)
build/cooja/mtype486.a(serial-line.o)
                              build/cooja/mtype486.a(rs232.o) (serial_line_input_byte)
build/cooja/mtype486.a(gpio-hal.o)
                              build/cooja/mtype486.a(button-hal.o) (gpio_hal_register_handler)
build/cooja/mtype486.a(queuebuf.o)
                              build/cooja/mtype486.a(contiki-main.o) (queuebuf_init)
build/cooja/mtype486.a(packetbuf.o)
                              build/cooja/mtype486.a(cooja-radio.o) (packetbuf_clear)
build/cooja/mtype486.a(netstack.o)
                              build/cooja/mtype486.a(contiki-main.o) (netstack_init)
build/cooja/mtype486.a(linkaddr.o)
                              build/cooja/mtype486.a(contiki-main.o) (linkaddr_node_addr)
build/cooja/mtype486.a(csma.o)
                              build/cooja/mtype486.a(cooja-radio.o) (csma_driver)
build/cooja/mtype486.a(csma-output.o)
                              build/cooja/mtype486.a(csma.o) (csma_output_packet)
build/cooja/mtype486.a(uip-ds6.o)
                              build/cooja/mtype486.a(contiki-main.o) (uip_ds6_get_link_local)
build/cooja/mtype486.a(uip-ds6-route.o)
                              build/cooja/mtype486.a(uip-ds6.o) (uip_ds6_route_init)
build/cooja/mtype486.a(uip-ds6-nbr.o)
                              build/cooja/mtype486.a(uip-ds6.o) (uip_ds6_neighbors_init)
build/cooja/mtype486.a(tcpip.o)
[...]
Memory Configuration

Name             Origin             Length             Attributes
*default*        0x0000000000000000 0xffffffffffffffff

Linker script and memory map

LOAD /usr/lib/gcc/i686-linux-gnu/7/../../../i386-linux-gnu/crti.o
LOAD /usr/lib/gcc/i686-linux-gnu/7/crtbeginS.o
LOAD hello_world.o
LOAD build/cooja/mtype486.o
LOAD build/cooja/mtype486.a
LOAD /usr/lib/gcc/i686-linux-gnu/7/libgcc.a
LOAD /usr/lib/gcc/i686-linux-gnu/7/libgcc_s.so
START GROUP
LOAD /usr/lib/gcc/i686-linux-gnu/7/libgcc_s.so.1
LOAD /usr/lib/gcc/i686-linux-gnu/7/libgcc.a
END GROUP
LOAD /usr/lib/gcc/i686-linux-gnu/7/../../../i386-linux-gnu/libc.so
START GROUP
LOAD /lib/i386-linux-gnu/libc.so.6
LOAD /usr/lib/i386-linux-gnu/libc_nonshared.a
LOAD /lib/i386-linux-gnu/ld-linux.so.2
END GROUP
LOAD /usr/lib/gcc/i686-linux-gnu/7/libgcc.a
LOAD /usr/lib/gcc/i686-linux-gnu/7/libgcc_s.so
START GROUP
LOAD /usr/lib/gcc/i686-linux-gnu/7/libgcc_s.so.1
LOAD /usr/lib/gcc/i686-linux-gnu/7/libgcc.a
END GROUP
LOAD /usr/lib/gcc/i686-linux-gnu/7/crtendS.o
LOAD /usr/lib/gcc/i686-linux-gnu/7/../../../i386-linux-gnu/crtn.o
                0x0000000000000114                . = (SEGMENT_START ("text-segment", 0x0) + SIZEOF_HEADERS)

.note.gnu.build-id
                0x0000000000000114       0x24
 *(.note.gnu.build-id)
 .note.gnu.build-id
                0x0000000000000114       0x24 /usr/lib/gcc/i686-linux-gnu/7/../../../i386-linux-gnu/crti.o

.hash
 *(.hash)

.gnu.hash       0x0000000000000138     0x1418
 *(.gnu.hash)
 .gnu.hash      0x0000000000000138     0x1418 /usr/lib/gcc/i686-linux-gnu/7/../../../i386-linux-gnu/crti.o

.dynsym         0x0000000000001550     0x28a0
 *(.dynsym)
 .dynsym        0x0000000000001550     0x28a0 /usr/lib/gcc/i686-linux-gnu/7/../../../i386-linux-gnu/crti.o

.dynstr         0x0000000000003df0     0x2e2a
 *(.dynstr)
 .dynstr        0x0000000000003df0     0x2e2a /usr/lib/gcc/i686-linux-gnu/7/../../../i386-linux-gnu/crti.o

.gnu.version    0x0000000000006c1a      0x514
 *(.gnu.version)
 .gnu.version   0x0000000000006c1a      0x514 /usr/lib/gcc/i686-linux-gnu/7/../../../i386-linux-gnu/crti.o

.gnu.version_d  0x0000000000007130        0x0
 *(.gnu.version_d)
 .gnu.version_d
                0x0000000000007130        0x0 /usr/lib/gcc/i686-linux-gnu/7/../../../i386-linux-gnu/crti.o

.gnu.version_r  0x0000000000007130       0x40
 *(.gnu.version_r)
 .gnu.version_r
                0x0000000000007130       0x40 /usr/lib/gcc/i686-linux-gnu/7/../../../i386-linux-gnu/crti.o

.rel.dyn        0x0000000000007170      0xd88
 *(.rel.init)
 .rel.init      0x0000000000007170        0x0 /usr/lib/gcc/i686-linux-gnu/7/../../../i386-linux-gnu/crti.o
 *(.rel.text .rel.text.* .rel.gnu.linkonce.t.*)
 .rel.text      0x0000000000007170      0x4d8 /usr/lib/gcc/i686-linux-gnu/7/../../../i386-linux-gnu/crti.o
 *(.rel.fini)
 .rel.fini      0x0000000000007648        0x0 /usr/lib/gcc/i686-linux-gnu/7/../../../i386-linux-gnu/crti.o
 *(.rel.rodata .rel.rodata.* .rel.gnu.linkonce.r.*)
 *(.rel.data.rel.ro .rel.data.rel.ro.* .rel.gnu.linkonce.d.rel.ro.*)
 .rel.data.rel.ro.local
                0x0000000000007648      0x208 /usr/lib/gcc/i686-linux-gnu/7/../../../i386-linux-gnu/crti.o
 .rel.data.rel.ro
                0x0000000000007850       0xb0 /usr/lib/gcc/i686-linux-gnu/7/../../../i386-linux-gnu/crti.o
 *(.rel.data .rel.data.* .rel.gnu.linkonce.d.*)
 .rel.data.rel.local
                0x0000000000007900      0x2e0 /usr/lib/gcc/i686-linux-gnu/7/../../../i386-linux-gnu/crti.o
 .rel.data.rel  0x0000000000007be0       0x78 /usr/lib/gcc/i686-linux-gnu/7/../../../i386-linux-gnu/crti.o
 *(.rel.tdata .rel.tdata.* .rel.gnu.linkonce.td.*)
 *(.rel.tbss .rel.tbss.* .rel.gnu.linkonce.tb.*)
 *(.rel.ctors)
 *(.rel.dtors)
 *(.rel.got)
 .rel.got       0x0000000000007c58      0x290 /usr/lib/gcc/i686-linux-gnu/7/../../../i386-linux-gnu/crti.o
 *(.rel.bss .rel.bss.* .rel.gnu.linkonce.b.*)
 *(.rel.ifunc)
 .rel.ifunc     0x0000000000007ee8        0x0 /usr/lib/gcc/i686-linux-gnu/7/../../../i386-linux-gnu/crti.o
 .rel.fini_array
                0x0000000000007ee8        0x8 /usr/lib/gcc/i686-linux-gnu/7/../../../i386-linux-gnu/crti.o
 .rel.init_array
                0x0000000000007ef0        0x8 /usr/lib/gcc/i686-linux-gnu/7/../../../i386-linux-gnu/crti.o

.rel.plt        0x0000000000007ef8      0x928
 *(.rel.plt)
 .rel.plt       0x0000000000007ef8      0x928 /usr/lib/gcc/i686-linux-gnu/7/../../../i386-linux-gnu/crti.o
 *(.rel.iplt)

.init           0x0000000000008820       0x23
 *(SORT_NONE(.init))
 .init          0x0000000000008820       0x1e /usr/lib/gcc/i686-linux-gnu/7/../../../i386-linux-gnu/crti.o
                0x0000000000008820                _init
 .init          0x000000000000883e        0x5 /usr/lib/gcc/i686-linux-gnu/7/../../../i386-linux-gnu/crtn.o

.plt            0x0000000000008850     0x1260
 *(.plt)
 .plt           0x0000000000008850     0x1260 /usr/lib/gcc/i686-linux-gnu/7/../../../i386-linux-gnu/crti.o
 *(.iplt)

.plt.got        0x0000000000009ab0       0x18
 *(.plt.got)
 .plt.got       0x0000000000009ab0       0x18 /usr/lib/gcc/i686-linux-gnu/7/../../../i386-linux-gnu/crti.o

.plt.sec
 *(.plt.sec)

.text           0x0000000000009ad0    0x17594
 *(.text.unlikely .text.*_unlikely .text.unlikely.*)
 *(.text.exit .text.exit.*)
 *(.text.startup .text.startup.*)
 *(.text.hot .text.hot.*)
 *(.text .stub .text.* .gnu.linkonce.t.*)
 .text          0x0000000000009ad0        0x0 /usr/lib/gcc/i686-linux-gnu/7/../../../i386-linux-gnu/crti.o
 .gnu.linkonce.t.__x86.get_pc_thunk.bx
                0x0000000000009ad0        0x4 /usr/lib/gcc/i686-linux-gnu/7/../../../i386-linux-gnu/crti.o
                0x0000000000009ad0                __x86.get_pc_thunk.bx
 *fill*         0x0000000000009ad4        0xc 
 .text          0x0000000000009ae0       0xe9 /usr/lib/gcc/i686-linux-gnu/7/crtbeginS.o
 .text.__x86.get_pc_thunk.dx
                0x0000000000009bc9        0x4 /usr/lib/gcc/i686-linux-gnu/7/crtbeginS.o
                0x0000000000009bc9                __x86.get_pc_thunk.dx
 .text          0x0000000000009bcd       0x5e hello_world.o
 .text          0x0000000000009c2b      0x36b build/cooja/mtype486.o
                0x0000000000009cdd                platform_init_stage_one
                0x0000000000009d00                platform_init_stage_two
                0x0000000000009d23                platform_init_stage_three
                0x0000000000009d46                platform_main_loop
                0x0000000000009dec                Java_org_contikios_cooja_corecomm_Lib2_init
                0x0000000000009e3a                Java_org_contikios_cooja_corecomm_Lib2_getMemory
                0x0000000000009e7a                Java_org_contikios_cooja_corecomm_Lib2_setMemory
                0x0000000000009eeb                Java_org_contikios_cooja_corecomm_Lib2_tick
                0x0000000000009f75                Java_org_contikios_cooja_corecomm_Lib2_setReferenceAddress
 .text.__x86.get_pc_thunk.ax
                0x0000000000009f96        0x4 build/cooja/mtype486.o
                0x0000000000009f96                __x86.get_pc_thunk.ax
 .text          0x0000000000009f9a       0x8d build/cooja/mtype486.a(simEnvChange.o)
                0x0000000000009f9a                doActionsBeforeTick
                0x0000000000009fe0                doActionsAfterTick
 .text          0x000000000000a027       0xb6 build/cooja/mtype486.a(cooja_mt.o)
                0x000000000000a027                cooja_mt_start
                0x000000000000a061                cooja_mt_exec
                0x000000000000a0a8                cooja_mt_yield
 .text          0x000000000000a0dd       0xf2 build/cooja/mtype486.a(cooja_mtarch.o)
                0x000000000000a0dd                cooja_mtarch_start
                0x000000000000a161                cooja_sw
                0x000000000000a18f                cooja_mtarch_exec
                0x000000000000a1ba                cooja_mtarch_yield
 .text          0x000000000000a1cf      0x127 build/cooja/mtype486.a(rtimer-arch.o)
                0x000000000000a1cf                rtimer_arch_init
                0x000000000000a1fe                rtimer_arch_schedule
                0x000000000000a240                rtimer_arch_next
                0x000000000000a25a                rtimer_arch_pending
                0x000000000000a271                rtimer_arch_check
                0x000000000000a2dc                rtimer_arch_now
 .text.__x86.get_pc_thunk.cx
                0x000000000000a2f6        0x4 build/cooja/mtype486.a(rtimer-arch.o)
                0x000000000000a2f6                __x86.get_pc_thunk.cx
 .text          0x000000000000a2fa      0x101 build/cooja/mtype486.a(beep.o)
                0x000000000000a2fa                beep_alarm
                0x000000000000a313                beep_beep
                0x000000000000a32c                beep
                0x000000000000a345                beep_down
                0x000000000000a35e                beep_on
                0x000000000000a377                beep_off
                0x000000000000a390                beep_spinup
                0x000000000000a3a9                beep_quick
                0x000000000000a3c2                beep_long
 .text          0x000000000000a3fb       0x9f build/cooja/mtype486.a(leds-arch.o)
                0x000000000000a41f                leds_arch_init
 .text          0x000000000000a49a       0x56 build/cooja/mtype486.a(moteid.o)
 .text          0x000000000000a4f0      0x101 build/cooja/mtype486.a(pir-sensor.o)
 .text          0x000000000000a5f1      0x1cc build/cooja/mtype486.a(rs232.o)
                0x000000000000a5f1                rs232_init
                0x000000000000a601                rs232_set_speed
                0x000000000000a61a                rs232_set_input
                0x000000000000a633                rs232_send
                0x000000000000a669                rs232_print
                0x000000000000a697                slip_arch_writeb
 .text          0x000000000000a7bd      0x101 build/cooja/mtype486.a(vib-sensor.o)
 .text          0x000000000000a8be       0x7a build/cooja/mtype486.a(clock.o)
                0x000000000000a8be                clock_init
                0x000000000000a8ce                clock_time
                0x000000000000a8e5                clock_seconds
                0x000000000000a908                clock_delay
 .text          0x000000000000a938      0x2b5 build/cooja/mtype486.a(cooja-log.o)
                0x000000000000a938                simlog_char
                0x000000000000a99c                simlog
                0x000000000000aa36                log_message
                0x000000000000aa85                log_set_putchar_with_slip
                0x000000000000aa9e                log_putchar
                0x000000000000ab29                log_puts
                0x000000000000ab5b                log_printf
 .text          0x000000000000abed      0x36c build/cooja/mtype486.a(cfs-cooja.o)
                0x000000000000abed                cfs_open
                0x000000000000ac65                cfs_close
                0x000000000000ac7c                cfs_read
                0x000000000000ad30                cfs_write
                0x000000000000ae2e                cfs_seek
                0x000000000000aecb                cfs_remove
                0x000000000000af01                cfs_opendir
                0x000000000000af15                cfs_readdir
                0x000000000000af29                cfs_closedir
 .text          0x000000000000af59      0x785 build/cooja/mtype486.a(cooja-radio.o)
                0x000000000000afc7                radio_set_channel
                0x000000000000afe0                radio_set_txpower
                0x000000000000b003                radio_signal_strength_last
                0x000000000000b018                radio_signal_strength_current
                0x000000000000b02d                radio_LQI
 .text          0x000000000000b6de      0x130 build/cooja/mtype486.a(eeprom.o)
                0x000000000000b6de                eeprom_init
                0x000000000000b6ee                eeprom_read
                0x000000000000b76e                eeprom_write
 .text          0x000000000000b80e       0x4e build/cooja/mtype486.a(random.o)
                0x000000000000b80e                random_init
                0x000000000000b83e                random_rand
 .text          0x000000000000b85c      0x332 build/cooja/mtype486.a(sensors.o)
                0x000000000000b8a3                sensors_first
                0x000000000000b8ba                sensors_next
                0x000000000000b8e5                sensors_changed
                0x000000000000b932                sensors_find
 .text          0x000000000000bb8e      0x3fc build/cooja/mtype486.a(leds.o)
                0x000000000000bb8e                leds_init
                0x000000000000bbe6                leds_single_on
                0x000000000000bc5e                leds_single_off
                0x000000000000bcd6                leds_single_toggle
                0x000000000000bd1a                leds_on
                0x000000000000bdb2                leds_off
                0x000000000000be4a                leds_toggle
                0x000000000000beb0                leds_set
                0x000000000000bee6                leds_get
 .text          0x000000000000bf8a      0x401 build/cooja/mtype486.a(gpio-hal-arch.o)
                0x000000000000bf8a                gpio_hal_arch_register_pin_callback
                0x000000000000c00b                gpio_hal_arch_init
                0x000000000000c065                gpio_hal_arch_no_port_interrupt_enable
                0x000000000000c09f                gpio_hal_arch_no_port_interrupt_disable
                0x000000000000c0d9                gpio_hal_arch_no_port_pin_cfg_set
                0x000000000000c108                gpio_hal_arch_no_port_pin_cfg_get
                0x000000000000c138                gpio_hal_arch_no_port_pin_set_input
                0x000000000000c154                gpio_hal_arch_no_port_pin_set_output
                0x000000000000c170                gpio_hal_arch_no_port_set_pin
                0x000000000000c19b                gpio_hal_arch_no_port_clear_pin
                0x000000000000c1c6                gpio_hal_arch_no_port_read_pin
                0x000000000000c1f8                gpio_hal_arch_no_port_write_pin
                0x000000000000c22c                gpio_hal_arch_no_port_set_pins
                0x000000000000c27d                gpio_hal_arch_no_port_clear_pins
                0x000000000000c2ce                gpio_hal_arch_no_port_read_pins
                0x000000000000c321                gpio_hal_arch_no_port_write_pins
 .text          0x000000000000c38b       0xc6 build/cooja/mtype486.a(buttons.o)
 .text          0x000000000000c451      0x3c1 build/cooja/mtype486.a(contiki-main.o)
                0x000000000000c451                main
 .text          0x000000000000c812       0xb0 build/cooja/mtype486.a(autostart.o)
                0x000000000000c812                autostart_start
                0x000000000000c86b                autostart_exit
 .text          0x000000000000c8c2      0x400 build/cooja/mtype486.a(ctimer.o)
                0x000000000000ca05                ctimer_init
                0x000000000000ca4a                ctimer_set
                0x000000000000ca7d                ctimer_set_with_process
                0x000000000000cb14                ctimer_reset
                0x000000000000cb82                ctimer_restart
                0x000000000000cbf0                ctimer_stop
                0x000000000000cc50                ctimer_expired
 .text          0x000000000000ccc2      0x4a3 build/cooja/mtype486.a(log.o)
                0x000000000000ccc2                log_6addr
                0x000000000000cd26                log_6addr_compact_snprint
                0x000000000000cde6                log_6addr_compact
                0x000000000000ce4a                log_lladdr
                0x000000000000ced1                log_lladdr_compact
                0x000000000000cf4e                log_bytes
                0x000000000000cfa2                log_set_level
                0x000000000000d080                log_get_level
                0x000000000000d111                log_level_to_str
 .text          0x000000000000d165       0x39 build/cooja/mtype486.a(energest.o)
                0x000000000000d165                energest_init
                0x000000000000d175                energest_flush
                0x000000000000d185                energest_get_total_time
 .text          0x000000000000d19e      0x527 build/cooja/mtype486.a(etimer.o)
                0x000000000000d3f3                etimer_request_poll
                0x000000000000d4a4                etimer_set
                0x000000000000d4dd                etimer_reset_with_new_interval
                0x000000000000d51c                etimer_reset
                0x000000000000d552                etimer_restart
                0x000000000000d588                etimer_adjust
                0x000000000000d5af                etimer_expired
                0x000000000000d5cc                etimer_expiration_time
                0x000000000000d5e8                etimer_start_time
                0x000000000000d5fc                etimer_pending
                0x000000000000d619                etimer_next_expiration_time
                0x000000000000d641                etimer_stop
 .text          0x000000000000d6c5       0x36 build/cooja/mtype486.a(node-id.o)
                0x000000000000d6c5                node_id_init
 .text          0x000000000000d6fb      0x122 build/cooja/mtype486.a(rtimer.o)
                0x000000000000d6fb                rtimer_init
                0x000000000000d71a                rtimer_set
                0x000000000000d7a8                rtimer_run_next
 .text          0x000000000000d81d      0x5cb build/cooja/mtype486.a(process.o)
                0x000000000000d81d                process_alloc_event
                0x000000000000d83e                process_start
                0x000000000000da43                process_exit
                0x000000000000da6b                process_init
                0x000000000000dc33                process_run
                0x000000000000dc76                process_nevents
                0x000000000000dc9b                process_post
                0x000000000000dd48                process_post_synch
                0x000000000000dd8e                process_poll
                0x000000000000ddca                process_is_running
 .text.__x86.get_pc_thunk.si
                0x000000000000dde8        0x4 build/cooja/mtype486.a(process.o)
                0x000000000000dde8                __x86.get_pc_thunk.si
 .text          0x000000000000ddec       0xf6 build/cooja/mtype486.a(timer.o)
                0x000000000000ddec                timer_set
                0x000000000000de1b                timer_reset
                0x000000000000de52                timer_restart
                0x000000000000de78                timer_expired
                0x000000000000deb6                timer_remaining
 .text          0x000000000000dee2      0x311 build/cooja/mtype486.a(list.o)
                0x000000000000dee2                list_init
                0x000000000000defb                list_head
                0x000000000000df0f                list_copy
                0x000000000000df29                list_tail
                0x000000000000df69                list_add
                0x000000000000dfbf                list_push
                0x000000000000dff5                list_chop
                0x000000000000e069                list_pop
                0x000000000000e09b                list_remove
                0x000000000000e10d                list_length
                0x000000000000e145                list_insert
                0x000000000000e194                list_item_next
                0x000000000000e1b5                list_contains
 .text          0x000000000000e1f3      0x566 build/cooja/mtype486.a(button-hal.o)
                0x000000000000e3e7                button_hal_get_by_id
                0x000000000000e431                button_hal_get_by_index
                0x000000000000e46b                button_hal_get_state
                0x000000000000e4cd                button_hal_init
 .text          0x000000000000e759      0x242 build/cooja/mtype486.a(serial-line.o)
                0x000000000000e759                serial_line_input_byte
                0x000000000000e951                serial_line_init
 .text          0x000000000000e99b      0x1d6 build/cooja/mtype486.a(gpio-hal.o)
                0x000000000000e99b                gpio_hal_register_handler
                0x000000000000e9c9                gpio_hal_event_handler
                0x000000000000ea36                gpio_hal_init
                0x000000000000ea65                gpio_hal_arch_port_toggle_pin
                0x000000000000eab0                gpio_hal_arch_port_toggle_pins
                0x000000000000eaed                gpio_hal_arch_no_port_toggle_pin
                0x000000000000eb3a                gpio_hal_arch_no_port_toggle_pins
 .text          0x000000000000eb71      0x3a9 build/cooja/mtype486.a(queuebuf.o)
                0x000000000000eb85                queuebuf_init
                0x000000000000ebc1                queuebuf_numfree
                0x000000000000ebeb                queuebuf_new_from_packetbuf
                0x000000000000ec9f                queuebuf_update_attr_from_packetbuf
                0x000000000000ece3                queuebuf_update_from_packetbuf
                0x000000000000ed42                queuebuf_free
                0x000000000000eda0                queuebuf_to_packetbuf
                0x000000000000ee1d                queuebuf_dataptr
                0x000000000000ee69                queuebuf_datalen
                0x000000000000ee96                queuebuf_addr
                0x000000000000eed5                queuebuf_attr
                0x000000000000ef0a                queuebuf_debug_print
 .text          0x000000000000ef1a      0x4dd build/cooja/mtype486.a(packetbuf.o)
                0x000000000000ef1a                packetbuf_clear
                0x000000000000ef50                packetbuf_copyfrom
                0x000000000000efb0                packetbuf_copyto
                0x000000000000f04e                packetbuf_hdralloc
                0x000000000000f0de                packetbuf_hdrreduce
                0x000000000000f130                packetbuf_set_datalen
                0x000000000000f155                packetbuf_dataptr
                0x000000000000f17c                packetbuf_hdrptr
                0x000000000000f191                packetbuf_datalen
                0x000000000000f1a7                packetbuf_hdrlen
                0x000000000000f1c6                packetbuf_totlen
                0x000000000000f1e6                packetbuf_remaininglen
                0x000000000000f203                packetbuf_attr_clear
                0x000000000000f269                packetbuf_attr_copyto
                0x000000000000f2af                packetbuf_attr_copyfrom
                0x000000000000f2f5                packetbuf_set_attr
                0x000000000000f32b                packetbuf_attr
                0x000000000000f351                packetbuf_set_addr
                0x000000000000f399                packetbuf_addr
                0x000000000000f3c3                packetbuf_holds_broadcast
 .text          0x000000000000f3f7      0x13c build/cooja/mtype486.a(netstack.o)
                0x000000000000f3f7                netstack_process_ip_callback
                0x000000000000f498                netstack_ip_packet_processor_add
                0x000000000000f4cc                uip_ds6_ip_packet_processor_rm
                0x000000000000f4fa                netstack_init
 .text          0x000000000000f533       0x75 build/cooja/mtype486.a(linkaddr.o)
                0x000000000000f533                linkaddr_copy
                0x000000000000f553                linkaddr_cmp
                0x000000000000f586                linkaddr_set_node_addr
 .text          0x000000000000f5a8      0x2ae build/cooja/mtype486.a(csma.o)
 .text          0x000000000000f856      0xa6f build/cooja/mtype486.a(csma-output.o)
                0x000000000000ffc8                csma_output_packet
                0x0000000000010277                csma_output_init
 .text          0x00000000000102c5      0xe47 build/cooja/mtype486.a(uip-ds6.o)
                0x00000000000102c5                uip_ds6_default_prefix
                0x00000000000102da                uip_ds6_set_default_prefix
                0x0000000000010310                uip_ds6_init
                0x00000000000105ab                uip_ds6_periodic
                0x0000000000010653                uip_ds6_list_loop
                0x0000000000010722                uip_ds6_prefix_add
                0x00000000000107e9                uip_ds6_prefix_rm
                0x0000000000010806                uip_ds6_prefix_lookup
                0x0000000000010859                uip_ds6_is_addr_onlink
                0x00000000000108e6                uip_ds6_addr_add
                0x0000000000010a28                uip_ds6_addr_rm
                0x0000000000010ae7                uip_ds6_addr_lookup
                0x0000000000010b37                uip_ds6_get_link_local
                0x0000000000010bd5                uip_ds6_get_global
                0x0000000000010c73                uip_ds6_maddr_add
                0x0000000000010cef                uip_ds6_maddr_rm
                0x0000000000010d0c                uip_ds6_maddr_lookup
                0x0000000000010d5f                uip_ds6_aaddr_add
                0x0000000000010dd8                uip_ds6_aaddr_rm
                0x0000000000010df5                uip_ds6_aaddr_lookup
                0x0000000000010e45                uip_ds6_select_src
                0x0000000000010fb3                uip_ds6_set_addr_iid
                0x0000000000010fe8                uip_ds6_set_lladdr_from_iid
                0x000000000001101b                get_match_length
                0x00000000000110b6                uip_ds6_compute_reachable_time
 .text          0x000000000001110c      0x453 build/cooja/mtype486.a(uip-ds6-route.o)
                0x000000000001116e                uip_ds6_route_init
                0x00000000000111aa                uip_ds6_route_count_nexthop_neighbors
                0x00000000000111be                uip_ds6_route_nexthop
                0x00000000000111d2                uip_ds6_route_head
                0x00000000000111e6                uip_ds6_route_next
                0x00000000000111fa                uip_ds6_route_is_nexthop
                0x000000000001120e                uip_ds6_route_num_routes
                0x0000000000011222                uip_ds6_route_lookup
                0x0000000000011236                uip_ds6_route_add
                0x0000000000011253                uip_ds6_route_rm
                0x0000000000011263                uip_ds6_route_rm_by_nexthop
                0x0000000000011273                uip_ds6_defrt_head
                0x000000000001129d                uip_ds6_defrt_add
                0x000000000001135d                uip_ds6_defrt_rm
                0x00000000000113d6                uip_ds6_defrt_lookup
                0x000000000001144d                uip_ds6_defrt_choose
                0x00000000000114d3                uip_ds6_defrt_periodic
 .text          0x000000000001155f      0x43e build/cooja/mtype486.a(uip-ds6-nbr.o)
                0x000000000001155f                uip_ds6_neighbors_init
                0x0000000000011595                uip_ds6_nbr_add
                0x000000000001162f                uip_ds6_nbr_rm
                0x000000000001168e                uip_ds6_nbr_update_ll
                0x000000000001178b                uip_ds6_nbr_get_ipaddr
                0x00000000000117aa                uip_ds6_nbr_get_ll
                0x00000000000117d7                uip_ds6_nbr_num
                0x0000000000011831                uip_ds6_nbr_head
                0x000000000001185b                uip_ds6_nbr_next
                0x0000000000011888                uip_ds6_nbr_lookup
                0x00000000000118ef                uip_ds6_nbr_ll_lookup
                0x000000000001191c                uip_ds6_nbr_ipaddr_from_lladdr
                0x000000000001194f                uip_ds6_nbr_lladdr_from_ipaddr
                0x000000000001198d                uip_ds6_link_callback
 .text          0x000000000001199d      0x870 build/cooja/mtype486.a(tcpip.o)
                0x00000000000119c3                tcpip_output
                0x0000000000011a72                udp_attach
                0x0000000000011a94                udp_new
                0x0000000000011aee                udp_broadcast_new
                0x0000000000011c8e                tcpip_input
                0x0000000000011e84                tcpip_ipv6_output
                0x00000000000120c0                tcpip_poll_udp
                0x00000000000120f0                tcpip_uipcall
 .text          0x000000000001220d     0x1520 build/cooja/mtype486.a(uip6.o)
                0x00000000000122c6                uip_chksum
                0x00000000000123be                uip_icmp6chksum
                0x00000000000123dd                uip_udpchksum
                0x00000000000123fc                uip_init
                0x000000000001245b                uip_remove_ext_hdr
                0x0000000000012556                uip_udp_new
                0x00000000000128cf                uip_process
                0x00000000000135bd                uip_htons
                0x00000000000135e9                uip_htonl
                0x0000000000013633                uip_send
 .text          0x000000000001372d      0x7d4 build/cooja/mtype486.a(uip-nd6.o)
                0x0000000000013ed6                uip_nd6_init
 .text          0x0000000000013f01     0x3370 build/cooja/mtype486.a(sicslowpan.o)
                0x00000000000145ff                netstack_sniffer_add
                0x0000000000014618                netstack_sniffer_remove
                0x0000000000017230                sicslowpan_init
                0x000000000001725c                sicslowpan_get_last_rssi
 .text          0x0000000000017271      0x51a build/cooja/mtype486.a(uiplib.o)
                0x0000000000017271                uiplib_ip6addrconv
                0x0000000000017437                uiplib_ip4addrconv
                0x0000000000017504                uiplib_ipaddr_print
                0x0000000000017568                uiplib_ipaddr_snprint
 .text          0x000000000001778b      0x610 build/cooja/mtype486.a(rpl.o)
                0x000000000001778b                rpl_lollipop_greater_than
                0x00000000000177ee                rpl_get_global_address
                0x0000000000017924                rpl_link_callback
                0x0000000000017987                rpl_has_joined
                0x00000000000179bd                rpl_is_reachable
                0x0000000000017a60                rpl_reset_prefix
                0x0000000000017adc                rpl_set_prefix_from_addr
                0x0000000000017bee                rpl_set_prefix
                0x0000000000017d62                rpl_set_leaf_only
                0x0000000000017d85                rpl_get_leaf_only
 .text          0x0000000000017d9b     0x1491 build/cooja/mtype486.a(rpl-icmp6.o)
                0x0000000000017ef8                rpl_icmp6_update_nbr_table
                0x0000000000017faa                rpl_icmp6_dis_output
                0x00000000000185bf                rpl_icmp6_dio_output
                0x0000000000018e18                rpl_icmp6_dao_output
                0x0000000000019145                rpl_icmp6_dao_ack_output
                0x00000000000191cc                rpl_icmp6_init
 .text          0x000000000001922c      0x2e4 build/cooja/mtype486.a(rpl-dag-root.o)
                0x000000000001922c                rpl_dag_root_print_links
                0x0000000000019385                rpl_dag_root_set_prefix
                0x00000000000193c0                rpl_dag_root_start
                0x00000000000194ce                rpl_dag_root_is_root
 .text          0x0000000000019510       0x6b build/cooja/mtype486.a(watchdog.o)
                0x0000000000019510                watchdog_init
                0x0000000000019520                watchdog_start
                0x0000000000019530                watchdog_periodic
                0x000000000001955b                watchdog_stop
                0x000000000001956b                watchdog_reboot
 .text          0x000000000001957b       0x75 build/cooja/mtype486.a(int-master.o)
                0x000000000001957b                int_master_enable
                0x0000000000019595                int_master_read_and_disable
                0x00000000000195bd                int_master_status_set
                0x00000000000195d6                int_master_is_enabled
 .text          0x00000000000195f0      0x11d build/cooja/mtype486.a(stimer.o)
                0x00000000000195f0                stimer_set
                0x000000000001961f                stimer_reset
                0x0000000000019656                stimer_restart
                0x000000000001967c                stimer_expired
                0x00000000000196b8                stimer_remaining
                0x00000000000196e4                stimer_elapsed
 .text          0x000000000001970d      0x1ec build/cooja/mtype486.a(memb.o)
                0x000000000001970d                memb_init
                0x0000000000019771                memb_alloc
                0x00000000000197de                memb_free
                0x000000000001985f                memb_inmemb
                0x00000000000198a8                memb_numfree
 .text          0x00000000000198f9       0x31 build/cooja/mtype486.a(assert.o)
                0x00000000000198f9                _xassert
 .text          0x000000000001992a      0x188 build/cooja/mtype486.a(ringbuf.o)
                0x000000000001992a                ringbuf_init
                0x0000000000019966                ringbuf_put
                0x00000000000199ee                ringbuf_get
                0x0000000000019a65                ringbuf_size
                0x0000000000019a81                ringbuf_elements
 .text          0x0000000000019ab2      0xb68 build/cooja/mtype486.a(nbr-table.o)
                0x0000000000019e54                nbr_table_count_entries
                0x0000000000019f01                nbr_table_gc_get_worst
                0x0000000000019f41                nbr_table_can_accept_new
                0x000000000001a0ca                nbr_table_entry_is_allowed
                0x000000000001a16a                nbr_table_register
                0x000000000001a1e8                nbr_table_is_registered
                0x000000000001a22d                nbr_table_head
                0x000000000001a29a                nbr_table_next
                0x000000000001a30c                nbr_table_add_lladdr
                0x000000000001a45b                nbr_table_get_from_lladdr
                0x000000000001a4b8                nbr_table_remove
                0x000000000001a503                nbr_table_lock
                0x000000000001a529                nbr_table_unlock
                0x000000000001a54f                nbr_table_get_lladdr
                0x000000000001a585                nbr_table_clear
                0x000000000001a5ca                nbr_table_key_head
                0x000000000001a5f4                nbr_table_key_next
 .text          0x000000000001a61a      0x450 build/cooja/mtype486.a(link-stats.o)
                0x000000000001a61a                link_stats_from_lladdr
                0x000000000001a647                link_stats_get_lladdr
                0x000000000001a674                link_stats_is_fresh
                0x000000000001a6c1                guess_etx_from_rssi
                0x000000000001a747                link_stats_packet_sent
                0x000000000001a88b                link_stats_input_callback
                0x000000000001a9bf                link_stats_reset
                0x000000000001aa21                link_stats_init
 .text          0x000000000001aa6a      0x1a8 build/cooja/mtype486.a(mac-sequence.o)
                0x000000000001aa6a                mac_sequence_is_duplicate
                0x000000000001ab2a                mac_sequence_register_seqno
 .text          0x000000000001ac12       0x2d build/cooja/mtype486.a(mac.o)
                0x000000000001ac12                mac_call_sent_callback
 .text          0x000000000001ac3f      0x477 build/cooja/mtype486.a(framer-802154.o)
                0x000000000001ade2                framer_802154_setup_params
 .text          0x000000000001b0b6      0xc1a build/cooja/mtype486.a(frame802154.o)
                0x000000000001b0f1                frame802154_get_pan_id
                0x000000000001b107                frame802154_set_pan_id
                0x000000000001b12c                frame802154_has_panid
                0x000000000001b2e5                frame802154_check_dest_panid
                0x000000000001b377                frame802154_is_broadcast_addr
                0x000000000001b3ce                frame802154_extract_linkaddr
                0x000000000001b657                frame802154_hdrlen
                0x000000000001b6d4                frame802154_create_fcf
                0x000000000001b796                frame802154_create
                0x000000000001b921                frame802154_parse_fcf
                0x000000000001ba0d                frame802154_parse
 .text          0x000000000001bcd0       0x4e build/cooja/mtype486.a(csma-security.o)
                0x000000000001bcd0                csma_security_create_frame
                0x000000000001bd01                csma_security_parse_frame
 .text          0x000000000001bd1e      0x5be build/cooja/mtype486.a(uipbuf.o)
                0x000000000001bd1e                uipbuf_clear
                0x000000000001bd55                uipbuf_add_ext_hdr
                0x000000000001bdf0                uipbuf_set_len
                0x000000000001be2a                uipbuf_set_len_field
                0x000000000001be60                uipbuf_get_len_field
                0x000000000001be8a                uipbuf_get_next_header
                0x000000000001bfc6                uipbuf_get_last_header
                0x000000000001c049                uipbuf_search_header
                0x000000000001c10d                uipbuf_get_attr
                0x000000000001c13e                uipbuf_set_attr
                0x000000000001c17f                uipbuf_set_default_attr
                0x000000000001c1c0                uipbuf_clear_attr
                0x000000000001c200                uipbuf_set_attr_flag
                0x000000000001c22c                uipbuf_clr_attr_flag
                0x000000000001c25e                uipbuf_is_attr_flag
                0x000000000001c28c                uipbuf_init
 .text          0x000000000001c2dc      0x8b7 build/cooja/mtype486.a(uip-icmp6.o)
                0x000000000001c361                uip_icmp6_input
                0x000000000001c3c2                uip_icmp6_register_input_handler
                0x000000000001c576                uip_icmp6_error_output
                0x000000000001c8b8                uip_icmp6_send
                0x000000000001cae6                uip_icmp6_echo_reply_callback_add
                0x000000000001cb29                uip_icmp6_echo_reply_callback_rm
                0x000000000001cb57                uip_icmp6_init
 .text          0x000000000001cb93      0x772 build/cooja/mtype486.a(uip-sr.o)
                0x000000000001cb93                uip_sr_num_nodes
                0x000000000001cc3f                uip_sr_get_node
                0x000000000001cca6                uip_sr_is_addr_reachable
                0x000000000001cd63                uip_sr_expire_parent
                0x000000000001cdb6                uip_sr_update_node
                0x000000000001cefa                uip_sr_init
                0x000000000001cf40                uip_sr_node_head
                0x000000000001cf6a                uip_sr_node_next
                0x000000000001cf90                uip_sr_periodic
                0x000000000001d0ac                uip_sr_free_all
                0x000000000001d131                uip_sr_link_snprint
 .text          0x000000000001d305      0x1a5 build/cooja/mtype486.a(uip-packetqueue)
                0x000000000001d345                uip_packetqueue_new
                0x000000000001d35e                uip_packetqueue_alloc
                0x000000000001d3cd                uip_packetqueue_free
                0x000000000001d425                uip_packetqueue_buf
                0x000000000001d44c                uip_packetqueue_buflen
                0x000000000001d477                uip_packetqueue_set_buflen
 .text          0x000000000001d4aa       0x8d build/cooja/mtype486.a(rpl-nbr-policy.)
                0x000000000001d4f6                rpl_nbr_gc_get_worst
 .text          0x000000000001d537      0xaad build/cooja/mtype486.a(rpl-neighbor.o)
                0x000000000001d5d3                rpl_neighbor_snprint
                0x000000000001d8bb                rpl_neighbor_print_list
                0x000000000001d98e                rpl_neighbor_count
                0x000000000001da71                rpl_neighbor_get_from_lladdr
                0x000000000001da9e                rpl_neighbor_is_acceptable_parent
                0x000000000001dae4                rpl_neighbor_get_link_metric
                0x000000000001db2a                rpl_neighbor_rank_via_nbr
                0x000000000001db70                rpl_neighbor_get_lladdr
                0x000000000001db9d                rpl_neighbor_get_ipaddr
                0x000000000001dbd3                rpl_neighbor_get_link_stats
                0x000000000001dc09                rpl_neighbor_is_fresh
                0x000000000001dc3f                rpl_neighbor_is_parent
                0x000000000001dc76                rpl_neighbor_set_preferred_parent
                0x000000000001dd30                rpl_neighbor_remove_all
                0x000000000001dd9d                rpl_neighbor_get_from_ipaddr
                0x000000000001ded7                rpl_neighbor_select_best
                0x000000000001dfb2                rpl_neighbor_init
 .text          0x000000000001dfe4     0x11f4 build/cooja/mtype486.a(rpl-dag.o)
                0x000000000001dfe4                rpl_dag_state_to_str
                0x000000000001e032                rpl_dag_get_root_ipaddr
                0x000000000001e082                rpl_dag_leave
                0x000000000001e138                rpl_dag_poison_and_leave
                0x000000000001e164                rpl_dag_periodic
                0x000000000001e229                rpl_is_addr_in_our_dag
                0x000000000001e288                rpl_get_default_instance
                0x000000000001e2b2                rpl_get_any_dag
                0x000000000001e328                rpl_refresh_routes
                0x000000000001e38b                rpl_global_repair
                0x000000000001e45c                rpl_local_repair
                0x000000000001e4c1                rpl_dag_ready_to_advertise
                0x000000000001e51a                rpl_dag_update_state
                0x000000000001ed96                rpl_process_dio
                0x000000000001ee31                rpl_process_dis
                0x000000000001ee87                rpl_process_dao
                0x000000000001ef28                rpl_process_dao_ack
                0x000000000001efe4                rpl_process_hbh
                0x000000000001f044                rpl_dag_init_root
                0x000000000001f1a6                rpl_dag_init
 .text          0x000000000001f1d8      0xd8d build/cooja/mtype486.a(rpl-timers.o)
                0x000000000001f1d8                rpl_timers_schedule_periodic_dis
                0x000000000001f382                rpl_timers_dio_reset
                0x000000000001f4fa                rpl_timers_schedule_unicast_dio
                0x000000000001f6cd                rpl_timers_schedule_dao
                0x000000000001f7d3                rpl_timers_schedule_dao_ack
                0x000000000001f8a2                rpl_timers_notify_dao_ack
                0x000000000001f928                get_probing_delay
                0x000000000001f96d                get_probing_target
                0x000000000001fba2                rpl_schedule_probing
                0x000000000001fbee                rpl_schedule_probing_now
                0x000000000001fc88                rpl_timers_unschedule_leaving
                0x000000000001fce2                rpl_timers_schedule_leaving
                0x000000000001fd47                rpl_timers_init
                0x000000000001fe09                rpl_timers_stop_dag_timers
                0x000000000001fec6                rpl_timers_unschedule_state_update
                0x000000000001ff02                rpl_timers_schedule_state_update
 .text          0x000000000001ff65      0xd42 build/cooja/mtype486.a(rpl-ext-header.)
                0x000000000001ff65                rpl_ext_header_srh_get_next_hop
                0x0000000000020070                rpl_ext_header_srh_update
                0x00000000000206a2                rpl_ext_header_hbh_update
                0x0000000000020a21                rpl_ext_header_update
                0x0000000000020ad0                rpl_ext_header_remove
 .text          0x0000000000020ca7      0x39b build/cooja/mtype486.a(rpl-mrhof.o)
 *fill*         0x0000000000021042        0xe 
 .text          0x0000000000021050       0x14 /usr/lib/i386-linux-gnu/libc_nonshared.a(stack_chk_fail_local.oS)
                0x0000000000021050                __stack_chk_fail_local
 .text          0x0000000000021064        0x0 /usr/lib/gcc/i686-linux-gnu/7/crtendS.o
 .text          0x0000000000021064        0x0 /usr/lib/gcc/i686-linux-gnu/7/../../../i386-linux-gnu/crtn.o
 *(.gnu.warning)

.fini           0x0000000000021064       0x14
 *(SORT_NONE(.fini))
 .fini          0x0000000000021064        0xf /usr/lib/gcc/i686-linux-gnu/7/../../../i386-linux-gnu/crti.o
                0x0000000000021064                _fini
 .fini          0x0000000000021073        0x5 /usr/lib/gcc/i686-linux-gnu/7/../../../i386-linux-gnu/crtn.o
                [!provide]                        PROVIDE (__etext = .)
                [!provide]                        PROVIDE (_etext = .)
                [!provide]                        PROVIDE (etext = .)

.rodata         0x0000000000021078      0x573
 *(.rodata .rodata.* .gnu.linkonce.r.*)
 .rodata        0x0000000000021078       0x22 hello_world.o
 *fill*         0x000000000002109a        0x2 
 .rodata        0x000000000002109c        0x6 build/cooja/mtype486.a(leds-arch.o)
                0x000000000002109c                leds_arch_leds
 .rodata        0x00000000000210a2        0x4 build/cooja/mtype486.a(pir-sensor.o)
 .rodata        0x00000000000210a6        0x6 build/cooja/mtype486.a(rs232.o)
 .rodata        0x00000000000210ac        0xa build/cooja/mtype486.a(vib-sensor.o)
 *fill*         0x00000000000210b6        0x2 
 .rodata        0x00000000000210b8       0x27 build/cooja/mtype486.a(cfs-cooja.o)
 *fill*         0x00000000000210df        0x1 
 .rodata        0x00000000000210e0       0x68 build/cooja/mtype486.a(cooja-radio.o)
 .rodata        0x0000000000021148        0x8 build/cooja/mtype486.a(sensors.o)
 .rodata        0x0000000000021150       0x14 build/cooja/mtype486.a(buttons.o)
                0x000000000002115c                button_hal_button_count
 .rodata        0x0000000000021164       0xf4 build/cooja/mtype486.a(contiki-main.o)
 .rodata        0x0000000000021258        0xf build/cooja/mtype486.a(ctimer.o)
 *fill*         0x0000000000021267        0x1 
 .rodata        0x0000000000021268       0xc4 build/cooja/mtype486.a(log.o)
 .rodata        0x000000000002132c        0xc build/cooja/mtype486.a(etimer.o)
 .rodata        0x0000000000021338       0x13 build/cooja/mtype486.a(button-hal.o)
 .rodata        0x000000000002134b        0xe build/cooja/mtype486.a(serial-line.o)
 *fill*         0x0000000000021359        0x3 
 .rodata        0x000000000002135c        0x8 build/cooja/mtype486.a(linkaddr.o)
                0x000000000002135c                linkaddr_null
 .rodata        0x0000000000021364        0x5 build/cooja/mtype486.a(csma.o)
 *fill*         0x0000000000021369        0x3 
 .rodata        0x000000000002136c       0x24 build/cooja/mtype486.a(csma-output.o)
 .rodata        0x0000000000021390       0x4d build/cooja/mtype486.a(uip-ds6-route.o)
 .rodata        0x00000000000213dd        0xd build/cooja/mtype486.a(tcpip.o)
 *fill*         0x00000000000213ea        0x2 
 .rodata        0x00000000000213ec       0x1f build/cooja/mtype486.a(sicslowpan.o)
                0x00000000000213ec                unc_llconf
                0x00000000000213f0                unc_ctxconf
                0x00000000000213f4                unc_mxconf
                0x00000000000213f8                llprefix
 .rodata        0x000000000002140b       0x2d build/cooja/mtype486.a(uiplib.o)
 .rodata        0x0000000000021438        0x9 build/cooja/mtype486.a(rpl.o)
 *fill*         0x0000000000021441        0x3 
 .rodata        0x0000000000021444       0x25 build/cooja/mtype486.a(assert.o)
 .rodata        0x0000000000021469       0x44 build/cooja/mtype486.a(uip-sr.o)
 *fill*         0x00000000000214ad        0x3 
 .rodata        0x00000000000214b0       0x58 build/cooja/mtype486.a(rpl-neighbor.o)
 .rodata        0x0000000000021508       0xd7 build/cooja/mtype486.a(rpl-dag.o)
 .rodata        0x00000000000215df        0xc build/cooja/mtype486.a(rpl-timers.o)

.rodata1
 *(.rodata1)

.eh_frame_hdr   0x00000000000215ec     0x162c
 *(.eh_frame_hdr)
 .eh_frame_hdr  0x00000000000215ec     0x162c hello_world.o
                0x00000000000215ec                __GNU_EH_FRAME_HDR
 *(.eh_frame_entry .eh_frame_entry.*)

.eh_frame       0x0000000000022c18     0x5f7c
 *(.eh_frame)
 .eh_frame      0x0000000000022c18       0x3c /usr/lib/gcc/i686-linux-gnu/7/../../../i386-linux-gnu/crti.o
                                         0x40 (size before relaxing)
 .eh_frame      0x0000000000022c54       0x14 /usr/lib/gcc/i686-linux-gnu/7/../../../i386-linux-gnu/crti.o
                                         0x2c (size before relaxing)
 .eh_frame      0x0000000000022c68       0x24 hello_world.o
                                         0x50 (size before relaxing)
 .eh_frame      0x0000000000022c8c      0x1ac build/cooja/mtype486.o
                                        0x1ec (size before relaxing)
 .eh_frame      0x0000000000022e38       0x48 build/cooja/mtype486.a(simEnvChange.o)
                                         0x74 (size before relaxing)
 .eh_frame      0x0000000000022e80       0x6c build/cooja/mtype486.a(cooja_mt.o)
                                         0x98 (size before relaxing)
 .eh_frame      0x0000000000022eec       0x88 build/cooja/mtype486.a(cooja_mtarch.o)
                                         0xc8 (size before relaxing)
 .eh_frame      0x0000000000022f74       0xe4 build/cooja/mtype486.a(rtimer-arch.o)
                                        0x110 (size before relaxing)
 .eh_frame      0x0000000000023058      0x160 build/cooja/mtype486.a(beep.o)
                                        0x18c (size before relaxing)
 .eh_frame      0x00000000000231b8       0x88 build/cooja/mtype486.a(leds-arch.o)
                                         0xc8 (size before relaxing)
 .eh_frame      0x0000000000023240       0x44 build/cooja/mtype486.a(moteid.o)
                                         0x70 (size before relaxing)
 .eh_frame      0x0000000000023284       0xa4 build/cooja/mtype486.a(pir-sensor.o)
                                         0xe4 (size before relaxing)
 .eh_frame      0x0000000000023328      0x110 build/cooja/mtype486.a(rs232.o)
                                        0x150 (size before relaxing)
 .eh_frame      0x0000000000023438       0xa4 build/cooja/mtype486.a(vib-sensor.o)
                                         0xe4 (size before relaxing)
 .eh_frame      0x00000000000234dc       0xc0 build/cooja/mtype486.a(clock.o)
                                         0xec (size before relaxing)
 .eh_frame      0x000000000002359c      0x130 build/cooja/mtype486.a(cooja-log.o)
                                        0x170 (size before relaxing)
 .eh_frame      0x00000000000236cc      0x16c build/cooja/mtype486.a(cfs-cooja.o)
                                        0x1ac (size before relaxing)
 .eh_frame      0x0000000000023838      0x354 build/cooja/mtype486.a(cooja-radio.o)
                                        0x394 (size before relaxing)
 .eh_frame      0x0000000000023b8c       0xa8 build/cooja/mtype486.a(eeprom.o)
                                         0xe8 (size before relaxing)
 .eh_frame      0x0000000000023c34       0x48 build/cooja/mtype486.a(random.o)
                                         0x74 (size before relaxing)
 .eh_frame      0x0000000000023c7c       0xd0 build/cooja/mtype486.a(sensors.o)
                                        0x110 (size before relaxing)
 .eh_frame      0x0000000000023d4c      0x140 build/cooja/mtype486.a(leds.o)
                                        0x180 (size before relaxing)
 .eh_frame      0x0000000000023e8c      0x228 build/cooja/mtype486.a(gpio-hal-arch.o)
                                        0x27c (size before relaxing)
 .eh_frame      0x00000000000240b4       0xa4 build/cooja/mtype486.a(buttons.o)
                                         0xe4 (size before relaxing)
 .eh_frame      0x0000000000024158       0x38 build/cooja/mtype486.a(contiki-main.o)
                                         0x64 (size before relaxing)
 .eh_frame      0x0000000000024190       0x48 build/cooja/mtype486.a(autostart.o)
                                         0x74 (size before relaxing)
 .eh_frame      0x00000000000241d8      0x11c build/cooja/mtype486.a(ctimer.o)
                                        0x15c (size before relaxing)
 .eh_frame      0x00000000000242f4      0x144 build/cooja/mtype486.a(log.o)
                                        0x184 (size before relaxing)
 .eh_frame      0x0000000000024438       0x60 build/cooja/mtype486.a(energest.o)
                                         0x8c (size before relaxing)
 .eh_frame      0x0000000000024498      0x204 build/cooja/mtype486.a(etimer.o)
                                        0x244 (size before relaxing)
 .eh_frame      0x000000000002469c       0x20 build/cooja/mtype486.a(node-id.o)
                                         0x4c (size before relaxing)
 .eh_frame      0x00000000000246bc       0x6c build/cooja/mtype486.a(rtimer.o)
                                         0xc0 (size before relaxing)
 .eh_frame      0x0000000000024728      0x1ec build/cooja/mtype486.a(process.o)
                                        0x22c (size before relaxing)
 .eh_frame      0x0000000000024914       0xb4 build/cooja/mtype486.a(timer.o)
                                         0xe0 (size before relaxing)
 .eh_frame      0x00000000000249c8      0x1a0 build/cooja/mtype486.a(list.o)
                                        0x1cc (size before relaxing)
 .eh_frame      0x0000000000024b68      0x188 build/cooja/mtype486.a(button-hal.o)
                                        0x1c8 (size before relaxing)
 .eh_frame      0x0000000000024cf0       0x6c build/cooja/mtype486.a(serial-line.o)
                                         0x98 (size before relaxing)
 .eh_frame      0x0000000000024d5c       0xfc build/cooja/mtype486.a(gpio-hal.o)
                                        0x13c (size before relaxing)
 .eh_frame      0x0000000000024e58      0x1c0 build/cooja/mtype486.a(queuebuf.o)
                                        0x200 (size before relaxing)
 .eh_frame      0x0000000000025018      0x2b0 build/cooja/mtype486.a(packetbuf.o)
                                        0x2f0 (size before relaxing)
 .eh_frame      0x00000000000252c8       0x90 build/cooja/mtype486.a(netstack.o)
                                         0xd0 (size before relaxing)
 .eh_frame      0x0000000000025358       0x64 build/cooja/mtype486.a(linkaddr.o)
                                         0x90 (size before relaxing)
 .eh_frame      0x00000000000253bc       0xf0 build/cooja/mtype486.a(csma.o)
                                        0x130 (size before relaxing)
 .eh_frame      0x00000000000254ac      0x1f8 build/cooja/mtype486.a(csma-output.o)
                                        0x238 (size before relaxing)
 .eh_frame      0x00000000000256a4      0x364 build/cooja/mtype486.a(uip-ds6.o)
                                        0x3a4 (size before relaxing)
 .eh_frame      0x0000000000025a08      0x260 build/cooja/mtype486.a(uip-ds6-route.o)
                                        0x2a0 (size before relaxing)
 .eh_frame      0x0000000000025c68      0x1e8 build/cooja/mtype486.a(uip-ds6-nbr.o)
                                        0x228 (size before relaxing)
 .eh_frame      0x0000000000025e50      0x270 build/cooja/mtype486.a(tcpip.o)
                                        0x2b0 (size before relaxing)
 .eh_frame      0x00000000000260c0      0x20c build/cooja/mtype486.a(uip6.o)
                                        0x24c (size before relaxing)
 .eh_frame      0x00000000000262cc       0x8c build/cooja/mtype486.a(uip-nd6.o)
                                         0xe0 (size before relaxing)
 .eh_frame      0x0000000000026358      0x354 build/cooja/mtype486.a(sicslowpan.o)
                                        0x3a8 (size before relaxing)
 .eh_frame      0x00000000000266ac       0x9c build/cooja/mtype486.a(uiplib.o)
                                         0xdc (size before relaxing)
 .eh_frame      0x0000000000026748      0x1fc build/cooja/mtype486.a(rpl.o)
                                        0x23c (size before relaxing)
 .eh_frame      0x0000000000026944      0x1f0 build/cooja/mtype486.a(rpl-icmp6.o)
                                        0x230 (size before relaxing)
 .eh_frame      0x0000000000026b34       0xb0 build/cooja/mtype486.a(rpl-dag-root.o)
                                         0xf0 (size before relaxing)
 .eh_frame      0x0000000000026be4       0xa4 build/cooja/mtype486.a(watchdog.o)
                                         0xd0 (size before relaxing)
 .eh_frame      0x0000000000026c88       0x80 build/cooja/mtype486.a(int-master.o)
                                         0xac (size before relaxing)
 .eh_frame      0x0000000000026d08       0xd8 build/cooja/mtype486.a(stimer.o)
                                        0x104 (size before relaxing)
 .eh_frame      0x0000000000026de0       0xa4 build/cooja/mtype486.a(memb.o)
                                         0xe4 (size before relaxing)
 .eh_frame      0x0000000000026e84       0x24 build/cooja/mtype486.a(assert.o)
                                         0x50 (size before relaxing)
 .eh_frame      0x0000000000026ea8       0xa0 build/cooja/mtype486.a(ringbuf.o)
                                         0xcc (size before relaxing)
 .eh_frame      0x0000000000026f48      0x428 build/cooja/mtype486.a(nbr-table.o)
                                        0x468 (size before relaxing)
 .eh_frame      0x0000000000027370      0x140 build/cooja/mtype486.a(link-stats.o)
                                        0x180 (size before relaxing)
 .eh_frame      0x00000000000274b0       0x50 build/cooja/mtype486.a(mac-sequence.o)
                                         0x7c (size before relaxing)
 .eh_frame      0x0000000000027500       0x20 build/cooja/mtype486.a(mac.o)
                                         0x4c (size before relaxing)
 .eh_frame      0x0000000000027520       0xb4 build/cooja/mtype486.a(framer-802154.o)
                                         0xf4 (size before relaxing)
 .eh_frame      0x00000000000275d4      0x1b0 build/cooja/mtype486.a(frame802154.o)
                                        0x1f0 (size before relaxing)
 .eh_frame      0x0000000000027784       0x44 build/cooja/mtype486.a(csma-security.o)
                                         0x84 (size before relaxing)
 .eh_frame      0x00000000000277c8      0x204 build/cooja/mtype486.a(uipbuf.o)
                                        0x230 (size before relaxing)
 .eh_frame      0x00000000000279cc      0x170 build/cooja/mtype486.a(uip-icmp6.o)
                                        0x1b0 (size before relaxing)
 .eh_frame      0x0000000000027b3c      0x1ac build/cooja/mtype486.a(uip-sr.o)
                                        0x1ec (size before relaxing)
 .eh_frame      0x0000000000027ce8       0xec build/cooja/mtype486.a(uip-packetqueue)
                                        0x12c (size before relaxing)
 .eh_frame      0x0000000000027dd4       0x48 build/cooja/mtype486.a(rpl-nbr-policy.)
                                         0x88 (size before relaxing)
 .eh_frame      0x0000000000027e1c      0x2ec build/cooja/mtype486.a(rpl-neighbor.o)
                                        0x340 (size before relaxing)
 .eh_frame      0x0000000000028108      0x3c0 build/cooja/mtype486.a(rpl-dag.o)
                                        0x414 (size before relaxing)
 .eh_frame      0x00000000000284c8      0x418 build/cooja/mtype486.a(rpl-timers.o)
                                        0x458 (size before relaxing)
 .eh_frame      0x00000000000288e0      0x144 build/cooja/mtype486.a(rpl-ext-header.)
                                        0x184 (size before relaxing)
 .eh_frame      0x0000000000028a24      0x150 build/cooja/mtype486.a(rpl-mrhof.o)
                                        0x190 (size before relaxing)
 .eh_frame      0x0000000000028b74       0x1c /usr/lib/i386-linux-gnu/libc_nonshared.a(stack_chk_fail_local.oS)
                                         0x48 (size before relaxing)
 .eh_frame      0x0000000000028b90        0x4 /usr/lib/gcc/i686-linux-gnu/7/crtendS.o
 *(.eh_frame.*)

.gcc_except_table
 *(.gcc_except_table .gcc_except_table.*)

.gnu_extab
 *(.gnu_extab*)

.exception_ranges
 *(.exception_ranges .exception_ranges*)
                0x0000000000029c18                . = DATA_SEGMENT_ALIGN (CONSTANT (MAXPAGESIZE), CONSTANT (COMMONPAGESIZE))

.eh_frame
 *(.eh_frame)
 *(.eh_frame.*)

.gnu_extab
 *(.gnu_extab)

.gcc_except_table
 *(.gcc_except_table .gcc_except_table.*)

.exception_ranges
 *(.exception_ranges .exception_ranges*)

.tdata
 *(.tdata .tdata.* .gnu.linkonce.td.*)

.tbss
 *(.tbss .tbss.* .gnu.linkonce.tb.*)
 *(.tcommon)

.preinit_array
 *(.preinit_array)

.init_array     0x0000000000029c18        0x4
 *(SORT_BY_INIT_PRIORITY(.init_array.*) SORT_BY_INIT_PRIORITY(.ctors.*))
 *(.init_array EXCLUDE_FILE(*crtend?.o *crtend.o *crtbegin?.o *crtbegin.o) .ctors)
 .init_array    0x0000000000029c18        0x4 /usr/lib/gcc/i686-linux-gnu/7/crtbeginS.o

.fini_array     0x0000000000029c1c        0x4
 *(SORT_BY_INIT_PRIORITY(.fini_array.*) SORT_BY_INIT_PRIORITY(.dtors.*))
 *(.fini_array EXCLUDE_FILE(*crtend?.o *crtend.o *crtbegin?.o *crtbegin.o) .dtors)
 .fini_array    0x0000000000029c1c        0x4 /usr/lib/gcc/i686-linux-gnu/7/crtbeginS.o

.ctors
 *crtbegin.o(.ctors)
 *crtbegin?.o(.ctors)
 *(EXCLUDE_FILE(*crtend?.o *crtend.o) .ctors)
 *(SORT_BY_NAME(.ctors.*))
 *(.ctors)

.dtors
 *crtbegin.o(.dtors)
 *crtbegin?.o(.dtors)
 *(EXCLUDE_FILE(*crtend?.o *crtend.o) .dtors)
 *(SORT_BY_NAME(.dtors.*))
 *(.dtors)

.jcr
 *(.jcr)

.data.rel.ro    0x0000000000029c20      0x198
 *(.data.rel.ro.local* .gnu.linkonce.d.rel.ro.local.*)
 .data.rel.ro.local
                0x0000000000029c20        0x8 hello_world.o
                0x0000000000029c20                autostart_processes
 .data.rel.ro.local
                0x0000000000029c28        0x8 build/cooja/mtype486.a(beep.o)
                0x0000000000029c28                beep_interface
 .data.rel.ro.local
                0x0000000000029c30        0x8 build/cooja/mtype486.a(leds-arch.o)
                0x0000000000029c30                leds_interface
 .data.rel.ro.local
                0x0000000000029c38        0x8 build/cooja/mtype486.a(moteid.o)
                0x0000000000029c38                moteid_interface
 .data.rel.ro.local
                0x0000000000029c40       0x18 build/cooja/mtype486.a(pir-sensor.o)
                0x0000000000029c40                pir_interface
                0x0000000000029c48                pir_sensor
 .data.rel.ro.local
                0x0000000000029c58        0x8 build/cooja/mtype486.a(rs232.o)
                0x0000000000029c58                rs232_interface
 .data.rel.ro.local
                0x0000000000029c60       0x18 build/cooja/mtype486.a(vib-sensor.o)
                0x0000000000029c60                vib_interface
                0x0000000000029c68                vib_sensor
 .data.rel.ro.local
                0x0000000000029c78        0x8 build/cooja/mtype486.a(clock.o)
                0x0000000000029c78                clock_interface
 .data.rel.ro.local
                0x0000000000029c80        0x8 build/cooja/mtype486.a(cooja-log.o)
                0x0000000000029c80                simlog_interface
 .data.rel.ro.local
                0x0000000000029c88        0x8 build/cooja/mtype486.a(cfs-cooja.o)
                0x0000000000029c88                cfs_interface
 *fill*         0x0000000000029c90       0x10 
 .data.rel.ro.local
                0x0000000000029ca0       0x58 build/cooja/mtype486.a(cooja-radio.o)
                0x0000000000029ca0                radio_interface
                0x0000000000029cc0                cooja_radio_driver
 .data.rel.ro.local
                0x0000000000029cf8        0x8 build/cooja/mtype486.a(eeprom.o)
                0x0000000000029cf8                eeprom_interface
 .data.rel.ro.local
                0x0000000000029d00       0x18 build/cooja/mtype486.a(buttons.o)
                0x0000000000029d00                button_interface
                0x0000000000029d08                button_sensor
 .data.rel.ro.local
                0x0000000000029d18       0x1c build/cooja/mtype486.a(csma.o)
                0x0000000000029d18                csma_driver
 .data.rel.ro.local
                0x0000000000029d34       0x10 build/cooja/mtype486.a(sicslowpan.o)
                0x0000000000029d34                sicslowpan_driver
 .data.rel.ro.local
                0x0000000000029d44        0xc build/cooja/mtype486.a(framer-802154.o)
                0x0000000000029d44                framer_802154
 *(.data.rel.ro .data.rel.ro.* .gnu.linkonce.d.rel.ro.*)
 .data.rel.ro   0x0000000000029d50        0x0 /usr/lib/gcc/i686-linux-gnu/7/../../../i386-linux-gnu/crti.o
 *fill*         0x0000000000029d50       0x10 
 .data.rel.ro   0x0000000000029d60       0x54 build/cooja/mtype486.a(rpl.o)
                0x0000000000029d60                rpl_lite_driver
 .data.rel.ro   0x0000000000029db4        0x4 build/cooja/mtype486.a(rpl-dag.o)

.dynamic        0x0000000000029db8       0xf0
 *(.dynamic)
 .dynamic       0x0000000000029db8       0xf0 /usr/lib/gcc/i686-linux-gnu/7/../../../i386-linux-gnu/crti.o
                0x0000000000029db8                _DYNAMIC

.got            0x0000000000029ea8      0x148
 *(.got)
 .got           0x0000000000029ea8      0x148 /usr/lib/gcc/i686-linux-gnu/7/../../../i386-linux-gnu/crti.o
 *(.igot)
                0x0000000000029ff4                . = DATA_SEGMENT_RELRO_END (., (SIZEOF (.got.plt) >= 0xc)?0xc:0x0)

.got.plt        0x000000000002a000      0x4a0
 *(.got.plt)
 .got.plt       0x000000000002a000      0x4a0 /usr/lib/gcc/i686-linux-gnu/7/../../../i386-linux-gnu/crti.o
                0x000000000002a000                _GLOBAL_OFFSET_TABLE_
 *(.igot.plt)

.data           0x000000000002a4a0      0x364
 *(.data .data.* .gnu.linkonce.d.*)
 .data          0x000000000002a4a0        0x0 /usr/lib/gcc/i686-linux-gnu/7/../../../i386-linux-gnu/crti.o
 .data          0x000000000002a4a0        0x0 /usr/lib/gcc/i686-linux-gnu/7/crtbeginS.o
 .data.rel.local
                0x000000000002a4a0        0x4 /usr/lib/gcc/i686-linux-gnu/7/crtbeginS.o
                0x000000000002a4a0                __dso_handle
 .data          0x000000000002a4a4        0x0 hello_world.o
 .data.rel.local
                0x000000000002a4a4       0x10 hello_world.o
                0x000000000002a4a4                hello_world_process
 .data          0x000000000002a4b4        0x0 build/cooja/mtype486.o
 *fill*         0x000000000002a4b4        0xc 
 .data.rel      0x000000000002a4c0       0x44 build/cooja/mtype486.o
                0x000000000002a4c0                simInterfaces
                0x000000000002a4f4                sensors
 .data          0x000000000002a504        0x0 build/cooja/mtype486.a(simEnvChange.o)
 .data          0x000000000002a504        0x0 build/cooja/mtype486.a(cooja_mt.o)
 .data          0x000000000002a504        0x0 build/cooja/mtype486.a(cooja_mtarch.o)
 .data          0x000000000002a504        0x0 build/cooja/mtype486.a(rtimer-arch.o)
 .data          0x000000000002a504        0x0 build/cooja/mtype486.a(beep.o)
 .data          0x000000000002a504        0x0 build/cooja/mtype486.a(leds-arch.o)
 .data          0x000000000002a504        0x0 build/cooja/mtype486.a(moteid.o)
 .data          0x000000000002a504        0x0 build/cooja/mtype486.a(pir-sensor.o)
 .data          0x000000000002a504        0x0 build/cooja/mtype486.a(rs232.o)
 .data          0x000000000002a504        0x0 build/cooja/mtype486.a(vib-sensor.o)
 .data          0x000000000002a504        0x0 build/cooja/mtype486.a(clock.o)
 .data          0x000000000002a504        0x0 build/cooja/mtype486.a(cooja-log.o)
 .data          0x000000000002a504        0x0 build/cooja/mtype486.a(cfs-cooja.o)
 .data          0x000000000002a504       0x1c build/cooja/mtype486.a(cooja-radio.o)
                0x000000000002a504                simRadioHWOn
                0x000000000002a508                simSignalStrength
                0x000000000002a50c                simLastSignalStrength
                0x000000000002a510                simPower
                0x000000000002a514                simRadioChannel
                0x000000000002a518                simLQI
 .data.rel.local
                0x000000000002a520       0x10 build/cooja/mtype486.a(cooja-radio.o)
                0x000000000002a520                cooja_radio_process
 .data          0x000000000002a530        0x0 build/cooja/mtype486.a(eeprom.o)
 .data          0x000000000002a530        0x0 build/cooja/mtype486.a(random.o)
 .data          0x000000000002a530        0x0 build/cooja/mtype486.a(sensors.o)
 .data.rel.local
                0x000000000002a530       0x10 build/cooja/mtype486.a(sensors.o)
                0x000000000002a530                sensors_process
 .data          0x000000000002a540        0x0 build/cooja/mtype486.a(leds.o)
 .data          0x000000000002a540        0x0 build/cooja/mtype486.a(gpio-hal-arch.o)
 .data          0x000000000002a540        0x1 build/cooja/mtype486.a(buttons.o)
                0x000000000002a540                simButtonIsActive
 *fill*         0x000000000002a541       0x1f 
 .data.rel.local
                0x000000000002a560       0x58 build/cooja/mtype486.a(buttons.o)
                0x000000000002a5b0                button_hal_buttons
 .data          0x000000000002a5b8        0x0 build/cooja/mtype486.a(contiki-main.o)
 .data          0x000000000002a5b8        0x0 build/cooja/mtype486.a(autostart.o)
 .data          0x000000000002a5b8        0x0 build/cooja/mtype486.a(ctimer.o)
 .data.rel.local
                0x000000000002a5b8       0x14 build/cooja/mtype486.a(ctimer.o)
                0x000000000002a5bc                ctimer_process
 .data          0x000000000002a5cc        0x4 build/cooja/mtype486.a(log.o)
                0x000000000002a5cc                curr_log_level_main
 *fill*         0x000000000002a5d0       0x10 
 .data.rel.local
                0x000000000002a5e0       0x9c build/cooja/mtype486.a(log.o)
                0x000000000002a5e0                all_modules
 .data          0x000000000002a67c        0x0 build/cooja/mtype486.a(energest.o)
 .data          0x000000000002a67c        0x0 build/cooja/mtype486.a(etimer.o)
 .data.rel.local
                0x000000000002a67c       0x10 build/cooja/mtype486.a(etimer.o)
                0x000000000002a67c                etimer_process
 .data          0x000000000002a68c        0x0 build/cooja/mtype486.a(node-id.o)
 .data          0x000000000002a68c        0x0 build/cooja/mtype486.a(rtimer.o)
 .data          0x000000000002a68c        0x0 build/cooja/mtype486.a(process.o)
 .data          0x000000000002a68c        0x0 build/cooja/mtype486.a(timer.o)
 .data          0x000000000002a68c        0x0 build/cooja/mtype486.a(list.o)
 .data          0x000000000002a68c        0x0 build/cooja/mtype486.a(button-hal.o)
 .data.rel.local
                0x000000000002a68c       0x10 build/cooja/mtype486.a(button-hal.o)
                0x000000000002a68c                button_hal_process
 .data          0x000000000002a69c        0x0 build/cooja/mtype486.a(serial-line.o)
 .data.rel.local
                0x000000000002a69c       0x10 build/cooja/mtype486.a(serial-line.o)
                0x000000000002a69c                serial_line_process
 .data          0x000000000002a6ac        0x0 build/cooja/mtype486.a(gpio-hal.o)
 .data.rel.local
                0x000000000002a6ac        0x4 build/cooja/mtype486.a(gpio-hal.o)
 .data          0x000000000002a6b0        0x0 build/cooja/mtype486.a(queuebuf.o)
 .data.rel.local
                0x000000000002a6b0       0x18 build/cooja/mtype486.a(queuebuf.o)
 .data          0x000000000002a6c8        0x0 build/cooja/mtype486.a(packetbuf.o)
 .data.rel.local
                0x000000000002a6c8        0x4 build/cooja/mtype486.a(packetbuf.o)
 .data          0x000000000002a6cc        0x0 build/cooja/mtype486.a(netstack.o)
 .data.rel.local
                0x000000000002a6cc        0x4 build/cooja/mtype486.a(netstack.o)
 .data          0x000000000002a6d0        0x0 build/cooja/mtype486.a(linkaddr.o)
 .data          0x000000000002a6d0        0x0 build/cooja/mtype486.a(csma.o)
 .data          0x000000000002a6d0        0x0 build/cooja/mtype486.a(csma-output.o)
 .data.rel.local
                0x000000000002a6d0       0x28 build/cooja/mtype486.a(csma-output.o)
 .data          0x000000000002a6f8        0x0 build/cooja/mtype486.a(uip-ds6.o)
 .data          0x000000000002a6f8        0x0 build/cooja/mtype486.a(uip-ds6-route.o)
 .data.rel.local
                0x000000000002a6f8       0x10 build/cooja/mtype486.a(uip-ds6-route.o)
 .data          0x000000000002a708        0x0 build/cooja/mtype486.a(uip-ds6-nbr.o)
 .data.rel.local
                0x000000000002a708       0x14 build/cooja/mtype486.a(uip-ds6-nbr.o)
 .data          0x000000000002a71c        0x0 build/cooja/mtype486.a(tcpip.o)
 .data.rel.local
                0x000000000002a71c       0x10 build/cooja/mtype486.a(tcpip.o)
                0x000000000002a71c                tcpip_process
 .data          0x000000000002a72c        0x0 build/cooja/mtype486.a(uip6.o)
 .data          0x000000000002a72c        0x0 build/cooja/mtype486.a(uip-nd6.o)
 .data.rel.local
                0x000000000002a72c        0xc build/cooja/mtype486.a(uip-nd6.o)
 .data          0x000000000002a738        0x0 build/cooja/mtype486.a(sicslowpan.o)
 .data          0x000000000002a738        0x0 build/cooja/mtype486.a(uiplib.o)
 .data          0x000000000002a738        0x0 build/cooja/mtype486.a(rpl.o)
 .data          0x000000000002a738        0x0 build/cooja/mtype486.a(rpl-icmp6.o)
 .data.rel.local
                0x000000000002a738       0x30 build/cooja/mtype486.a(rpl-icmp6.o)
 .data          0x000000000002a768        0x0 build/cooja/mtype486.a(rpl-dag-root.o)
 .data          0x000000000002a768        0x0 build/cooja/mtype486.a(watchdog.o)
 .data          0x000000000002a768        0x0 build/cooja/mtype486.a(int-master.o)
 .data          0x000000000002a768        0x0 build/cooja/mtype486.a(stimer.o)
 .data          0x000000000002a768        0x0 build/cooja/mtype486.a(memb.o)
 .data          0x000000000002a768        0x0 build/cooja/mtype486.a(assert.o)
 .data          0x000000000002a768        0x0 build/cooja/mtype486.a(ringbuf.o)
 .data          0x000000000002a768        0x0 build/cooja/mtype486.a(nbr-table.o)
 .data.rel.local
                0x000000000002a768       0x10 build/cooja/mtype486.a(nbr-table.o)
 .data          0x000000000002a778        0x0 build/cooja/mtype486.a(link-stats.o)
 .data.rel.local
                0x000000000002a778       0x14 build/cooja/mtype486.a(link-stats.o)
 .data          0x000000000002a78c        0x0 build/cooja/mtype486.a(mac-sequence.o)
 .data          0x000000000002a78c        0x0 build/cooja/mtype486.a(mac.o)
 .data          0x000000000002a78c        0x0 build/cooja/mtype486.a(framer-802154.o)
 .data          0x000000000002a78c        0x2 build/cooja/mtype486.a(frame802154.o)
 .data          0x000000000002a78e        0x0 build/cooja/mtype486.a(csma-security.o)
 .data          0x000000000002a78e        0x0 build/cooja/mtype486.a(uipbuf.o)
 .data          0x000000000002a78e        0x0 build/cooja/mtype486.a(uip-icmp6.o)
 *fill*         0x000000000002a78e        0x2 
 .data.rel.local
                0x000000000002a790       0x20 build/cooja/mtype486.a(uip-icmp6.o)
 .data          0x000000000002a7b0        0x0 build/cooja/mtype486.a(uip-sr.o)
 .data.rel.local
                0x000000000002a7b0       0x10 build/cooja/mtype486.a(uip-sr.o)
 .data          0x000000000002a7c0        0x0 build/cooja/mtype486.a(uip-packetqueue)
 .data.rel.local
                0x000000000002a7c0        0xc build/cooja/mtype486.a(uip-packetqueue)
 .data          0x000000000002a7cc        0x0 build/cooja/mtype486.a(rpl-nbr-policy.)
 .data          0x000000000002a7cc        0x0 build/cooja/mtype486.a(rpl-neighbor.o)
 .data.rel.local
                0x000000000002a7cc       0x14 build/cooja/mtype486.a(rpl-neighbor.o)
                0x000000000002a7dc                rpl_neighbors
 .data          0x000000000002a7e0        0x0 build/cooja/mtype486.a(rpl-dag.o)
 .data          0x000000000002a7e0        0x0 build/cooja/mtype486.a(rpl-timers.o)
 .data          0x000000000002a7e0        0x0 build/cooja/mtype486.a(rpl-ext-header.)
 .data          0x000000000002a7e0        0x0 build/cooja/mtype486.a(rpl-mrhof.o)
 .data.rel.local
                0x000000000002a7e0       0x24 build/cooja/mtype486.a(rpl-mrhof.o)
                0x000000000002a7e0                rpl_mrhof
 .data          0x000000000002a804        0x0 /usr/lib/i386-linux-gnu/libc_nonshared.a(stack_chk_fail_local.oS)
 .data          0x000000000002a804        0x0 /usr/lib/gcc/i686-linux-gnu/7/crtendS.o
 .data          0x000000000002a804        0x0 /usr/lib/gcc/i686-linux-gnu/7/../../../i386-linux-gnu/crtn.o

.tm_clone_table
                0x000000000002a804        0x0
 .tm_clone_table
                0x000000000002a804        0x0 /usr/lib/gcc/i686-linux-gnu/7/crtbeginS.o
 .tm_clone_table
                0x000000000002a804        0x0 /usr/lib/gcc/i686-linux-gnu/7/crtendS.o

.data1
 *(.data1)
                0x000000000002a804                _edata = .
                [!provide]                        PROVIDE (edata = .)
                0x000000000002a804                . = .
                0x000000000002a804                __bss_start = .

.bss            0x000000000002a820    0x137a4
 *(.dynbss)
 .dynbss        0x000000000002a820        0x0 /usr/lib/gcc/i686-linux-gnu/7/../../../i386-linux-gnu/crti.o
 *(.bss .bss.* .gnu.linkonce.b.*)
 .bss           0x000000000002a820        0x0 /usr/lib/gcc/i686-linux-gnu/7/../../../i386-linux-gnu/crti.o
 .bss           0x000000000002a820        0x1 /usr/lib/gcc/i686-linux-gnu/7/crtbeginS.o
 .bss           0x000000000002a821        0x0 hello_world.o
 *fill*         0x000000000002a821       0x1f 
 .bss           0x000000000002a840     0x2040 build/cooja/mtype486.o
 .bss           0x000000000002c880        0x1 build/cooja/mtype486.a(simEnvChange.o)
                0x000000000002c880                simDontFallAsleep
 *fill*         0x000000000002c881        0x3 
 .bss           0x000000000002c884        0x4 build/cooja/mtype486.a(cooja_mt.o)
 .bss           0x000000000002c888        0x4 build/cooja/mtype486.a(cooja_mtarch.o)
 .bss           0x000000000002c88c        0x0 build/cooja/mtype486.a(rtimer-arch.o)
 .bss           0x000000000002c88c        0x0 build/cooja/mtype486.a(beep.o)
 .bss           0x000000000002c88c        0x1 build/cooja/mtype486.a(leds-arch.o)
                0x000000000002c88c                simLedsValue
 .bss           0x000000000002c88d        0x0 build/cooja/mtype486.a(moteid.o)
 .bss           0x000000000002c88d        0x1 build/cooja/mtype486.a(pir-sensor.o)
                0x000000000002c88d                simPirValue
 *fill*         0x000000000002c88e        0x2 
 .bss           0x000000000002c890        0x4 build/cooja/mtype486.a(rs232.o)
 .bss           0x000000000002c894        0x1 build/cooja/mtype486.a(vib-sensor.o)
                0x000000000002c894                simVibValue
 .bss           0x000000000002c895        0x0 build/cooja/mtype486.a(clock.o)
 *fill*         0x000000000002c895        0xb 
 .bss           0x000000000002c8a0     0x2020 build/cooja/mtype486.a(cooja-log.o)
 .bss           0x000000000002e8c0      0xfc0 build/cooja/mtype486.a(cfs-cooja.o)
                0x000000000002e8c0                simCFSData
                0x000000000002f860                simCFSSize
                0x000000000002f864                simCFSChanged
                0x000000000002f868                simCFSRead
                0x000000000002f86c                simCFSWritten
 .bss           0x000000000002f880       0x24 build/cooja/mtype486.a(cooja-radio.o)
                0x000000000002f880                simReceiving
                0x000000000002f884                simInSize
                0x000000000002f888                simLastPacketTimestamp
                0x000000000002f890                simOutSize
 .bss           0x000000000002f8a4        0xc build/cooja/mtype486.a(eeprom.o)
                0x000000000002f8a4                simEEPROMChanged
                0x000000000002f8a8                simEEPROMRead
                0x000000000002f8ac                simEEPROMWritten
 .bss           0x000000000002f8b0        0x0 build/cooja/mtype486.a(random.o)
 .bss           0x000000000002f8b0        0xc build/cooja/mtype486.a(sensors.o)
 .bss           0x000000000002f8bc        0x0 build/cooja/mtype486.a(leds.o)
 .bss           0x000000000002f8bc       0x24 build/cooja/mtype486.a(gpio-hal-arch.o)
 .bss           0x000000000002f8e0        0x0 build/cooja/mtype486.a(buttons.o)
 .bss           0x000000000002f8e0        0x0 build/cooja/mtype486.a(contiki-main.o)
 .bss           0x000000000002f8e0        0x0 build/cooja/mtype486.a(autostart.o)
 .bss           0x000000000002f8e0        0x5 build/cooja/mtype486.a(ctimer.o)
 *fill*         0x000000000002f8e5        0x3 
 .bss           0x000000000002f8e8       0x2c build/cooja/mtype486.a(log.o)
                0x000000000002f8e8                curr_log_level_rpl
                0x000000000002f8ec                curr_log_level_tcpip
                0x000000000002f8f0                curr_log_level_ipv6
                0x000000000002f8f4                curr_log_level_6lowpan
                0x000000000002f8f8                curr_log_level_nullnet
                0x000000000002f8fc                curr_log_level_mac
                0x000000000002f900                curr_log_level_framer
                0x000000000002f904                curr_log_level_6top
                0x000000000002f908                curr_log_level_coap
                0x000000000002f90c                curr_log_level_snmp
                0x000000000002f910                curr_log_level_lwm2m
 .bss           0x000000000002f914        0x0 build/cooja/mtype486.a(energest.o)
 .bss           0x000000000002f914        0x8 build/cooja/mtype486.a(etimer.o)
 .bss           0x000000000002f91c        0x2 build/cooja/mtype486.a(node-id.o)
                0x000000000002f91c                node_id
 *fill*         0x000000000002f91e        0x2 
 .bss           0x000000000002f920        0x4 build/cooja/mtype486.a(rtimer.o)
 *fill*         0x000000000002f924       0x1c 
 .bss           0x000000000002f940      0x1a1 build/cooja/mtype486.a(process.o)
                0x000000000002f940                process_list
                0x000000000002f944                process_current
 .bss           0x000000000002fae1        0x0 build/cooja/mtype486.a(timer.o)
 .bss           0x000000000002fae1        0x0 build/cooja/mtype486.a(list.o)
 *fill*         0x000000000002fae1        0x3 
 .bss           0x000000000002fae4       0x10 build/cooja/mtype486.a(button-hal.o)
 *fill*         0x000000000002faf4        0xc 
 .bss           0x000000000002fb00      0x140 build/cooja/mtype486.a(serial-line.o)
 .bss           0x000000000002fc40        0x4 build/cooja/mtype486.a(gpio-hal.o)
 *fill*         0x000000000002fc44       0x1c 
 .bss           0x000000000002fc60     0x2c80 build/cooja/mtype486.a(queuebuf.o)
 .bss           0x00000000000328e0       0xa0 build/cooja/mtype486.a(packetbuf.o)
 .bss           0x0000000000032980        0x4 build/cooja/mtype486.a(netstack.o)
 .bss           0x0000000000032984        0x0 build/cooja/mtype486.a(linkaddr.o)
 .bss           0x0000000000032984        0x0 build/cooja/mtype486.a(csma.o)
 *fill*         0x0000000000032984       0x1c 
 .bss           0x00000000000329a0      0x726 build/cooja/mtype486.a(csma-output.o)
 *fill*         0x00000000000330c6        0x2 
 .bss           0x00000000000330c8       0x30 build/cooja/mtype486.a(uip-ds6.o)
 *fill*         0x00000000000330f8        0x8 
 .bss           0x0000000000033100       0x60 build/cooja/mtype486.a(uip-ds6-route.o)
 .bss           0x0000000000033160     0x1c20 build/cooja/mtype486.a(uip-ds6-nbr.o)
 .bss           0x0000000000034d80       0x10 build/cooja/mtype486.a(tcpip.o)
 .bss           0x0000000000034d90        0x8 build/cooja/mtype486.a(uip6.o)
                0x0000000000034d90                uip_ext_bitmap
                0x0000000000034d92                uip_ext_len
                0x0000000000034d94                uip_last_proto
 .bss           0x0000000000034d98       0x10 build/cooja/mtype486.a(uip-nd6.o)
 *fill*         0x0000000000034da8       0x18 
 .bss           0x0000000000034dc0      0x724 build/cooja/mtype486.a(sicslowpan.o)
 .bss           0x00000000000354e4        0x0 build/cooja/mtype486.a(uiplib.o)
 .bss           0x00000000000354e4        0x1 build/cooja/mtype486.a(rpl.o)
 .bss           0x00000000000354e5        0x0 build/cooja/mtype486.a(rpl-icmp6.o)
 *fill*         0x00000000000354e5        0x3 
 .bss           0x00000000000354e8       0x11 build/cooja/mtype486.a(rpl-dag-root.o)
 .bss           0x00000000000354f9        0x0 build/cooja/mtype486.a(watchdog.o)
 *fill*         0x00000000000354f9        0x3 
 .bss           0x00000000000354fc        0x4 build/cooja/mtype486.a(int-master.o)
 .bss           0x0000000000035500        0x0 build/cooja/mtype486.a(stimer.o)
 .bss           0x0000000000035500        0x0 build/cooja/mtype486.a(memb.o)
 .bss           0x0000000000035500        0x0 build/cooja/mtype486.a(assert.o)
 .bss           0x0000000000035500        0x0 build/cooja/mtype486.a(ringbuf.o)
 .bss           0x0000000000035500     0x1214 build/cooja/mtype486.a(nbr-table.o)
 *fill*         0x0000000000036714        0xc 
 .bss           0x0000000000036720      0xe10 build/cooja/mtype486.a(link-stats.o)
 *fill*         0x0000000000037530       0x10 
 .bss           0x0000000000037540      0x100 build/cooja/mtype486.a(mac-sequence.o)
 .bss           0x0000000000037640        0x0 build/cooja/mtype486.a(mac.o)
 .bss           0x0000000000037640        0x2 build/cooja/mtype486.a(framer-802154.o)
 .bss           0x0000000000037642        0x0 build/cooja/mtype486.a(frame802154.o)
 .bss           0x0000000000037642        0x0 build/cooja/mtype486.a(csma-security.o)
 *fill*         0x0000000000037642        0x2 
 .bss           0x0000000000037644       0x20 build/cooja/mtype486.a(uipbuf.o)
 .bss           0x0000000000037664       0x18 build/cooja/mtype486.a(uip-icmp6.o)
 *fill*         0x000000000003767c        0x4 
 .bss           0x0000000000037680     0x1d80 build/cooja/mtype486.a(uip-sr.o)
 .bss           0x0000000000039400      0xa78 build/cooja/mtype486.a(uip-packetqueue)
 .bss           0x0000000000039e78        0x0 build/cooja/mtype486.a(rpl-nbr-policy.)
 *fill*         0x0000000000039e78        0x8 
 .bss           0x0000000000039e80      0x960 build/cooja/mtype486.a(rpl-neighbor.o)
 .bss           0x000000000003a7e0        0x0 build/cooja/mtype486.a(rpl-dag.o)
 .bss           0x000000000003a7e0       0x40 build/cooja/mtype486.a(rpl-timers.o)
 .bss           0x000000000003a820        0x0 build/cooja/mtype486.a(rpl-ext-header.)
 .bss           0x000000000003a820        0x0 build/cooja/mtype486.a(rpl-mrhof.o)
 .bss           0x000000000003a820        0x0 /usr/lib/i386-linux-gnu/libc_nonshared.a(stack_chk_fail_local.oS)
 .bss           0x000000000003a820        0x0 /usr/lib/gcc/i686-linux-gnu/7/crtendS.o
 .bss           0x000000000003a820        0x0 /usr/lib/gcc/i686-linux-gnu/7/../../../i386-linux-gnu/crtn.o
 *(COMMON)
 COMMON         0x000000000003a820        0x8 build/cooja/mtype486.o
                0x000000000003a820                referenceVar
                0x000000000003a824                sensors_flags
 COMMON         0x000000000003a828        0xc build/cooja/mtype486.a(simEnvChange.o)
                0x000000000003a828                simEtimerPending
                0x000000000003a82c                simProcessRunValue
                0x000000000003a830                simEtimerNextExpirationTime
 *fill*         0x000000000003a834        0x4 
 COMMON         0x000000000003a838       0x18 build/cooja/mtype486.a(rtimer-arch.o)
                0x000000000003a838                simRtimerPending
                0x000000000003a840                simRtimerCurrentTicks
                0x000000000003a848                simRtimerNextExpirationTime
 COMMON         0x000000000003a850        0x1 build/cooja/mtype486.a(beep.o)
                0x000000000003a850                simBeeped
 *fill*         0x000000000003a851        0x3 
 COMMON         0x000000000003a854        0xc build/cooja/mtype486.a(moteid.o)
                0x000000000003a854                simRandomSeed
                0x000000000003a858                simMoteIDChanged
                0x000000000003a85c                simMoteID
 COMMON         0x000000000003a860        0x2 build/cooja/mtype486.a(pir-sensor.o)
                0x000000000003a860                simPirIsActive
                0x000000000003a861                simPirChanged
 *fill*         0x000000000003a862       0x1e 
 COMMON         0x000000000003a880      0x820 build/cooja/mtype486.a(rs232.o)
                0x000000000003a880                simSerialReceivingFlag
                0x000000000003a884                simSerialReceivingLength
                0x000000000003a8a0                simSerialReceivingData
 COMMON         0x000000000003b0a0        0x2 build/cooja/mtype486.a(vib-sensor.o)
                0x000000000003b0a0                simVibChanged
                0x000000000003b0a1                simVibIsActive
 *fill*         0x000000000003b0a2        0x2 
 COMMON         0x000000000003b0a4        0x4 build/cooja/mtype486.a(clock.o)
                0x000000000003b0a4                simCurrentTime
 *fill*         0x000000000003b0a8       0x18 
 COMMON         0x000000000003b0c0     0x2020 build/cooja/mtype486.a(cooja-log.o)
                0x000000000003b0c0                simLoggedLength
                0x000000000003b0c4                simLoggedFlag
                0x000000000003b0e0                simLoggedData
 COMMON         0x000000000003d0e0       0xfd build/cooja/mtype486.a(cooja-radio.o)
                0x000000000003d0e0                simOutDataBuffer
                0x000000000003d160                simInDataBuffer
 *fill*         0x000000000003d1dd        0x3 
 COMMON         0x000000000003d1e0      0x400 build/cooja/mtype486.a(eeprom.o)
                0x000000000003d1e0                simEEPROMData
 COMMON         0x000000000003d5e0        0x1 build/cooja/mtype486.a(sensors.o)
                0x000000000003d5e0                sensors_event
 COMMON         0x000000000003d5e1        0x2 build/cooja/mtype486.a(buttons.o)
                0x000000000003d5e1                simButtonIsDown
                0x000000000003d5e2                simButtonChanged
 COMMON         0x000000000003d5e3        0x3 build/cooja/mtype486.a(button-hal.o)
                0x000000000003d5e3                button_hal_periodic_event
                0x000000000003d5e4                button_hal_press_event
                0x000000000003d5e5                button_hal_release_event
 COMMON         0x000000000003d5e6        0x1 build/cooja/mtype486.a(serial-line.o)
                0x000000000003d5e6                serial_line_event_message
 *fill*         0x000000000003d5e7        0x1 
 COMMON         0x000000000003d5e8       0x2c build/cooja/mtype486.a(packetbuf.o)
                0x000000000003d5e8                packetbuf_attrs
                0x000000000003d604                packetbuf_addrs
 COMMON         0x000000000003d614        0x8 build/cooja/mtype486.a(linkaddr.o)
                0x000000000003d614                linkaddr_node_addr
 *fill*         0x000000000003d61c        0x4 
 COMMON         0x000000000003d620      0x1a5 build/cooja/mtype486.a(uip-ds6.o)
                0x000000000003d620                uip_ds6_prefix_list